ARM Linker, 5.03 [Build 76] [MDK-ARM Professional]

==============================================================================

Section Cross References

    httpclient.o(.text) refers to strcpy.o(.text) for strcpy
    httpclient.o(.text) refers to wm_mem.o(.text) for mem_alloc_debug
    httpclient.o(.text) refers to rt_memclr_w.o(.text) for __aeabi_memclr4
    httpclient.o(.text) refers to rt_memclr.o(.text) for __aeabi_memclr
    httpclient.o(.text) refers to httpclientwrapper.o(.text) for HTTPWrapperGetUpTime
    httpclient.o(.text) refers to tls_sockets.o(.text) for shutdown
    httpclient.o(.text) refers to rt_memcpy.o(.text) for __aeabi_memcpy
    httpclient.o(.text) refers to strlen.o(.text) for strlen
    httpclient.o(.text) refers to strcat.o(.text) for strcat
    httpclient.o(.text) refers to httpclientstring.o(.text) for HTTPStrCaseStr
    httpclient.o(.text) refers to strstr.o(.text) for strstr
    httpclient.o(.text) refers to httpclient.o(.constdata) for .constdata
    httpclient.o(.text) refers to atol.o(.text) for atol
    httpclient.o(.text) refers to strncpy.o(.text) for strncpy
    httpclient.o(.text) refers to memcmp.o(.text) for memcmp
    httpclientstring.o(.text) refers to strlen.o(.text) for strlen
    httpclientstring.o(.text) refers to strstr.o(.text) for strstr
    httpclientstring.o(.text) refers to toupper.o(.text) for toupper
    httpclientstring.o(.text) refers to strchr.o(.text) for strchr
    httpclientstring.o(.text) refers to tolower.o(.text) for tolower
    httpclientstring.o(.text) refers to rt_ctype_table.o(.text) for __rt_ctype_table
    httpclientwrapper.o(.text) refers to aeabi_sdiv.o(.text) for __aeabi_idivmod
    httpclientwrapper.o(.text) refers to aeabi_sdiv.o(.text_udiv) for __aeabi_uidivmod
    httpclientwrapper.o(.text) refers to tls_sockets.o(.text) for shutdown
    httpclientwrapper.o(.text) refers to sockets.o(.text) for get_socket
    httpclientwrapper.o(.text) refers to tasks.o(.text) for xTaskGetTickCountFromISR
    httpclientwrapper.o(.text) refers to rand.o(.text) for srand
    httpclientwrapper.o(.text) refers to rand.o(.emb_text) for rand
    httpclientwrapper.o(.text) refers to dflt_clz.o(x$fpl$dflt) for __aeabi_i2d
    httpclientwrapper.o(.text) refers to scalbn.o(x$fpl$scalbn) for __ARM_scalbn
    httpclientwrapper.o(.text) refers to dfix.o(x$fpl$dfix) for __aeabi_d2iz
    httpclientwrapper.o(.text) refers to strlen.o(.text) for strlen
    httpclientwrapper.o(.text) refers to atol.o(.text) for atol
    httpclientwrapper.o(.text) refers to ip_addr.o(.text) for ipaddr_addr
    wm_httpclient_task.o(.text) refers to _printf_percent.o(.ARM.Collect$$_printf_percent$$00000000) for _printf_percent
    wm_httpclient_task.o(.text) refers to _printf_d.o(.ARM.Collect$$_printf_percent$$00000009) for _printf_d
    wm_httpclient_task.o(.text) refers to _printf_dec.o(.text) for _printf_int_dec
    wm_httpclient_task.o(.text) refers to wm_mem.o(.text) for mem_alloc_debug
    wm_httpclient_task.o(.text) refers to rt_memclr.o(.text) for __aeabi_memclr
    wm_httpclient_task.o(.text) refers to httpclient.o(.text) for HTTPClientSetVerb
    wm_httpclient_task.o(.text) refers to rt_memclr_w.o(.text) for __aeabi_memclr4
    wm_httpclient_task.o(.text) refers to strstr.o(.text) for strstr
    wm_httpclient_task.o(.text) refers to atol.o(.text) for atol
    wm_httpclient_task.o(.text) refers to rt_memcpy.o(.text) for __aeabi_memcpy
    wm_httpclient_task.o(.text) refers to __2printf.o(.text) for __2printf
    wm_httpclient_task.o(.text) refers to sys_arch.o(.text) for sys_arch_mbox_fetch
    wm_httpclient_task.o(.text) refers to rt_memcpy_w.o(.text) for __aeabi_memcpy4
    wm_httpclient_task.o(.text) refers to tasks.o(.text) for xTaskGenericCreate
    wm_httpclient_task.o(.text) refers to strlen.o(.text) for strlen
    wm_httpclient_task.o(.text) refers to wm_httpclient_task.o(.data) for .data
    wm_httpclient_task.o(.text) refers to wm_httpclient_task.o(.bss) for .bss
    wm_cmdp.o(.text) refers to _printf_pad.o(.text) for _printf_pre_padding
    wm_cmdp.o(.text) refers to _printf_percent.o(.ARM.Collect$$_printf_percent$$00000000) for _printf_percent
    wm_cmdp.o(.text) refers to _printf_x.o(.ARM.Collect$$_printf_percent$$0000000C) for _printf_x
    wm_cmdp.o(.text) refers to _printf_hex_int_ll_ptr.o(.text) for _printf_longlong_hex
    wm_cmdp.o(.text) refers to _printf_d.o(.ARM.Collect$$_printf_percent$$00000009) for _printf_d
    wm_cmdp.o(.text) refers to _printf_dec.o(.text) for _printf_int_dec
    wm_cmdp.o(.text) refers to rt_memcpy.o(.text) for __aeabi_memcpy
    wm_cmdp.o(.text) refers to wm_efuse.o(.text) for tls_get_hw_version
    wm_cmdp.o(.text) refers to wm_param.o(.text) for tls_param_get
    wm_cmdp.o(.text) refers to strlen.o(.text) for strlen
    wm_cmdp.o(.text) refers to rt_memcpy_w.o(.text) for __aeabi_memcpy4
    wm_cmdp.o(.text) refers to utils.o(.text) for string_to_ipaddr
[...]
    _printf_fp_dec                           0x0003a944   ARM Code       4  printf1.o(x$fpl$printf1)
    _printf_fp_hex                           0x0003a948   ARM Code       4  printf2.o(x$fpl$printf2)
    __fpl_return_NaN                         0x0003a94c   ARM Code     116  retnan.o(x$fpl$retnan)
    __ARM_scalbn                             0x0003a9c0   ARM Code     104  scalbn.o(x$fpl$scalbn)
    __fpl_cmpreturn                          0x0003aa28   ARM Code      60  trapv.o(x$fpl$trapveneer)
    __I$use$fp                               0x0003aa64   Number         0  usenofp.o(x$fpl$usenofp)
    SysCreatedDate                           0x0003aa7e   Data          12  wm_cmdp_at.o(.constdata)
    SysCreatedTime                           0x0003aa8a   Data           9  wm_cmdp_at.o(.constdata)
    FirmWareVer                              0x0003ab71   Data           4  wm_main.o(.constdata)
    HwVer                                    0x0003ab75   Data           6  wm_main.o(.constdata)
    baud_rates                               0x0003ab90   Data         144  wm_uart.o(.constdata)
    memp_sizes                               0x0003ac70   Data          30  memp.o(.constdata)
    tcp_persist_backoff                      0x0003ac90   Data           7  tcp.o(.constdata)
    tcp_state_str                            0x0003ac98   Data          44  tcp.o(.constdata)
    tcp_backoff                              0x0003acc4   Data          13  tcp.o(.constdata)
    tcp_pcb_lists                            0x0003acd4   Data          16  tcp.o(.constdata)
    ip_addr_any                              0x0003ace4   Data           4  ip_addr.o(.constdata)
    ip_addr_broadcast                        0x0003ace8   Data           4  ip_addr.o(.constdata)
    ethbroadcast                             0x0003acec   Data           6  etharp.o(.constdata)
    ethzero                                  0x0003acf2   Data           6  etharp.o(.constdata)
    central_freq                             0x0003d91c   Data         120  tls_wl_rf65.o(.constdata)
    bbp_value                                0x0003eadc   Data          80  tls_wl_phy.o(.constdata)
    Region$$Table$$Base                      0x0003ff68   Number         0  anon$$obj.o(Region$$Table)
    Region$$Table$$Limit                     0x0003ff98   Number         0  anon$$obj.o(Region$$Table)
    __ctype                                  0x0003ffa5   Data           0  lc_ctype_c.o(locale$$data)
    gfwupdatemode                            0x000400c8   Data           1  wm_cmdp.o(.data)
    net_up                                   0x000400c9   Data           1  wm_cmdp.o(.data)
    RSTTIMER                                 0x000400cc   Data           4  wm_cmdp.o(.data)
    set_uart0_mode_callback                  0x000400d0   Data           4  wm_cmdp.o(.data)
    get_uart1_port_callback                  0x000400d4   Data           4  wm_cmdp.o(.data)
    set_uart1_mode_callback                  0x000400d8   Data           4  wm_cmdp.o(.data)
    set_uart1_sock_param_callback            0x000400dc   Data           4  wm_cmdp.o(.data)
    gulCalFlag                               0x000400e0   Data           1  wm_cmdp_at.o(.data)
    default_socket                           0x00040534   Data           1  wm_cmdp_hostif.o(.data)
    WmOneshotMsg                             0x00040550   Data           4  wm_cmdp_oneshot_task.o(.data)
    WmOneshotQueue                           0x00040554   Data           4  wm_cmdp_oneshot_task.o(.data)
    WmOneShotTaskStk                         0x00040558   Data           4  wm_cmdp_oneshot_task.o(.data)
    guchandshakeflag                         0x00040560   Data           1  wm_wifi_oneshot.o(.data)
    uctotalchannum                           0x00040561   Data           1  wm_wifi_oneshot.o(.data)
    usIsDataIn                               0x0004056c   Data           2  wm_wifi_oneshot.o(.data)
    airwifichan                              0x00040590   Data          13  wm_wifi_oneshot.o(.data)
    App_R_Q                                  0x000405a0   Data           4  main.o(.data)
    net_up_status                            0x000405a4   Data           1  wm_main.o(.data)
    libc_sem                                 0x000405a8   Data           4  wm_main.o(.data)
    pxCurrentTCB                             0x000405d4   Data           4  tasks.o(.data)
    ulCriticalNesting                        0x00040628   Data           4  port.o(.data)
    channels                                 0x00040634   Data           8  wm_dma.o(.data)
    intr_counter                             0x00040690   Data           1  wm_irq.o(.data)
    pwm_num                                  0x00040691   Data           1  wm_pwm.o(.data)
    pwm_on                                   0x00040692   Data           1  wm_pwm.o(.data)
    pwm_io                                   0x00040693   Data           4  wm_pwm.o(.data)
    current_src_ip                           0x00040698   Data           4  tls_netconn.o(.data)
    h_errno                                  0x000406b0   Data           4  netdb.o(.data)
    netif_list                               0x000406e0   Data           4  netif.o(.data)
    netif_default                            0x000406e4   Data           4  netif.o(.data)
    tcp_active_pcbs_changed                  0x000406ec   Data           1  tcp.o(.data)
    sndbuf_len                               0x000406f4   Data           4  tcp.o(.data)
    tcp_ticks                                0x000406fc   Data           4  tcp.o(.data)
    tcp_bound_pcbs                           0x00040700   Data           4  tcp.o(.data)
    tcp_listen_pcbs                          0x00040704   Data           4  tcp.o(.data)
    tcp_active_pcbs                          0x00040708   Data           4  tcp.o(.data)
    tcp_tw_pcbs                              0x0004070c   Data           4  tcp.o(.data)
    tcp_tmp_pcb                              0x00040710   Data           4  tcp.o(.data)
    tcp_input_pcb                            0x0004072c   Data           4  tcp_in.o(.data)
    udp_pcbs                                 0x00040738   Data           4  udp.o(.data)
    current_netif                            0x00040740   Data           4  ip.o(.data)
    current_header                           0x00040744   Data           4  ip.o(.data)
    current_iphdr_src                        0x00040748   Data           4  ip.o(.data)
    current_iphdr_dest                       0x0004074c   Data           4  ip.o(.data)
    ethif                                    0x0004075c   Data           4  ethernet.o(.data)
    nif                                      0x00040760   Data           4  ethernet.o(.data)
    lwip_task_priopity_stack                 0x00040764   Data           2  sys_arch.o(.data)
    __stdout                                 0x00040768   Data           4  retarget.o(.data)
    msg_queue                                0x0004076c   Data           4  tls_sys.o(.data)
    KeyScanTimer                             0x0004078c   Data           4  user_main.o(.data)
    g_u8ClientSendLen                        0x00040790   Data           1  zc_hf_adpter.o(.data)
    g_u16TcpMss                              0x00040794   Data           2  zc_hf_adpter.o(.data)
    g_struTimermutex                         0x00040798   Data           4  zc_hf_adpter.o(.data)
    g_u32BcSleepCount                        0x0004079c   Data           4  zc_hf_adpter.o(.data)
    g_u32session_id                          0x000407a0   Data           4  zc_hf_adpter.o(.data)
    g_Bcfd                                   0x000407a4   Data           4  zc_bc.o(.data)
    g_pu8RemoteAddr                          0x000407a8   Data           4  zc_bc.o(.data)
    g_u32GloablIp                            0x000407b0   Data           4  zc_bc.o(.data)
    g_u8DefaultCloudKey                      0x000407b4   Data          36  zc_configuration.o(.data)
    g_u8DefaultTokenKey                      0x000407d8   Data          16  zc_configuration.o(.data)
    crc_ta_8                                 0x000407e8   Data        1024  crc.o(.data)
    crc_ta_4                                 0x00040be8   Data          64  crc.o(.data)
    g_CurType                                0x00040c28   Data           1  ac_hal.o(.data)
    g_u8RecvDataLen                          0x00040c29   Data           1  ac_hal.o(.data)
    g_u8CurPktLen                            0x00040c2a   Data           1  ac_hal.o(.data)
    g_u32CloudStatus                         0x00040c2c   Data           4  ac_hal.o(.data)
    g_u32WifiPowerStatus                     0x00040c30   Data           4  ac_hal.o(.data)
    wpa_s                                    0x00040c34   Data           4  wpa_supplicant.o(.data)
    supplicant_event_ops                     0x00040c40   Data          60  wpa_supplicant.o(.data)
    wif                                      0x00040c7c   Data           4  tls_wl_core.o(.data)
    sleepmode                                0x00040c80   Data           1  tls_wl_if.o(.data)
    hed_rf65_txgainmap                       0x00040c81   Data          32  tls_wl_rf65.o(.data)
    minus_Ileakage                           0x00040ca4   Data           1  tls_wl_rf65.o(.data)
    sample_num                               0x00040ca8   Data           4  tls_wl_rf65.o(.data)
    tx_rx                                    0x00040cac   Data           4  tls_wl_rf65.o(.data)
    LO_compensate_use                        0x00040cb0   Data           4  tls_wl_rf65.o(.data)
    leakage_times                            0x00040cb4   Data           4  tls_wl_rf65.o(.data)
    hed_rf65_current_channel                 0x00040cb8   Data           4  tls_wl_rf65.o(.data)
    FFT_Data                                 0x00040cbc   Data           4  tls_wl_rf65.o(.data)
    tempRev                                  0x00040cc0   Data           4  tls_wl_rf65.o(.data)
    rf65_set_chan_common_data_20m            0x00040cc4   Data          96  tls_wl_rf65.o(.data)
    rf65_set_chan_common_data_40m            0x00040d24   Data          96  tls_wl_rf65.o(.data)
    rf65_chan24g_20m                         0x00040d84   Data         180  tls_wl_rf65.o(.data)
    rf65_chan24g_40m                         0x00040e38   Data         180  tls_wl_rf65.o(.data)
    _set_chan_common_data_20mrf              0x00040eec   Data         100  tls_wl_rf65.o(.data)
    cos132                                   0x00040f50   Data         128  tls_wl_rf65.o(.data)
    sin132                                   0x00040fd0   Data         128  tls_wl_rf65.o(.data)
    rfc1042_header                           0x0004105e   Data           6  tls_wl_tx.o(.data)
    bridge_tunnel_header                     0x00041064   Data           6  tls_wl_tx.o(.data)
    g_wifi_data_recv_callback                0x0004106c   Data           4  wm_wifi_api.o(.data)
    g_ltpt_testmode                          0x0004108c   Data           4  litepoint.o(.data)
    updp_mode                                0x00041098   Data           1  wm_param.o(.data)
    f_bss                                    0x000410a0   Data           4  tls_wl_bss.o(.data)
    wl_region                                0x000410a4   Data          24  tls_wl_hw.o(.data)
    band_2GHz                                0x000410bc   Data          44  tls_wl_hw.o(.data)
    socket_cfg                               0x00041830   Data          48  wm_cmdp.o(.bss)
    g_hostif_tx_msg                          0x00041860   Data        1600  wm_cmdp_hostif.o(.bss)
    g_hostif_tx_event_msg                    0x00041ea0   Data         400  wm_cmdp_hostif.o(.bss)
    g_hostif                                 0x00042030   Data          64  wm_cmdp_hostif.o(.bss)
    sockrecvmit                              0x00042070   Data          80  wm_cmdp_hostif.o(.bss)
    skt_desc_def                             0x000420c0   Data          76  wm_cmdp_hostif.o(.bss)
    skt_desc                                 0x0004210c   Data          76  wm_cmdp_hostif.o(.bss)
    uart_st                                  0x00042158   Data         128  wm_uart_task.o(.bss)
    uart_net_send_data                       0x000421d8   Data         512  wm_uart_task.o(.bss)
    ricmd_buffer                             0x000423d8   Data         208  wm_uart_task.o(.bss)
    App_R_Queue                              0x00042610   Data          12  main.o(.bss)
    AppTaskStk                               0x0004261c   Data        4096  main.o(.bss)
    TaskStartStk                             0x0004361c   Data        1200  wm_main.o(.bss)
    uart_port                                0x0004729c   Data         288  wm_uart.o(.bss)
    intr_handler_vect                        0x000473bc   Data         512  wm_irq.o(.bss)
    pwm_info                                 0x000475bc   Data          96  wm_pwm.o(.bss)
    p_net_conn                               0x0004761c   Data          80  tls_netconn.o(.bss)
    dhcp_rx_options_val                      0x00047740   Data          40  dhcp.o(.bss)
    dhcp_rx_options_given                    0x00047768   Data          10  dhcp.o(.bss)
    lwip_stats                               0x00047dd8   Data         186  stats.o(.bss)
    netif_status_event                       0x00047f90   Data          12  ethernet.o(.bss)
    lwip_task_stk                            0x00047f9c   Data        4096  sys_arch.o(.bss)
    sys_task_stk                             0x0004911c   Data        1024  tls_sys.o(.bss)
    g_struHfAdapter                          0x0004b258   Data          68  zc_hf_adpter.o(.bss)
    g_u8recvbuffer                           0x0004b29c   Data         600  zc_hf_adpter.o(.bss)
    g_struUartBuffer                         0x0004b4f4   Data        1008  zc_hf_adpter.o(.bss)
    g_struHfTimer                            0x0004b8e4   Data          80  zc_hf_adpter.o(.bss)
    g_u8BcSendBuffer                         0x0004b934   Data          60  zc_hf_adpter.o(.bss)
    struRemoteAddr                           0x0004b970   Data          16  zc_hf_adpter.o(.bss)
    TaskHFCloudfuncStk                       0x0004b980   Data        1600  zc_hf_adpter.o(.bss)
    g_struRecvBuffer                         0x0004bfc0   Data         608  zc_hf_adpter.o(.bss)
    g_struClientBuffer                       0x0004c220   Data         608  zc_hf_adpter.o(.bss)
    g_struRecvQueue                          0x0004c480   Data          40  zc_hf_adpter.o(.bss)
    g_struSendBuffer                         0x0004c4a8   Data        1824  zc_hf_adpter.o(.bss)
    g_struSendQueue                          0x0004cbc8   Data          40  zc_hf_adpter.o(.bss)
    g_u8MsgBuildBuffer                       0x0004cbf0   Data         600  zc_hf_adpter.o(.bss)
    g_struClientInfo                         0x0004ce48   Data          40  zc_client_manager.o(.bss)
    g_struZcConfigDb                         0x0004ce70   Data         308  zc_configuration.o(.bss)
    g_struRegisterInfo                       0x0004cfa4   Data         140  zc_configuration.o(.bss)
    g_struProtocolController                 0x0004d030   Data         136  zc_protocol_controller.o(.bss)
    g_struTimer                              0x0004d0b8   Data          80  zc_timer.o(.bss)
    X                                        0x0004d108   Data          88  bignum.o(.bss)
    Y                                        0x0004d160   Data          88  bignum.o(.bss)
    Z                                        0x0004d1b8   Data          88  bignum.o(.bss)
    O_T1                                     0x0004d210   Data          88  bignum.o(.bss)
    O_T2                                     0x0004d268   Data          88  bignum.o(.bss)
    O_RR                                     0x0004d2c0   Data          88  bignum.o(.bss)
    O_T                                      0x0004d318   Data          88  bignum.o(.bss)
    O_W                                      0x0004d370   Data        5632  bignum.o(.bss)
    T                                        0x0004e970   Data          88  rsa.o(.bss)
    T1                                       0x0004e9c8   Data          88  rsa.o(.bss)
    T2                                       0x0004ea20   Data          88  rsa.o(.bss)
    buf                                      0x0004ea78   Data          64  rsa.o(.bss)
    g_u8DevMsgBuildBuffer                    0x0004eab8   Data         512  ac_hal.o(.bss)
    supplicant_task_stk                      0x0004edc4   Data        8192  wpa_supplicant.o(.bss)
    supplicant_timer_task_stk                0x00050dc4   Data         512  wpa_supplicant.o(.bss)
    tx_gain_group                            0x00050fc4   Data          29  tls_wl_core.o(.bss)
    scan_task_stk                            0x00050fe4   Data         800  tls_wl_core.o(.bss)
    mlme_task_stk                            0x00051304   Data        1200  tls_wl_core.o(.bss)
    txmgmt_cmpt_task_stk                     0x000517b4   Data         512  tls_wl_core.o(.bss)
    rx_task_stk                              0x000519b4   Data        1600  tls_wl_core.o(.bss)
    bss_mgmt_task_stk                        0x00051ff4   Data         512  tls_wl_core.o(.bss)
    rf65_cw_data                             0x000521f8   Data          96  tls_wl_rf65.o(.bss)
    avrg_atti_tx                             0x00052258   Data          16  tls_wl_rf65.o(.bss)
    init_param_tmp                           0x00052268   Data          20  tls_wl_rf65.o(.bss)
    g_wl_txbuf                               0x0005227c   Data         756  tls_wl_tx.o(.bss)
    g_wl_mgmt_txbuf                          0x00052570   Data         864  tls_wl_tx.o(.bss)
    g_ltpt_rxinfo                            0x000530ac   Data          20  litepoint.o(.bss)
    g_ltpt_txinfo                            0x000530c0   Data          28  litepoint.o(.bss)
    user_default_param                       0x000535b0   Data         608  wm_param.o(.bss)
    g_wl_rxbuf                               0x00053810   Data         504  tls_wl_rx.o(.bss)
    _random_number_data                      0x00053ac0   Data         228  rand.o(.bss)



==============================================================================

Memory Map of the image

  Image Entry point : 0x00000400

  Load Region LR_ROM1 (Base: 0x00000400, Size: 0x00041030, Max: 0x00067000, ABSOLUTE, COMPRESSED[0x00040614])

    Execution Region ER_ROM1 (Base: 0x00000400, Size: 0x0003fcc4, Max: 0x00067000, ABSOLUTE)

    Base Addr    Size         Type   Attr      Idx    E Section Name        Object

    0x00000400   0x000000ec   Code   RO          169  * RESET               start.o
    0x000004ec   0x00000008   Code   RO          460  * !!!main             c_5.l(__main.o)
    0x000004f4   0x0000003c   Code   RO          702    !!!scatter          c_5.l(__scatter.o)
    0x00000530   0x0000005c   Code   RO          701    !!dczerorl2         c_5.l(__dczerorl2.o)
    0x0000058c   0x00000028   Code   RO          703    !!handler_copy      c_5.l(__scatter_copy.o)
    0x000005b4   0x0000002c   Code   RO          704    !!handler_zi        c_5.l(__scatter_zi.o)
    0x000005e0   0x00000000   Code   RO          425    .ARM.Collect$$_printf_percent$$00000000  c_5.l(_printf_percent.o)
    0x000005e0   0x00000008   Code   RO          506    .ARM.Collect$$_printf_percent$$00000001  c_5.l(_printf_n.o)
    0x000005e8   0x00000008   Code   RO          507    .ARM.Collect$$_printf_percent$$00000002  c_5.l(_printf_p.o)
    0x000005f0   0x00000008   Code   RO          510    .ARM.Collect$$_printf_percent$$00000003  c_5.l(_printf_f.o)
    0x000005f8   0x00000008   Code   RO          511    .ARM.Collect$$_printf_percent$$00000004  c_5.l(_printf_e.o)
    0x00000600   0x00000008   Code   RO          512    .ARM.Collect$$_printf_percent$$00000005  c_5.l(_printf_g.o)
    0x00000608   0x00000008   Code   RO          513    .ARM.Collect$$_printf_percent$$00000006  c_5.l(_printf_a.o)
    0x00000610   0x0000000c   Code   RO          518    .ARM.Collect$$_printf_percent$$00000007  c_5.l(_printf_ll.o)
    0x0000061c   0x00000008   Code   RO          509    .ARM.Collect$$_printf_percent$$00000008  c_5.l(_printf_i.o)
    0x00000624   0x00000008   Code   RO          423    .ARM.Collect$$_printf_percent$$00000009  c_5.l(_printf_d.o)
    0x0000062c   0x00000008   Code   RO          424    .ARM.Collect$$_printf_percent$$0000000A  c_5.l(_printf_u.o)
    0x00000634   0x00000008   Code   RO          508    .ARM.Collect$$_printf_percent$$0000000B  c_5.l(_printf_o.o)
    0x0000063c   0x00000008   Code   RO          422    .ARM.Collect$$_printf_percent$$0000000C  c_5.l(_printf_x.o)
    0x00000644   0x00000008   Code   RO          515    .ARM.Collect$$_printf_percent$$0000000D  c_5.l(_printf_lli.o)
    0x0000064c   0x00000008   Code   RO          516    .ARM.Collect$$_printf_percent$$0000000E  c_5.l(_printf_lld.o)
    0x00000654   0x00000008   Code   RO          517    .ARM.Collect$$_printf_percent$$0000000F  c_5.l(_printf_llu.o)
    0x0000065c   0x00000008   Code   RO          522    .ARM.Collect$$_printf_percent$$00000010  c_5.l(_printf_llo.o)
    0x00000664   0x00000008   Code   RO          523    .ARM.Collect$$_printf_percent$$00000011  c_5.l(_printf_llx.o)
    0x0000066c   0x0000000c   Code   RO          519    .ARM.Collect$$_printf_percent$$00000012  c_5.l(_printf_l.o)
    0x00000678   0x00000008   Code   RO          420    .ARM.Collect$$_printf_percent$$00000013  c_5.l(_printf_c.o)
    0x00000680   0x00000008   Code   RO          421    .ARM.Collect$$_printf_percent$$00000014  c_5.l(_printf_s.o)
    0x00000688   0x00000008   Code   RO          520    .ARM.Collect$$_printf_percent$$00000015  c_5.l(_printf_lc.o)
    0x00000690   0x00000008   Code   RO          521    .ARM.Collect$$_printf_percent$$00000016  c_5.l(_printf_ls.o)
    0x00000698   0x00000008   Code   RO          514    .ARM.Collect$$_printf_percent$$00000017  c_5.l(_printf_percent_end.o)
    0x000006a0   0x00000002   Code   RO          656    .ARM.Collect$$libinit$$00000000  c_5.l(libinit.o)
    0x000006a2   0x00000000   Code   RO          534    .ARM.Collect$$libinit$$00000002  c_5.l(libinit2.o)
    0x000006a2   0x00000008   Code   RO          535    .ARM.Collect$$libinit$$00000003  c_5.l(libinit2.o)
    0x000006aa   0x00000000   Code   RO          537    .ARM.Collect$$libinit$$00000008  c_5.l(libinit2.o)
    0x000006aa   0x00000000   Code   RO          539    .ARM.Collect$$libinit$$0000000A  c_5.l(libinit2.o)
    0x000006aa   0x00000004   Code   RO          540    .ARM.Collect$$libinit$$0000000B  c_5.l(libinit2.o)
    0x000006ae   0x00000000   Code   RO          541    .ARM.Collect$$libinit$$0000000C  c_5.l(libinit2.o)
    0x000006ae   0x00000006   Code   RO          542    .ARM.Collect$$libinit$$0000000D  c_5.l(libinit2.o)
    0x000006b4   0x00000000   Code   RO          544    .ARM.Collect$$libinit$$0000000F  c_5.l(libinit2.o)
    0x000006b4   0x0000000c   Code   RO          545    .ARM.Collect$$libinit$$00000010  c_5.l(libinit2.o)
    0x000006c0   0x00000000   Code   RO          546    .ARM.Collect$$libinit$$00000011  c_5.l(libinit2.o)
    0x000006c0   0x00000000   Code   RO          548    .ARM.Collect$$libinit$$00000013  c_5.l(libinit2.o)
    0x000006c0   0x0000000a   Code   RO          549    .ARM.Collect$$libinit$$00000014  c_5.l(libinit2.o)
    0x000006ca   0x00000000   Code   RO          550    .ARM.Collect$$libinit$$00000015  c_5.l(libinit2.o)
    0x000006ca   0x00000000   Code   RO          552    .ARM.Collect$$libinit$$00000017  c_5.l(libinit2.o)
    0x000006ca   0x00000000   Code   RO          554    .ARM.Collect$$libinit$$00000019  c_5.l(libinit2.o)
    0x000006ca   0x00000000   Code   RO          556    .ARM.Collect$$libinit$$0000001B  c_5.l(libinit2.o)
    0x000006ca   0x00000000   Code   RO          558    .ARM.Collect$$libinit$$0000001D  c_5.l(libinit2.o)
    0x000006ca   0x00000000   Code   RO          560    .ARM.Collect$$libinit$$0000001F  c_5.l(libinit2.o)
    0x000006ca   0x00000000   Code   RO          562    .ARM.Collect$$libinit$$00000021  c_5.l(libinit2.o)
    0x000006ca   0x00000000   Code   RO          564    .ARM.Collect$$libinit$$00000023  c_5.l(libinit2.o)
    0x000006ca   0x00000000   Code   RO          568    .ARM.Collect$$libinit$$0000002A  c_5.l(libinit2.o)
    0x000006ca   0x00000000   Code   RO          570    .ARM.Collect$$libinit$$0000002C  c_5.l(libinit2.o)
    0x000006ca   0x00000000   Code   RO          572    .ARM.Collect$$libinit$$0000002E  c_5.l(libinit2.o)
    0x000006ca   0x00000000   Code   RO          574    .ARM.Collect$$libinit$$00000030  c_5.l(libinit2.o)
    0x000006ca   0x00000002   Code   RO          575    .ARM.Collect$$libinit$$00000031  c_5.l(libinit2.o)
    0x000006cc   0x00000002   Code   RO          698    .ARM.Collect$$libshutdown$$00000000  c_5.l(libshutdown.o)
    0x000006ce   0x00000000   Code   RO          669    .ARM.Collect$$libshutdown$$00000003  c_5.l(libshutdown2.o)
    0x000006ce   0x00000000   Code   RO          672    .ARM.Collect$$libshutdown$$00000006  c_5.l(libshutdown2.o)
    0x000006ce   0x00000000   Code   RO          675    .ARM.Collect$$libshutdown$$00000009  c_5.l(libshutdown2.o)
    0x000006ce   0x00000000   Code   RO          677    .ARM.Collect$$libshutdown$$0000000B  c_5.l(libshutdown2.o)
    0x000006ce   0x00000000   Code   RO          680    .ARM.Collect$$libshutdown$$0000000E  c_5.l(libshutdown2.o)
    0x000006ce   0x00000002   Code   RO          681    .ARM.Collect$$libshutdown$$0000000F  c_5.l(libshutdown2.o)
    0x000006d0   0x00000000   Code   RO          467    .ARM.Collect$$rtentry$$00000000  c_5.l(rtentry.o)
    0x000006d0   0x00000000   Code   RO          587    .ARM.Collect$$rtentry$$00000002  c_5.l(rtentry2.o)
    0x000006d0   0x00000008   Code   RO          599    .ARM.Collect$$rtentry$$00000004  c_5.l(rtentry4.o)
    0x000006d8   0x00000000   Code   RO          589    .ARM.Collect$$rtentry$$00000009  c_5.l(rtentry2.o)
    0x000006d8   0x00000004   Code   RO          590    .ARM.Collect$$rtentry$$0000000A  c_5.l(rtentry2.o)
    0x000006dc   0x00000000   Code   RO          592    .ARM.Collect$$rtentry$$0000000C  c_5.l(rtentry2.o)
    0x000006dc   0x00000028   Code   RO          593    .ARM.Collect$$rtentry$$0000000D  c_5.l(rtentry2.o)
    0x00000704   0x00000004   Code   RO          660    .ARM.Collect$$rtexit$$00000000  c_5.l(rtexit.o)
    0x00000708   0x00000000   Code   RO          683    .ARM.Collect$$rtexit$$00000002  c_5.l(rtexit2.o)
    0x00000708   0x00000004   Code   RO          684    .ARM.Collect$$rtexit$$00000003  c_5.l(rtexit2.o)
    0x0000070c   0x00000008   Code   RO          685    .ARM.Collect$$rtexit$$00000004  c_5.l(rtexit2.o)
    0x00000714   0x00000038   Code   RO          431    .emb_text           c_5.l(rand.o)
    0x0000074c   0x00000000   Code   RO          605    .emb_text           c_5.l(maybetermalloc1.o)
    0x0000074c   0x00001254   Code   RO            1    .text               httpclient.o
    0x000019a0   0x00000250   Code   RO            3    .text               httpclientstring.o
    0x00001bf0   0x000001d0   Code   RO            4    .text               httpclientwrapper.o
    0x00001dc0   0x00000314   Code   RO            5    .text               wm_httpclient_task.o
    0x000020d4   0x00000dec   Code   RO            8    .text               wm_cmdp.o
    0x00002ec0   0x000034d8   Code   RO           11    .text               wm_cmdp_at.o
    0x00006398   0x00001084   Code   RO           17    .text               wm_cmdp_hostif.o
    0x0000741c   0x00000074   Code   RO           20    .text               wm_cmdp_ri.o
    0x00007490   0x00000fc4   Code   RO           22    .text               wm_uart_task.o
    0x00008454   0x000000a4   Code   RO           26    .text               wm_uart_timer.o
    0x000084f8   0x00000198   Code   RO           27    .text               wm_cmdp_oneshot_task.o
    0x00008690   0x00000d78   Code   RO           29    .text               wm_wifi_oneshot.o
    0x00009408   0x00000174   Code   RO           32    .text               main.o
    0x0000957c   0x00000134   Code   RO           35    .text               wm_main.o
    0x000096b0   0x0000004c   Code   RO           42    .text               clock.o
    0x000096fc   0x000000f0   Code   RO           46    .text               heap_2.o
    0x000097ec   0x0000008c   Code   RO           49    .text               list.o
    0x00009878   0x0000047e   Code   RO           50    .text               queue.o
    0x00009cf6   0x00000002   PAD
    0x00009cf8   0x00000348   Code   RO           51    .text               rtostimers.o
    0x0000a040   0x0000099c   Code   RO           54    .text               tasks.o
    0x0000a9dc   0x0000011c   Code   RO           58    .text               port.o
    0x0000aaf8   0x00000f54   Code   RO           62    .text               wm_hostspi.o
    0x0000ba4c   0x00000048   Code   RO           65    .text               wm_timer.o
    0x0000ba94   0x00000878   Code   RO           66    .text               wm_uart.o
    0x0000c30c   0x00000128   Code   RO           73    .text               wm_dma.o
    0x0000c434   0x00000070   Code   RO           75    .text               wm_efuse.o
    0x0000c4a4   0x000005ec   Code   RO           76    .text               wm_fls.o
    0x0000ca90   0x0000024c   Code   RO           78    .text               wm_fls_gd25qxx.o
    0x0000ccdc   0x00000248   Code   RO           80    .text               wm_gpio.o
    0x0000cf24   0x00000090   Code   RO           81    .text               wm_cpu.o
    0x0000cfb4   0x00000264   Code   RO           82    .text               wm_irq.o
    0x0000d218   0x000001e4   Code   RO           88    .text               wm_pwm.o
    0x0000d3fc   0x000000ac   Code   RO           92    .text               tls_sockets.o
    0x0000d4a8   0x00000c3c   Code   RO           93    .text               tls_netconn.o
    0x0000e0e4   0x000002d0   Code   RO           97    .text               tcpip.o
    0x0000e3b4   0x0000045c   Code   RO           99    .text               api_lib.o
    0x0000e810   0x00000c40   Code   RO          100    .text               api_msg.o
    0x0000f450   0x0000010c   Code   RO          101    .text               netbuf.o
    0x0000f55c   0x000001cc   Code   RO          102    .text               netdb.o
    0x0000f728   0x000000cc   Code   RO          105    .text               netifapi.o
    0x0000f7f4   0x00000fc0   Code   RO          106    .text               sockets.o
    0x000107b4   0x00000028   Code   RO          110    .text               def.o
    0x000107dc   0x00000d30   Code   RO          111    .text               dhcp.o
    0x0001150c   0x000004f8   Code   RO          114    .text               dns.o
    0x00011a04   0x00000024   Code   RO          117    .text               init.o
    0x00011a28   0x00000218   Code   RO          119    .text               netif.o
    0x00011c40   0x000004fc   Code   RO          121    .text               pbuf.o
    0x0001213c   0x00000188   Code   RO          122    .text               raw.o
    0x000122c4   0x00000002   Code   RO          124    .text               stats.o
    0x000122c6   0x00000002   PAD
    0x000122c8   0x00000b2c   Code   RO          127    .text               tcp.o
    0x00012df4   0x00000e10   Code   RO          131    .text               tcp_in.o
    0x00013c04   0x00000c8c   Code   RO          134    .text               tcp_out.o
    0x00014890   0x00000234   Code   RO          135    .text               timers.o
    0x00014ac4   0x00000474   Code   RO          138    .text               udp.o
    0x00014f38   0x0000021c   Code   RO          140    .text               icmp.o
    0x00015154   0x000001f8   Code   RO          141    .text               inet_chksum.o
    0x0001534c   0x00000398   Code   RO          142    .text               ip.o
    0x000156e4   0x000001f0   Code   RO          144    .text               ip_addr.o
    0x000158d4   0x0000068c   Code   RO          148    .text               ip_frag.o
    0x00015f60   0x00000760   Code   RO          150    .text               etharp.o
    0x000166c0   0x00000100   Code   RO          154    .text               ethernetif.o
    0x000167c0   0x00000280   Code   RO          155    .text               ethernet.o
    0x00016a40   0x00000384   Code   RO          158    .text               sys_arch.o
    0x00016dc4   0x00000008   Ven    RO          162    .text               retarget.o
    0x00016dcc   0x00000048   Code   RO          162    .text               retarget.o
    0x00016e14   0x00000024   Code   RO          170    .text               start.o
    0x00016e38   0x0000037c   Code   RO          171    .text               tls_sys.o
    0x000171b4   0x00000048   Code   RO          174    .text               wm_mem.o
    0x000171fc   0x000007f0   Code   RO          175    .text               utils.o
    0x000179ec   0x0000085c   Code   RO          178    .text               wm_fwup.o
    0x00018248   0x000004d8   Code   RO          183    .text               user_main.o
    0x00018720   0x00000a78   Code   RO          187    .text               zc_hf_adpter.o
    0x00019198   0x00000104   Code   RO          199    .text               zc_bc.o
    0x0001929c   0x000002c4   Code   RO          201    .text               zc_client_manager.o
    0x00019560   0x000001bc   Code   RO          203    .text               zc_cloud_event.o
    0x0001971c   0x000001b0   Code   RO          204    .text               zc_common.o
    0x000198cc   0x00000344   Code   RO          205    .text               zc_configuration.o
    0x00019c10   0x00000260   Code   RO          208    .text               zc_message_queue.o
    0x00019e70   0x0000046c   Code   RO          209    .text               zc_moudle_manager.o
    0x0001a2dc   0x00000dc4   Code   RO          210    .text               zc_protocol_controller.o
    0x0001b0a0   0x0000044c   Code   RO          212    .text               zc_sec_engine.o
    0x0001b4ec   0x00000110   Code   RO          214    .text               zc_timer.o
    0x0001b5fc   0x00002234   Code   RO          216    .text               bignum.o
    0x0001d830   0x000001e8   Code   RO          219    .text               aes_cbc.o
    0x0001da18   0x00000af0   Code   RO          220    .text               aes_core.o
    0x0001e508   0x0000032c   Code   RO          222    .text               rsa.o
    0x0001e834   0x000000a8   Code   RO          224    .text               crc.o
    0x0001e8dc   0x000002ec   Code   RO          226    .text               ac_api.o
    0x0001ebc8   0x000002a0   Code   RO          227    .text               ac_hal.o
    0x0001ee68   0x000008f2   Code   RO          234    .text               dhcp_server.o
    0x0001f75a   0x00000002   PAD
    0x0001f75c   0x00000350   Code   RO          236    .text               dns_server.o
    0x0001faac   0x00001b18   Code   RO          238    .text               wifi.lib(wpa_supplicant.o)
    0x000215c4   0x0000084c   Code   RO          242    .text               wifi.lib(tls_wl_core.o)
    0x00021e10   0x00000a4c   Code   RO          247    .text               wifi.lib(tls_wl_if.o)
    0x0002285c   0x0000109c   Code   RO          249    .text               wifi.lib(tls_wl_rf65.o)
    0x000238f8   0x00001042   Code   RO          264    .text               wifi.lib(tls_wl_tx.o)
    0x0002493a   0x00000002   PAD
    0x0002493c   0x0000048c   Code   RO          267    .text               wifi.lib(tls_wl_util.o)
    0x00024dc8   0x00000954   Code   RO          269    .text               wifi.lib(wm_wifi_api.o)
    0x0002571c   0x00000878   Code   RO          271    .text               wifi.lib(wm_wifi_oneshot_api.o)
    0x00025f94   0x000002bc   Code   RO          274    .text               wifi.lib(litepoint.o)
    0x00026250   0x00000c50   Code   RO          279    .text               wifi.lib(wm_param.o)
    0x00026ea0   0x0000081e   Code   RO          283    .text               wifi.lib(ap.o)
    0x000276be   0x00000284   Code   RO          285    .text               wifi.lib(bss.o)
    0x00027942   0x00000002   PAD
    0x00027944   0x00000d58   Code   RO          286    .text               wifi.lib(events.o)
    0x0002869c   0x000000a8   Code   RO          287    .text               wifi.lib(ieee802_1x.o)
    0x00028744   0x00000aac   Code   RO          288    .text               wifi.lib(ieee802_11.o)
    0x000291f0   0x000002d2   Code   RO          289    .text               wifi.lib(scan.o)
    0x000294c2   0x000000e0   Code   RO          290    .text               wifi.lib(sha1-pbkdf2.o)
    0x000295a2   0x00000002   PAD
    0x000295a4   0x00000564   Code   RO          291    .text               wifi.lib(hostapd_sta_info.o)
    0x00029b08   0x000000e4   Code   RO          292    .text               wifi.lib(tkip_countermeasures.o)
    0x00029bec   0x00001090   Code   RO          293    .text               wifi.lib(wpa.o)
    0x0002ac7c   0x00000450   Code   RO          295    .text               wifi.lib(wpa_driver.o)
    0x0002b0cc   0x00000394   Code   RO          296    .text               wifi.lib(wpa_ie.o)
    0x0002b460   0x00000140   Code   RO          297    .text               wifi.lib(wpabuf.o)
    0x0002b5a0   0x00000144   Code   RO          298    .text               wifi.lib(wpas_glue.o)
    0x0002b6e4   0x00000880   Code   RO          299    .text               wifi.lib(tls_wl_bss.o)
    0x0002bf64   0x00000c08   Code   RO          301    .text               wifi.lib(tls_wl_hw.o)
    0x0002cb6c   0x000003a8   Code   RO          305    .text               wifi.lib(tls_wl_key.o)
    0x0002cf14   0x00000bf0   Code   RO          306    .text               wifi.lib(tls_wl_mgmt.o)
    0x0002db04   0x000019a8   Code   RO          307    .text               wifi.lib(tls_wl_mlme.o)
    0x0002f4ac   0x0000002c   Code   RO          308    .text               wifi.lib(tls_wl_phy.o)
    0x0002f4d8   0x00000954   Code   RO          310    .text               wifi.lib(tls_wl_rc.o)
    0x0002fe2c   0x000012b8   Code   RO          312    .text               wifi.lib(tls_wl_rx.o)
    0x000310e4   0x00000370   Code   RO          316    .text               wifi.lib(tls_wl_scan.o)
    0x00031454   0x0000039c   Code   RO          317    .text               wifi.lib(tls_wl_sta_info.o)
    0x000317f0   0x000000ac   Code   RO          318    .text               wifi.lib(aes_unwrap.o)
    0x0003189c   0x00000038   Code   RO          319    .text               wifi.lib(ap_mlme.o)
    0x000318d4   0x000004f2   Code   RO          320    .text               wifi.lib(beacon.o)
    0x00031dc6   0x00000002   PAD
    0x00031dc8   0x00000130   Code   RO          321    .text               wifi.lib(common.o)
    0x00031ef8   0x0000033c   Code   RO          323    .text               wifi.lib(hostapd.o)
    0x00032234   0x000002ac   Code   RO          325    .text               wifi.lib(ieee802_11_common.o)
    0x000324e0   0x0000006e   Code   RO          326    .text               wifi.lib(os_internal.o)
    0x0003254e   0x00000002   PAD
    0x00032550   0x0000016c   Code   RO          327    .text               wifi.lib(random.o)
    0x000326bc   0x00000106   Code   RO          331    .text               wifi.lib(rc4.o)
    0x000327c2   0x0000016c   Code   RO          332    .text               wifi.lib(sha1.o)
    0x0003292e   0x00000002   PAD
    0x00032930   0x000016f0   Code   RO          333    .text               wifi.lib(wpa_auth.o)
    0x00034020   0x0000062c   Code   RO          335    .text               wifi.lib(wpa_auth_ie.o)
    0x0003464c   0x0000054c   Code   RO          336    .text               wifi.lib(wpa_common.o)
    0x00034b98   0x00000258   Code   RO          337    .text               wifi.lib(hostapd_wpa_driver.o)
    0x00034df0   0x0000009a   Code   RO          338    .text               wifi.lib(aes_wrap.o)
    0x00034e8a   0x00000002   PAD
    0x00034e8c   0x000009c4   Code   RO          339    .text               wifi.lib(aesMatrix.o)
    0x00035850   0x0000094c   Code   RO          341    .text               wifi.lib(md5.o)
    0x0003619c   0x00001258   Code   RO          342    .text               wifi.lib(sha1_internal.o)
    0x000373f4   0x000000c0   Code   RO          343    .text               wifi.lib(wpa_auth_glue.o)
    0x000374b4   0x00000014   Code   RO          346    .text               c_5.l(rt_ctype_table.o)
    0x000374c8   0x0000009a   Code   RO          353    .text               c_5.l(h1_alloc_mt.o)
    0x00037562   0x00000074   Code   RO          354    .text               c_5.l(h1_free_mt.o)
    0x000375d6   0x000000dc   Code   RO          355    .text               c_5.l(h1_realloc_mt.o)
    0x000376b2   0x00000002   PAD
    0x000376b4   0x00000050   Code   RO          382    .text               c_5.l(llsdiv.o)
    0x00037704   0x0000001a   Code   RO          383    .text               c_5.l(tolower.o)
    0x0003771e   0x0000001e   Code   RO          384    .text               c_5.l(toupper.o)
    0x0003773c   0x0000001c   Code   RO          385    .text               c_5.l(printf.o)
    0x00037758   0x0000001c   Code   RO          386    .text               c_5.l(__2printf.o)
    0x00037774   0x0000002c   Code   RO          387    .text               c_5.l(__2sprintf.o)
    0x000377a0   0x0000004e   Code   RO          391    .text               c_5.l(_printf_pad.o)
    0x000377ee   0x00000052   Code   RO          392    .text               c_5.l(_printf_str.o)
    0x00037840   0x00000008   Ven    RO          393    .text               c_5.l(_printf_dec.o)
    0x00037848   0x0000006c   Code   RO          393    .text               c_5.l(_printf_dec.o)
    0x000378b4   0x00000008   Ven    RO          406    .text               c_5.l(_printf_hex_int_ll_ptr.o)
    0x000378bc   0x00000098   Code   RO          406    .text               c_5.l(_printf_hex_int_ll_ptr.o)
    0x00037954   0x00000188   Code   RO          418    .text               c_5.l(__printf_flags_ss_wp.o)
    0x00037adc   0x00000040   Code   RO          426    .text               c_5.l(__0sscanf.o)
    0x00037b1c   0x0000014a   Code   RO          427    .text               c_5.l(_scanf_int.o)
    0x00037c66   0x000000e4   Code   RO          428    .text               c_5.l(_scanf_str.o)
    0x00037d4a   0x0000001a   Code   RO          429    .text               c_5.l(atoi.o)
    0x00037d64   0x0000001a   Code   RO          430    .text               c_5.l(atol.o)
    0x00037d7e   0x00000002   PAD
    0x00037d80   0x00000040   Code   RO          432    .text               c_5.l(rand.o)
    0x00037dc0   0x00000016   Code   RO          434    .text               c_5.l(strchr.o)
    0x00037dd6   0x00000028   Code   RO          435    .text               c_5.l(strstr.o)
    0x00037dfe   0x00000074   Code   RO          436    .text               c_5.l(memcmp.o)
    0x00037e72   0x00000002   PAD
    0x00037e74   0x0000004c   Code   RO          437    .text               c_5.l(strcpy.o)
    0x00037ec0   0x00000044   Code   RO          438    .text               c_5.l(strlen.o)
    0x00037f04   0x00000018   Code   RO          439    .text               c_5.l(memchr.o)
    0x00037f1c   0x00000018   Code   RO          440    .text               c_5.l(strcat.o)
    0x00037f34   0x000000d4   Code   RO          441    .text               c_5.l(rt_memcpy.o)
    0x00038008   0x000000d4   Code   RO          442    .text               c_5.l(rt_memmove.o)
    0x000380dc   0x00000064   Code   RO          443    .text               c_5.l(rt_memcpy_w.o)
    0x00038140   0x00000010   Code   RO          444    .text               c_5.l(aeabi_memset.o)
    0x00038150   0x00000040   Code   RO          445    .text               c_5.l(rt_memclr.o)
    0x00038190   0x00000054   Code   RO          446    .text               c_5.l(rt_memclr_w.o)
    0x000381e4   0x0000006c   Code   RO          447    .text               c_5.l(strncpy.o)
    0x00038250   0x000000a0   Code   RO          448    .text               c_5.l(strcmp.o)
    0x000382f0   0x00000020   Code   RO          449    .text               c_5.l(uread4.o)
    0x00038310   0x00000020   Code   RO          450    .text               c_5.l(uwrite4.o)
    0x00038330   0x0000017c   Code   RO          451    .text               c_5.l(aeabi_sdiv.o)
    0x000384ac   0x00000006   Code   RO          459    .text               c_5.l(heapauxi.o)
    0x000384b2   0x00000002   PAD
    0x000384b4   0x00000010   Code   RO          473    .text               c_5.l(rt_heap_descriptor_onelibspace.o)
    0x000384c4   0x00000010   Code   RO          477    .text               c_5.l(rt_locale_onelibspace.o)
    0x000384d4   0x00000004   Code   RO          481    .text               c_5.l(rt_errno_addr_onelibspace.o)
    0x000384d8   0x00000004   Code   RO          482    .text               c_5.l(hguard.o)
    0x000384dc   0x00000088   Code   RO          483    .text               c_5.l(init_alloc.o)
    0x00038564   0x00000016   Code   RO          486    .text               c_5.l(h1_init_mt.o)
    0x0003857a   0x00000002   PAD
    0x0003857c   0x000002f0   Code   RO          492    .text               c_5.l(lludiv5.o)
    0x0003886c   0x0000002c   Code   RO          493    .text               c_5.l(_printf_truncate.o)
    0x00038898   0x000000b0   Code   RO          494    .text               c_5.l(_printf_intcommon.o)
    0x00038948   0x00000008   Ven    RO          495    .text               c_5.l(_printf_charcount.o)
    0x00038950   0x00000028   Code   RO          495    .text               c_5.l(_printf_charcount.o)
    0x00038978   0x00000030   Code   RO          496    .text               c_5.l(_printf_char_common.o)
    0x000389a8   0x0000000a   Code   RO          497    .text               c_5.l(_sputc.o)
    0x000389b2   0x00000002   PAD
    0x000389b4   0x00000008   Ven    RO          498    .text               c_5.l(_printf_char.o)
    0x000389bc   0x0000002e   Code   RO          498    .text               c_5.l(_printf_char.o)
    0x000389ea   0x00000002   PAD
    0x000389ec   0x00000028   Code   RO          499    .text               c_5.l(_printf_char_file.o)
    0x00038a14   0x000000bc   Code   RO          500    .text               c_5.l(_printf_wctomb.o)
    0x00038ad0   0x00000008   Ven    RO          502    .text               c_5.l(_printf_longlong_dec.o)
    0x00038ad8   0x00000070   Code   RO          502    .text               c_5.l(_printf_longlong_dec.o)
    0x00038b48   0x00000008   Ven    RO          505    .text               c_5.l(_printf_oct_int_ll.o)
    0x00038b50   0x00000070   Code   RO          505    .text               c_5.l(_printf_oct_int_ll.o)
    0x00038bc0   0x0000001e   Code   RO          524    .text               c_5.l(_chval.o)
    0x00038bde   0x00000002   PAD
    0x00038be0   0x00000030   Code   RO          525    .text               c_5.l(scanf_char.o)
    0x00038c10   0x00000044   Code   RO          526    .text               c_5.l(_sgetc.o)
    0x00038c54   0x00000070   Code   RO          527    .text               c_5.l(strtol.o)
    0x00038cc4   0x00000080   Code   RO          530    .text               c_5.l(rt_memmove_w.o)
    0x00038d44   0x0000002c   Code   RO          531    .text               c_5.l(rtudiv10.o)
    0x00038d70   0x00000036   Code   RO          608    .text               c_5.l(h1_extend_mt.o)
    0x00038da6   0x00000002   PAD
    0x00038da8   0x00000098   Code   RO          609    .text               c_5.l(lludiv10.o)
    0x00038e40   0x00000012   Code   RO          610    .text               c_5.l(isspace.o)
    0x00038e52   0x00000002   PAD
    0x00038e54   0x00000414   Code   RO          611    .text               c_5.l(_printf_fp_dec.o)
    0x00039268   0x00000008   Ven    RO          612    .text               c_5.l(_printf_fp_hex.o)
    0x00039270   0x000002d0   Code   RO          612    .text               c_5.l(_printf_fp_hex.o)
    0x00039540   0x00000008   Ven    RO          615    .text               c_5.l(_printf_wchar.o)
    0x00039548   0x0000002e   Code   RO          615    .text               c_5.l(_printf_wchar.o)
    0x00039576   0x00000002   PAD
    0x00039578   0x0000039c   Code   RO          616    .text               c_5.l(_scanf.o)
    0x00039914   0x000000a8   Code   RO          617    .text               c_5.l(_strtoul.o)
    0x000399bc   0x00000044   Code   RO          618    .text               c_5.l(_wcrtomb.o)
    0x00039a00   0x0000000c   Code   RO          619    .text               c_5.l(defsig_rtmem_outer.o)
    0x00039a0c   0x00000088   Code   RO          630    .text               c_5.l(_printf_fp_infnan.o)
    0x00039a94   0x000000d4   Code   RO          631    .text               c_5.l(bigflt0.o)
    0x00039b68   0x0000000c   Code   RO          646    .text               c_5.l(exit.o)
    0x00039b74   0x0000000c   Code   RO          647    .text               c_5.l(defsig_exit.o)
    0x00039b80   0x00000050   Code   RO          650    .text               c_5.l(defsig_rtmem_inner.o)
    0x00039bd0   0x00000034   Code   RO          665    .text               c_5.l(defsig_general.o)
    0x00039c04   0x00000024   Code   RO          452    .text_udiv          c_5.l(aeabi_sdiv.o)
    0x00039c28   0x00000038   Code   RO          633    CL$$btod_d2e        c_5.l(btod.o)
    0x00039c60   0x00000054   Code   RO          635    CL$$btod_d2e_denorm_low  c_5.l(btod.o)
    0x00039cb4   0x00000068   Code   RO          634    CL$$btod_d2e_norm_op1  c_5.l(btod.o)
    0x00039d1c   0x00000348   Code   RO          643    CL$$btod_div_common  c_5.l(btod.o)
    0x0003a064   0x000000dc   Code   RO          640    CL$$btod_e2e        c_5.l(btod.o)
    0x0003a140   0x00000030   Code   RO          637    CL$$btod_ediv       c_5.l(btod.o)
    0x0003a170   0x00000030   Code   RO          636    CL$$btod_emul       c_5.l(btod.o)
    0x0003a1a0   0x00000264   Code   RO          642    CL$$btod_mult_common  c_5.l(btod.o)
    0x0003a404   0x00000080   Code   RO          166    InitMPU             mpu.o
    0x0003a484   0x00000228   Code   RO           61    PORT_ASM            portasm.o
    0x0003a6ac   0x00000008   Ven    RO          714    Veneer$$Code        anon$$obj.o
    0x0003a6b4   0x00000008   Ven    RO          715    Veneer$$Code        anon$$obj.o
    0x0003a6bc   0x00000008   Ven    RO          716    Veneer$$Code        anon$$obj.o
    0x0003a6c4   0x00000008   Ven    RO          717    Veneer$$Code        anon$$obj.o
    0x0003a6cc   0x00000008   Ven    RO          718    Veneer$$Code        anon$$obj.o
    0x0003a6d4   0x00000008   Ven    RO          719    Veneer$$Code        anon$$obj.o
    0x0003a6dc   0x0000000c   Code   RO          263    i.__ARM_common_ll_mulss  wifi.lib(tls_wl_rf65.o)
    0x0003a6e8   0x00000018   Code   RO           16    i.__ARM_common_switch8  wm_cmdp_at.o
    0x0003a700   0x00000030   Code   RO          659    i.__ARM_fpclassify  m_5s.l(fpclassify.o)
    0x0003a730   0x0000000e   Code   RO          414    i._is_digit         c_5.l(__printf_wp.o)
    0x0003a73e   0x00000002   PAD
    0x0003a740   0x00000048   Code   RO          529    locale$$code        c_5.l(lc_ctype_c.o)
    0x0003a788   0x00000048   Code   RO          645    locale$$code        c_5.l(lc_numeric_c.o)
    0x0003a7d0   0x00000010   Code   RO          576    x$fpl$dcheck1       fz_5s.l(dcheck1.o)
    0x0003a7e0   0x00000070   Code   RO          461    x$fpl$dfix          fz_5s.l(dfix.o)
    0x0003a850   0x00000034   Code   RO          464    x$fpl$dflt          fz_5s.l(dflt_clz.o)
    0x0003a884   0x000000b8   Code   RO          577    x$fpl$dnaninf       fz_5s.l(dnaninf.o)
    0x0003a93c   0x00000008   Code   RO          657    x$fpl$ieeestatus    fz_5s.l(istatus.o)
    0x0003a944   0x00000004   Code   RO          578    x$fpl$printf1       fz_5s.l(printf1.o)
    0x0003a948   0x00000004   Code   RO          579    x$fpl$printf2       fz_5s.l(printf2.o)
    0x0003a94c   0x00000074   Code   RO          625    x$fpl$retnan        fz_5s.l(retnan.o)
    0x0003a9c0   0x00000068   Code   RO          466    x$fpl$scalbn        fz_5s.l(scalbn.o)
    0x0003aa28   0x0000003c   Code   RO          658    x$fpl$trapveneer    fz_5s.l(trapv.o)
    0x0003aa64   0x00000000   Code   RO          582    x$fpl$usenofp       fz_5s.l(usenofp.o)
    0x0003aa64   0x00000010   Data   RO            2    .constdata          httpclient.o
    0x0003aa74   0x000000e9   Data   RO           12    .constdata          wm_cmdp_at.o
    0x0003ab5d   0x00000014   Data   RO           24    .constdata          wm_uart_task.o
    0x0003ab71   0x00000004   Data   RO           37    .constdata          wm_main.o
    0x0003ab75   0x00000006   Data   RO           38    .constdata          wm_main.o
    0x0003ab7b   0x00000014   Data   RO           56    .constdata          tasks.o
    0x0003ab8f   0x00000001   PAD
    0x0003ab90   0x00000090   Data   RO           68    .constdata          wm_uart.o
    0x0003ac20   0x00000010   Data   RO           95    .constdata          tls_netconn.o
    0x0003ac30   0x00000040   Data   RO          108    .constdata          sockets.o
    0x0003ac70   0x0000001e   Data   RO          118    .constdata          memp.o
    0x0003ac8e   0x00000002   PAD
    0x0003ac90   0x00000054   Data   RO          128    .constdata          tcp.o
    0x0003ace4   0x00000004   Data   RO          146    .constdata          ip_addr.o
    0x0003ace8   0x00000004   Data   RO          147    .constdata          ip_addr.o
    0x0003acec   0x0000000c   Data   RO          152    .constdata          etharp.o
    0x0003acf8   0x00000100   Data   RO          176    .constdata          utils.o
    0x0003adf8   0x00000053   Data   RO          213    .constdata          zc_sec_engine.o
    0x0003ae4b   0x00000001   PAD
    0x0003ae4c   0x000002a0   Data   RO          218    .constdata          bignum.o
    0x0003b0ec   0x00002828   Data   RO          221    .constdata          aes_core.o
    0x0003d914   0x00000006   Data   RO          245    .constdata          wifi.lib(tls_wl_core.o)
    0x0003d91a   0x00000002   PAD
    0x0003d91c   0x00001078   Data   RO          253    .constdata          wifi.lib(tls_wl_rf65.o)
    0x0003e994   0x00000008   Data   RO          281    .constdata          wifi.lib(wm_param.o)
    0x0003e99c   0x00000090   Data   RO          284    .constdata          wifi.lib(ap.o)
    0x0003ea2c   0x000000b0   Data   RO          294    .constdata          wifi.lib(wpa.o)
    0x0003eadc   0x00000050   Data   RO          309    .constdata          wifi.lib(tls_wl_phy.o)
    0x0003eb2c   0x00000006   Data   RO          314    .constdata          wifi.lib(tls_wl_rx.o)
    0x0003eb32   0x00000002   PAD
    0x0003eb34   0x00000068   Data   RO          324    .constdata          wifi.lib(hostapd.o)
    0x0003eb9c   0x00000020   Data   RO          329    .constdata          wifi.lib(random.o)
    0x0003ebbc   0x00001038   Data   RO          340    .constdata          wifi.lib(aesMatrix.o)
    0x0003fbf4   0x00000028   Data   RO          407    .constdata          c_5.l(_printf_hex_int_ll_ptr.o)
    0x0003fc1c   0x00000011   Data   RO          419    .constdata          c_5.l(__printf_flags_ss_wp.o)
    0x0003fc2d   0x00000003   PAD
    0x0003fc30   0x00000008   Data   RO          501    .constdata          c_5.l(_printf_wctomb.o)
    0x0003fc38   0x00000026   Data   RO          613    .constdata          c_5.l(_printf_fp_hex.o)
    0x0003fc5e   0x00000002   PAD
    0x0003fc60   0x00000094   Data   RO          632    .constdata          c_5.l(bigflt0.o)
    0x0003fcf4   0x00000209   Data   RO           13    .conststring        wm_cmdp_at.o
    0x0003fefd   0x00000068   Data   RO          129    .conststring        tcp.o
    0x0003ff65   0x00000003   PAD
    0x0003ff68   0x00000030   Data   RO          699    Region$$Table       anon$$obj.o
    0x0003ff98   0x00000110   Data   RO          528    locale$$data        c_5.l(lc_ctype_c.o)
    0x000400a8   0x0000001c   Data   RO          644    locale$$data        c_5.l(lc_numeric_c.o)


    Execution Region RW_RAM1 (Base: 0x000400c4, Size: 0x00013ae0, Max: 0xffffffff, ABSOLUTE, COMPRESSED[0x00000950])

    Base Addr    Size         Type   Attr      Idx    E Section Name        Object

    0x000400c4   0x00000004   Data   RW            7    .data               wm_httpclient_task.o
    0x000400c8   0x00000018   Data   RW           10    .data               wm_cmdp.o
    0x000400e0   0x00000454   Data   RW           14    .data               wm_cmdp_at.o
    0x00040534   0x00000008   Data   RW           19    .data               wm_cmdp_hostif.o
    0x0004053c   0x00000008   Data   RW           21    .data               wm_cmdp_ri.o
    0x00040544   0x00000008   Data   RW           25    .data               wm_uart_task.o
    0x0004054c   0x00000010   Data   RW           28    .data               wm_cmdp_oneshot_task.o
    0x0004055c   0x00000041   Data   RW           31    .data               wm_wifi_oneshot.o
    0x0004059d   0x00000003   PAD
    0x000405a0   0x00000004   Data   RW           34    .data               main.o
    0x000405a4   0x00000008   Data   RW           41    .data               wm_main.o
    0x000405ac   0x00000018   Data   RW           48    .data               heap_2.o
    0x000405c4   0x00000010   Data   RW           53    .data               rtostimers.o
    0x000405d4   0x00000054   Data   RW           57    .data               tasks.o
    0x00040628   0x00000004   Data   RW           59    .data               port.o
    0x0004062c   0x00000004   Data   RW           64    .data               wm_hostspi.o
    0x00040630   0x00000004   Data   RW           69    .data               wm_uart.o
    0x00040634   0x00000008   Data   RW           74    .data               wm_dma.o
    0x0004063c   0x00000010   Data   RW           77    .data               wm_fls.o
    0x0004064c   0x00000044   Data   RW           79    .data               wm_fls_gd25qxx.o
    0x00040690   0x00000001   Data   RW           84    .data               wm_irq.o
    0x00040691   0x00000006   Data   RW           90    .data               wm_pwm.o
    0x00040697   0x00000001   PAD
    0x00040698   0x00000004   Data   RW           96    .data               tls_netconn.o
    0x0004069c   0x0000000c   Data   RW           98    .data               tcpip.o
    0x000406a8   0x00000014   Data   RW          104    .data               netdb.o
    0x000406bc   0x00000008   Data   RW          109    .data               sockets.o
    0x000406c4   0x00000004   Data   RW          113    .data               dhcp.o
    0x000406c8   0x00000014   Data   RW          116    .data               dns.o
    0x000406dc   0x0000000c   Data   RW          120    .data               netif.o
    0x000406e8   0x00000004   Data   RW          123    .data               raw.o
    0x000406ec   0x00000028   Data   RW          130    .data               tcp.o
    0x00040714   0x0000001c   Data   RW          133    .data               tcp_in.o
    0x00040730   0x00000004   Data   RW          137    .data               timers.o
    0x00040734   0x00000008   Data   RW          139    .data               udp.o
    0x0004073c   0x00000014   Data   RW          143    .data               ip.o
    0x00040750   0x00000008   Data   RW          149    .data               ip_frag.o
    0x00040758   0x00000001   Data   RW          153    .data               etharp.o
    0x00040759   0x00000003   PAD
    0x0004075c   0x00000008   Data   RW          157    .data               ethernet.o
    0x00040764   0x00000002   Data   RW          161    .data               sys_arch.o
    0x00040766   0x00000002   PAD
    0x00040768   0x00000004   Data   RW          164    .data               retarget.o
    0x0004076c   0x00000004   Data   RW          173    .data               tls_sys.o
    0x00040770   0x00000008   Data   RW          177    .data               utils.o
    0x00040778   0x0000000c   Data   RW          180    .data               wm_fwup.o
    0x00040784   0x0000000c   Data   RW          185    .data               user_main.o
    0x00040790   0x00000001   Data   RW          196    .data               zc_hf_adpter.o
    0x00040791   0x00000003   PAD
    0x00040794   0x00000010   Data   RW          197    .data               zc_hf_adpter.o
    0x000407a4   0x00000010   Data   RW          200    .data               zc_bc.o
    0x000407b4   0x00000034   Data   RW          207    .data               zc_configuration.o
    0x000407e8   0x00000440   Data   RW          225    .data               crc.o
    0x00040c28   0x0000000c   Data   RW          229    .data               ac_hal.o
    0x00040c34   0x00000048   Data   RW          241    .data               wifi.lib(wpa_supplicant.o)
    0x00040c7c   0x00000004   Data   RW          246    .data               wifi.lib(tls_wl_core.o)
    0x00040c80   0x00000001   Data   RW          248    .data               wifi.lib(tls_wl_if.o)
    0x00040c81   0x00000020   Data   RW          254    .data               wifi.lib(tls_wl_rf65.o)
    0x00040ca1   0x00000003   PAD
    0x00040ca4   0x000003ba   Data   RW          255    .data               wifi.lib(tls_wl_rf65.o)
    0x0004105e   0x0000000c   Data   RW          266    .data               wifi.lib(tls_wl_tx.o)
    0x0004106a   0x00000002   PAD
    0x0004106c   0x00000004   Data   RW          270    .data               wifi.lib(wm_wifi_api.o)
    0x00041070   0x0000001c   Data   RW          273    .data               wifi.lib(wm_wifi_oneshot_api.o)
    0x0004108c   0x00000004   Data   RW          277    .data               wifi.lib(litepoint.o)
    0x00041090   0x00000008   Data   RW          278    .data               wifi.lib(litepoint.o)
    0x00041098   0x00000008   Data   RW          282    .data               wifi.lib(wm_param.o)
    0x000410a0   0x00000004   Data   RW          300    .data               wifi.lib(tls_wl_bss.o)
    0x000410a4   0x00000044   Data   RW          302    .data               wifi.lib(tls_wl_hw.o)
    0x000410e8   0x00000060   Data   RW          303    .data               wifi.lib(tls_wl_hw.o)
    0x00041148   0x000000a8   Data   RW          304    .data               wifi.lib(tls_wl_hw.o)
    0x000411f0   0x00000228   Data   RW          311    .data               wifi.lib(tls_wl_rc.o)
    0x00041418   0x00000004   Data   RW          315    .data               wifi.lib(tls_wl_rx.o)
    0x0004141c   0x00000014   Data   RW          330    .data               wifi.lib(random.o)
    0x00041430   0x00000400   Zero   RW            6    .bss                wm_httpclient_task.o
    0x00041830   0x00000030   Zero   RW            9    .bss                wm_cmdp.o
    0x00041860   0x000008f8   Zero   RW           18    .bss                wm_cmdp_hostif.o
    0x00042158   0x00000350   Zero   RW           23    .bss                wm_uart_task.o
    0x000424a8   0x00000168   Zero   RW           30    .bss                wm_wifi_oneshot.o
    0x00042610   0x0000100c   Zero   RW           33    .bss                main.o
    0x0004361c   0x000004b0   Zero   RW           36    .bss                wm_main.o
    0x00043acc   0x00000004   PAD
    0x00043ad0   0x00003000   Zero   RW           47    .bss                heap_2.o
    0x00046ad0   0x00000028   Zero   RW           52    .bss                rtostimers.o
    0x00046af8   0x00000582   Zero   RW           55    .bss                tasks.o
    0x0004707a   0x00000002   PAD
    0x0004707c   0x00000220   Zero   RW           63    .bss                wm_hostspi.o
    0x0004729c   0x00000120   Zero   RW           67    .bss                wm_uart.o
    0x000473bc   0x00000200   Zero   RW           83    .bss                wm_irq.o
    0x000475bc   0x00000060   Zero   RW           89    .bss                wm_pwm.o
    0x0004761c   0x00000050   Zero   RW           94    .bss                tls_netconn.o
    0x0004766c   0x00000014   Zero   RW          103    .bss                netdb.o
    0x00047680   0x000000c0   Zero   RW          107    .bss                sockets.o
    0x00047740   0x00000032   Zero   RW          112    .bss                dhcp.o
    0x00047772   0x00000002   PAD
    0x00047774   0x00000663   Zero   RW          115    .bss                dns.o
    0x00047dd7   0x00000001   PAD
    0x00047dd8   0x000000ba   Zero   RW          125    .bss                stats.o
    0x00047e92   0x00000002   PAD
    0x00047e94   0x00000010   Zero   RW          132    .bss                tcp_in.o
    0x00047ea4   0x00000014   Zero   RW          136    .bss                timers.o
    0x00047eb8   0x00000010   Zero   RW          145    .bss                ip_addr.o
    0x00047ec8   0x000000c8   Zero   RW          151    .bss                etharp.o
    0x00047f90   0x0000000c   Zero   RW          156    .bss                ethernet.o
    0x00047f9c   0x00001000   Zero   RW          159    .bss                sys_arch.o
    0x00048f9c   0x00000180   Zero   RW          163    .bss                retarget.o
    0x0004911c   0x00000400   Zero   RW          172    .bss                tls_sys.o
    0x0004951c   0x00000420   Zero   RW          179    .bss                wm_fwup.o
    0x0004993c   0x0000191c   Zero   RW          184    .bss                user_main.o
    0x0004b258   0x00000d68   Zero   RW          188    .bss                zc_hf_adpter.o
    0x0004bfc0   0x00000260   Zero   RW          189    .bss                zc_hf_adpter.o
    0x0004c220   0x00000260   Zero   RW          191    .bss                zc_hf_adpter.o
    0x0004c480   0x00000028   Zero   RW          192    .bss                zc_hf_adpter.o
    0x0004c4a8   0x00000720   Zero   RW          193    .bss                zc_hf_adpter.o
    0x0004cbc8   0x00000028   Zero   RW          194    .bss                zc_hf_adpter.o
    0x0004cbf0   0x00000258   Zero   RW          195    .bss                zc_hf_adpter.o
    0x0004ce48   0x00000028   Zero   RW          202    .bss                zc_client_manager.o
    0x0004ce70   0x000001c0   Zero   RW          206    .bss                zc_configuration.o
    0x0004d030   0x00000088   Zero   RW          211    .bss                zc_protocol_controller.o
    0x0004d0b8   0x00000050   Zero   RW          215    .bss                zc_timer.o
    0x0004d108   0x00001868   Zero   RW          217    .bss                bignum.o
    0x0004e970   0x00000148   Zero   RW          223    .bss                rsa.o
    0x0004eab8   0x00000200   Zero   RW          228    .bss                ac_hal.o
    0x0004ecb8   0x000000e4   Zero   RW          235    .bss                dhcp_server.o
    0x0004ed9c   0x00000028   Zero   RW          237    .bss                dns_server.o
    0x0004edc4   0x00002200   Zero   RW          239    .bss                wifi.lib(wpa_supplicant.o)
    0x00050fc4   0x00001230   Zero   RW          243    .bss                wifi.lib(tls_wl_core.o)
    0x000521f4   0x00000004   PAD
    0x000521f8   0x00000084   Zero   RW          250    .bss                wifi.lib(tls_wl_rf65.o)
    0x0005227c   0x00000654   Zero   RW          265    .bss                wifi.lib(tls_wl_tx.o)
    0x000528d0   0x00000021   Zero   RW          268    .bss                wifi.lib(tls_wl_util.o)
    0x000528f1   0x00000003   PAD
    0x000528f4   0x000007b8   Zero   RW          272    .bss                wifi.lib(wm_wifi_oneshot_api.o)
    0x000530ac   0x00000014   Zero   RW          275    .bss                wifi.lib(litepoint.o)
    0x000530c0   0x0000001c   Zero   RW          276    .bss                wifi.lib(litepoint.o)
    0x000530dc   0x00000734   Zero   RW          280    .bss                wifi.lib(wm_param.o)
    0x00053810   0x000001f8   Zero   RW          313    .bss                wifi.lib(tls_wl_rx.o)
    0x00053a08   0x00000021   Zero   RW          322    .bss                wifi.lib(common.o)
    0x00053a29   0x00000003   PAD
    0x00053a2c   0x00000094   Zero   RW          328    .bss                wifi.lib(random.o)
    0x00053ac0   0x000000e4   Zero   RW          433    .bss                c_5.l(rand.o)


    Execution Region HEAP (Base: 0x00053ba4, Size: 0x0000d004, Max: 0xffffffff, ABSOLUTE, UNINIT)

    Base Addr    Size         Type   Attr      Idx    E Section Name        Object

    0x00053ba4   0x00000004   PAD
    0x00053ba8   0x0000d000   Zero   RW          168    HEAP                start.o


    Execution Region STACK (Base: 0x00067c00, Size: 0x00000220, Max: 0xffffffff, ABSOLUTE, UNINIT)

    Base Addr    Size         Type   Attr      Idx    E Section Name        Object

    0x00067c00   0x00000220   Zero   RW          167    STACK               start.o


==============================================================================

Image component sizes


      Code (inc. data)   RO Data    RW Data    ZI Data      Debug   Object Name

       748         12          0          0          0          0   ac_api.o
       672         54          0         12        512          0   ac_hal.o
       488          0          0          0          0          0   aes_cbc.o
      2800         98      10280          0          0          0   aes_core.o
      1116         52          0          0          0          0   api_lib.o
      3136         74          0          0          0          0   api_msg.o
      8756         40        672          0       6248          0   bignum.o
        76         12          0          0          0          0   clock.o
       168         18          0       1088          0          0   crc.o
        40          0          0          0          0          0   def.o
      3376         62          0          4         50          0   dhcp.o
      2290         50          0          0        228          0   dhcp_server.o
      1272         50          0         20       1635          0   dns.o
       848         16          0          0         40          0   dns_server.o
      1888         32         12          1        200          0   etharp.o
       640         48          0          8         12          0   ethernet.o
       256         16          0          0          0          0   ethernetif.o
       240         14          0         24      12288          0   heap_2.o
      4692        424         16          0          0          0   httpclient.o
       592         20          0          0          0          0   httpclientstring.o
       464          0          0          0          0          0   httpclientwrapper.o
       540         18          0          0          0          0   icmp.o
       504          0          0          0          0          0   inet_chksum.o
        36          0          0          0          0          0   init.o
       920         18          0         20          0          0   ip.o
       496         20          8          0         16          0   ip_addr.o
      1676         26          0          8          0          0   ip_frag.o
       140          0          0          0          0          0   list.o
       372        136          0          4       4108          0   main.o
         0          0         30          0          0          0   memp.o
       128          4          0          0          0          0   mpu.o
       268          4          0          0          0          0   netbuf.o
       460         22          0         20         20          0   netdb.o
       536         12          0         12          0          0   netif.o
       204         12          0          0          0          0   netifapi.o
      1276         10          0          0          0          0   pbuf.o
       284         80          0          4          0          0   port.o
       552         16          0          0          0          0   portasm.o
      1150          0          0          0          0          0   queue.o
       392         16          0          4          0          0   raw.o
        72         10          0          4        384          0   retarget.o
       812         14          0          0        328          0   rsa.o
       840         22          0         16         40          0   rtostimers.o
      4032        122         64          8        192          0   sockets.o
       272         60          0          0      53792          0   start.o
         2          0          0          0        186          0   stats.o
       900         22          0          2       4096          0   sys_arch.o
      2460        142         20         84       1410          0   tasks.o
      2860         82        188         40          0          0   tcp.o
      3600        128          0         28         16          0   tcp_in.o
      3212         92          0          0          0          0   tcp_out.o
       720         50          0         12          0          0   tcpip.o
       564         52          0          4         20          0   timers.o
      3132        118         16          4         80          0   tls_netconn.o
       172          0          0          0          0          0   tls_sockets.o
       892         16          0          4       1024          0   tls_sys.o
      1140         34          0          8          0          0   udp.o
      1240        340          0         12       6428          0   user_main.o
      2032         64        256          8          0          0   utils.o
      3564        124          0         24         48          0   wm_cmdp.o
     13552        832        754       1108          0          0   wm_cmdp_at.o
      4228        244          0          8       2296          0   wm_cmdp_hostif.o
       408          8          0         16          0          0   wm_cmdp_oneshot_task.o
       116          6          0          8          0          0   wm_cmdp_ri.o
       144         34          0          0          0          0   wm_cpu.o
       296         54          0          8          0          0   wm_dma.o
       112          0          0          0          0          0   wm_efuse.o
      1516         16          0         16          0          0   wm_fls.o
       588          6          0         68          0          0   wm_fls_gd25qxx.o
      2140         62          0         12       1056          0   wm_fwup.o
       584         16          0          0          0          0   wm_gpio.o
      3924        118          0          4        544          0   wm_hostspi.o
       788        102          0          4       1024          0   wm_httpclient_task.o
       612         52          0          1        512          0   wm_irq.o
       308         22         10          8       1200          0   wm_main.o
        72          0          0          0          0          0   wm_mem.o
       484         24          0          6         96          0   wm_pwm.o
        72          4          0          0          0          0   wm_timer.o
      2168         68        144          4        288          0   wm_uart.o
      4036        168         20          8        848          0   wm_uart_task.o
       164         10          0          0          0          0   wm_uart_timer.o
      3448        336          0         65        360          0   wm_wifi_oneshot.o
       260         26          0         16          0          0   zc_bc.o
       708         18          0          0         40          0   zc_client_manager.o
       444          4          0          0          0          0   zc_cloud_event.o
       432        190          0          0          0          0   zc_common.o
       836         82          0         52        448          0   zc_configuration.o
      2680        678          0         17       7152          0   zc_hf_adpter.o
       608         52          0          0          0          0   zc_message_queue.o
      1132         28          0          0          0          0   zc_moudle_manager.o
      3524        708          0          0        136          0   zc_protocol_controller.o
      1100         64         83          0          0          0   zc_sec_engine.o
       272         80          0          0         80          0   zc_timer.o

    ----------------------------------------------------------------------
    128828       7114      12628       2928     109492          0   Object Totals
        56         24         48          0          0          0   (incl. Generated)
         6          0          7         12         11          0   (incl. Padding)

    ----------------------------------------------------------------------

      Code (inc. data)   RO Data    RW Data    ZI Data      Debug   Library Member Name

        64         10          0          0          0          0   __0sscanf.o
        28          6          0          0          0          0   __2printf.o
        44          4          0          0          0          0   __2sprintf.o
        92          0          0          0          0          0   __dczerorl2.o
         8          0          0          0          0          0   __main.o
       392          6         17          0          0          0   __printf_flags_ss_wp.o
        14          0          0          0          0          0   __printf_wp.o
        60          8          0          0          0          0   __scatter.o
        40          0          0          0          0          0   __scatter_copy.o
        44          0          0          0          0          0   __scatter_zi.o
        30          0          0          0          0          0   _chval.o
         8          0          0          0          0          0   _printf_a.o
         8          0          0          0          0          0   _printf_c.o
        54          0          0          0          0          0   _printf_char.o
        48          6          0          0          0          0   _printf_char_common.o
        40          6          0          0          0          0   _printf_char_file.o
        48          0          0          0          0          0   _printf_charcount.o
         8          0          0          0          0          0   _printf_d.o
       116         18          0          0          0          0   _printf_dec.o
         8          0          0          0          0          0   _printf_e.o
         8          0          0          0          0          0   _printf_f.o
      1044         14          0          0          0          0   _printf_fp_dec.o
       728          8         38          0          0          0   _printf_fp_hex.o
       136         16          0          0          0          0   _printf_fp_infnan.o
         8          0          0          0          0          0   _printf_g.o
       160          4         40          0          0          0   _printf_hex_int_ll_ptr.o
         8          0          0          0          0          0   _printf_i.o
       176          0          0          0          0          0   _printf_intcommon.o
        12          0          0          0          0          0   _printf_l.o
         8          0          0          0          0          0   _printf_lc.o
        12          0          0          0          0          0   _printf_ll.o
         8          0          0          0          0          0   _printf_lld.o
         8          0          0          0          0          0   _printf_lli.o
         8          0          0          0          0          0   _printf_llo.o
         8          0          0          0          0          0   _printf_llu.o
         8          0          0          0          0          0   _printf_llx.o
       120         18          0          0          0          0   _printf_longlong_dec.o
         8          0          0          0          0          0   _printf_ls.o
         8          0          0          0          0          0   _printf_n.o
         8          0          0          0          0          0   _printf_o.o
       120         10          0          0          0          0   _printf_oct_int_ll.o
         8          0          0          0          0          0   _printf_p.o
        78          0          0          0          0          0   _printf_pad.o
         0          0          0          0          0          0   _printf_percent.o
         8          0          0          0          0          0   _printf_percent_end.o
         8          0          0          0          0          0   _printf_s.o
        82          0          0          0          0          0   _printf_str.o
        44          0          0          0          0          0   _printf_truncate.o
         8          0          0          0          0          0   _printf_u.o
        54          0          0          0          0          0   _printf_wchar.o
       188          6          8          0          0          0   _printf_wctomb.o
         8          0          0          0          0          0   _printf_x.o
       924         14          0          0          0          0   _scanf.o
       330          0          0          0          0          0   _scanf_int.o
       228          0          0          0          0          0   _scanf_str.o
        68          0          0          0          0          0   _sgetc.o
        10          0          0          0          0          0   _sputc.o
       168          0          0          0          0          0   _strtoul.o
        68          0          0          0          0          0   _wcrtomb.o
        16          0          0          0          0          0   aeabi_memset.o
       416          0          0          0          0          0   aeabi_sdiv.o
        26          0          0          0          0          0   atoi.o
        26          0          0          0          0          0   atol.o
       212          6        148          0          0          0   bigflt0.o
      2012        128          0          0          0          0   btod.o
        12          0          0          0          0          0   defsig_exit.o
        52          0          0          0          0          0   defsig_general.o
        80         58          0          0          0          0   defsig_rtmem_inner.o
        12          0          0          0          0          0   defsig_rtmem_outer.o
        12          0          0          0          0          0   exit.o
       154          0          0          0          0          0   h1_alloc_mt.o
        54          0          0          0          0          0   h1_extend_mt.o
       116          0          0          0          0          0   h1_free_mt.o
        22          0          0          0          0          0   h1_init_mt.o
       220          0          0          0          0          0   h1_realloc_mt.o
         6          0          0          0          0          0   heapauxi.o
         4          0          0          0          0          0   hguard.o
       136          0          0          0          0          0   init_alloc.o
        18          0          0          0          0          0   isspace.o
        72          8        272          0          0          0   lc_ctype_c.o
        72          8         28          0          0          0   lc_numeric_c.o
         2          0          0          0          0          0   libinit.o
        42          0          0          0          0          0   libinit2.o
         2          0          0          0          0          0   libshutdown.o
         2          0          0          0          0          0   libshutdown2.o
        80          0          0          0          0          0   llsdiv.o
       152          0          0          0          0          0   lludiv10.o
       752         64          0          0          0          0   lludiv5.o
         0          0          0          0          0          0   maybetermalloc1.o
        24          0          0          0          0          0   memchr.o
       116          0          0          0          0          0   memcmp.o
        28          6          0          0          0          0   printf.o
       120         18          0          0        228          0   rand.o
        20          4          0          0          0          0   rt_ctype_table.o
         4          0          0          0          0          0   rt_errno_addr_onelibspace.o
        16          0          0          0          0          0   rt_heap_descriptor_onelibspace.o
        16          0          0          0          0          0   rt_locale_onelibspace.o
        64          0          0          0          0          0   rt_memclr.o
        84          0          0          0          0          0   rt_memclr_w.o
       212          0          0          0          0          0   rt_memcpy.o
       100          0          0          0          0          0   rt_memcpy_w.o
       212          0          0          0          0          0   rt_memmove.o
       128          0          0          0          0          0   rt_memmove_w.o
         0          0          0          0          0          0   rtentry.o
        44          4          0          0          0          0   rtentry2.o
         8          0          0          0          0          0   rtentry4.o
         4          0          0          0          0          0   rtexit.o
        12          0          0          0          0          0   rtexit2.o
        44          0          0          0          0          0   rtudiv10.o
        48          8          0          0          0          0   scanf_char.o
        24          0          0          0          0          0   strcat.o
        22          0          0          0          0          0   strchr.o
       160          4          0          0          0          0   strcmp.o
        76          4          0          0          0          0   strcpy.o
        68          6          0          0          0          0   strlen.o
       108          4          0          0          0          0   strncpy.o
        40          0          0          0          0          0   strstr.o
       112          4          0          0          0          0   strtol.o
        26          0          0          0          0          0   tolower.o
        30          0          0          0          0          0   toupper.o
        32          0          0          0          0          0   uread4.o
        32          0          0          0          0          0   uwrite4.o
        16          4          0          0          0          0   dcheck1.o
       112          4          0          0          0          0   dfix.o
        52          0          0          0          0          0   dflt_clz.o
       184          0          0          0          0          0   dnaninf.o
         8          0          0          0          0          0   istatus.o
         4          0          0          0          0          0   printf1.o
         4          0          0          0          0          0   printf2.o
       116          0          0          0          0          0   retnan.o
       104          0          0          0          0          0   scalbn.o
        60          0          0          0          0          0   trapv.o
         0          0          0          0          0          0   usenofp.o
        48          4          0          0          0          0   fpclassify.o
      2500         28       4152          0          0          0   aesMatrix.o
       172          0          0          0          0          0   aes_unwrap.o
       154          0          0          0          0          0   aes_wrap.o
      2078         28        144          0          0          0   ap.o
        56          0          0          0          0          0   ap_mlme.o
      1266          0          0          0          0          0   beacon.o
       644          0          0          0          0          0   bss.o
       304         16          0          0         33          0   common.o
      3416         18          0          0          0          0   events.o
       828         12        104          0          0          0   hostapd.o
      1380         22          0          0          0          0   hostapd_sta_info.o
       600          6          0          0          0          0   hostapd_wpa_driver.o
      2732         12          0          0          0          0   ieee802_11.o
       684          6          0          0          0          0   ieee802_11_common.o
       168          0          0          0          0          0   ieee802_1x.o
       700         26          0         12         48          0   litepoint.o
      2380        266          0          0          0          0   md5.o
       110          0          0          0          0          0   os_internal.o
       364         12         32         20        148          0   random.o
       262          0          0          0          0          0   rc4.o
       722          0          0          0          0          0   scan.o
       224          0          0          0          0          0   sha1-pbkdf2.o
       364          0          0          0          0          0   sha1.o
      4696         48          0          0          0          0   sha1_internal.o
       228          8          0          0          0          0   tkip_countermeasures.o
      2176         28          0          4          0          0   tls_wl_bss.o
      2124        150          6          4       4656          0   tls_wl_core.o
      3080        150          0        332          0          0   tls_wl_hw.o
      2636         30          0          1          0          0   tls_wl_if.o
       936          8          0          0          0          0   tls_wl_key.o
      3056         38          0          0          0          0   tls_wl_mgmt.o
      6568        104          0          0          0          0   tls_wl_mlme.o
        44          8         80          0          0          0   tls_wl_phy.o
      2388         24          0        552          0          0   tls_wl_rc.o
      4264        192       4216        986        132          0   tls_wl_rf65.o
      4792         92          6          4        504          0   tls_wl_rx.o
       880          6          0          0          0          0   tls_wl_scan.o
       924          8          0          0          0          0   tls_wl_sta_info.o
      4162         98          0         12       1620          0   tls_wl_tx.o
      1164         60          0          0         33          0   tls_wl_util.o
      3152        284          8          8       1844          0   wm_param.o
      2388         34          0          4          0          0   wm_wifi_api.o
      2168         54          0         28       1976          0   wm_wifi_oneshot_api.o
      4240        130        176          0          0          0   wpa.o
      5872        164          0          0          0          0   wpa_auth.o
       192          4          0          0          0          0   wpa_auth_glue.o
      1580         10          0          0          0          0   wpa_auth_ie.o
      1356         84          0          0          0          0   wpa_common.o
      1104          4          0          0          0          0   wpa_driver.o
       916         10          0          0          0          0   wpa_ie.o
      6936        280          0         72       8704          0   wpa_supplicant.o
       320          0          0          0          0          0   wpabuf.o
       324          0          0          0          0          0   wpas_glue.o

    ----------------------------------------------------------------------
    110376       3062       9484       2044      19940          0   Library Totals
        38          0          9          5         14          0   (incl. Padding)

    ----------------------------------------------------------------------

      Code (inc. data)   RO Data    RW Data    ZI Data      Debug   Library Name

     12856        488        551          0        228          0   c_5.l
       660          8          0          0          0          0   fz_5s.l
        48          4          0          0          0          0   m_5s.l
     96774       2562       8924       2039      19698          0   wifi.lib

    ----------------------------------------------------------------------
    110376       3062       9484       2044      19940          0   Library Totals

    ----------------------------------------------------------------------

==============================================================================


      Code (inc. data)   RO Data    RW Data    ZI Data      Debug   

    239204      10176      22112       4972     129432          0   Grand Totals
    239204      10176      22112       2384     129432          0   ELF Image Totals (compressed)
    239204      10176      22112       2384          0          0   ROM Totals

==============================================================================

    Total RO  Size (Code + RO Data)               261316 ( 255.19kB)
    Total RW  Size (RW Data + ZI Data)            134404 ( 131.25kB)
    Total ROM Size (Code + RO Data + RW Data)     263700 ( 257.52kB)

==============================================================================

