ARM Linker, 5.03 [Build 76] [MDK-ARM Professional]

==============================================================================

Section Cross References

    wm_http_fwup.o(.text) refers to _printf_percent.o(.ARM.Collect$$_printf_percent$$00000000) for _printf_percent
    wm_http_fwup.o(.text) refers to _printf_d.o(.ARM.Collect$$_printf_percent$$00000009) for _printf_d
    wm_http_fwup.o(.text) refers to _printf_dec.o(.text) for _printf_int_dec
    wm_http_fwup.o(.text) refers to wm_mem.o(.text) for mem_alloc_debug
    wm_http_fwup.o(.text) refers to rt_memclr.o(.text) for __aeabi_memclr
    wm_http_fwup.o(.text) refers to httpclient.o(.text) for HTTPClientOpenRequest
    wm_http_fwup.o(.text) refers to rt_memclr_w.o(.text) for __aeabi_memclr4
    wm_http_fwup.o(.text) refers to strstr.o(.text) for strstr
    wm_http_fwup.o(.text) refers to atol.o(.text) for atol
    wm_http_fwup.o(.text) refers to wm_socket_fwup.o(.text) for socket_fwup_accept
    wm_http_fwup.o(.text) refers to pbuf.o(.text) for pbuf_alloc
    wm_http_fwup.o(.text) refers to tasks.o(.text) for vTaskDelay
    wm_http_fwup.o(.text) refers to aeabi_sdiv.o(.text_udiv) for __aeabi_uidivmod
    wm_http_fwup.o(.text) refers to __2printf.o(.text) for __2printf
    wm_socket_fwup.o(.text) refers to pbuf.o(.text) for pbuf_copy_partial
    wm_socket_fwup.o(.text) refers to wm_fwup.o(.text) for tls_fwup_request_sync
    wm_socket_fwup.o(.text) refers to tls_netconn.o(.text) for tls_socket_close
    wm_socket_fwup.o(.text) refers to wm_mem.o(.text) for mem_alloc_debug
    wm_socket_fwup.o(.text) refers to rt_memclr.o(.text) for __aeabi_memclr
    wm_socket_fwup.o(.text) refers to __2printf.o(.text) for __2printf
    wm_socket_fwup.o(.text) refers to wm_socket_fwup.o(.data) for .data
    dhcp_server.o(.text) refers to timers.o(.text) for sys_timeout_p
    dhcp_server.o(.text) refers to memcmp.o(.text) for memcmp
    dhcp_server.o(.text) refers to rt_memclr_w.o(.text) for __aeabi_memclr4
    dhcp_server.o(.text) refers to rt_memcpy.o(.text) for __aeabi_memcpy
    dhcp_server.o(.text) refers to wm_mem.o(.text) for mem_alloc_debug
    dhcp_server.o(.text) refers to pbuf.o(.text) for pbuf_alloc
    dhcp_server.o(.text) refers to def.o(.text) for lwip_htonl
    dhcp_server.o(.text) refers to ethernet.o(.text) for tls_get_netif
    dhcp_server.o(.text) refers to etharp.o(.text) for etharp_update_arp_entry
    dhcp_server.o(.text) refers to udp.o(.text) for udp_sendto
    dhcp_server.o(.text) refers to dhcp_server.o(.bss) for .bss
    dhcp_server.o(.text) refers to ip_addr.o(.constdata) for ip_addr_broadcast
    dhcp_server.o(.text) refers to aeabi_sdiv.o(.text_udiv) for __aeabi_uidivmod
    dhcp_server.o(.text) refers to ip_addr.o(.constdata) for ip_addr_any
    dns_server.o(.text) refers to strlen.o(.text) for strlen
    dns_server.o(.text) refers to wm_mem.o(.text) for mem_alloc_debug
    dns_server.o(.text) refers to def.o(.text) for lwip_htons
    dns_server.o(.text) refers to rt_memcpy.o(.text) for __aeabi_memcpy
    dns_server.o(.text) refers to pbuf.o(.text) for pbuf_alloc
    dns_server.o(.text) refers to udp.o(.text) for udp_sendto
    dns_server.o(.text) refers to rt_memclr_w.o(.text) for __aeabi_memclr4
    dns_server.o(.text) refers to dns_server.o(.bss) for .bss
    dns_server.o(.text) refers to ip_addr.o(.constdata) for ip_addr_any
    httpclient.o(.text) refers to strcpy.o(.text) for strcpy
    httpclient.o(.text) refers to wm_mem.o(.text) for mem_alloc_debug
    httpclient.o(.text) refers to rt_memclr_w.o(.text) for __aeabi_memclr4
    httpclient.o(.text) refers to rt_memclr.o(.text) for __aeabi_memclr
    httpclient.o(.text) refers to httpclientwrapper.o(.text) for HTTPWrapperGetUpTime
    httpclient.o(.text) refers to tls_sockets.o(.text) for shutdown
    httpclient.o(.text) refers to rt_memcpy.o(.text) for __aeabi_memcpy
    httpclient.o(.text) refers to strlen.o(.text) for strlen
    httpclient.o(.text) refers to strcat.o(.text) for strcat
    httpclient.o(.text) refers to httpclientstring.o(.text) for HTTPStrCaseStr
    httpclient.o(.text) refers to strstr.o(.text) for strstr
    httpclient.o(.text) refers to httpclient.o(.constdata) for .constdata
    httpclient.o(.text) refers to atol.o(.text) for atol
    httpclient.o(.text) refers to strncpy.o(.text) for strncpy
    httpclient.o(.text) refers to memcmp.o(.text) for memcmp
    httpclientstring.o(.text) refers to strlen.o(.text) for strlen
    httpclientstring.o(.text) refers to strstr.o(.text) for strstr
    httpclientstring.o(.text) refers to toupper.o(.text) for toupper
    httpclientstring.o(.text) refers to strchr.o(.text) for strchr
    httpclientstring.o(.text) refers to tolower.o(.text) for tolower
    httpclientstring.o(.text) refers to rt_ctype_table.o(.text) for __rt_ctype_table
    httpclientwrapper.o(.text) refers to aeabi_sdiv.o(.text) for __aeabi_idivmod
[...]
    _ll_sdiv                                 0x00036fb8   ARM Code      80  llsdiv.o(.text)
    tolower                                  0x00037009   Thumb Code    26  tolower.o(.text)
    toupper                                  0x00037023   Thumb Code    30  toupper.o(.text)
    __2printf                                0x00037041   Thumb Code    22  __2printf.o(.text)
    __2sprintf                               0x0003705d   Thumb Code    40  __2sprintf.o(.text)
    _printf_pre_padding                      0x00037089   Thumb Code    44  _printf_pad.o(.text)
    _printf_post_padding                     0x000370b5   Thumb Code    34  _printf_pad.o(.text)
    _printf_str                              0x000370d7   Thumb Code    82  _printf_str.o(.text)
    Inline ARM to Thumb Veneer to _printf_int_dec 0x00037128   ARM Code       8  _printf_dec.o(.text)
    _printf_int_dec                          0x00037131   Thumb Code    90  _printf_dec.o(.text)
    Inline ARM to Thumb Veneer to _printf_int_hex 0x0003719c   ARM Code       8  _printf_hex_int.o(.text)
    _printf_int_hex                          0x000371a5   Thumb Code    84  _printf_hex_int.o(.text)
    _printf_longlong_hex                     0x000371a5   Thumb Code     0  _printf_hex_int.o(.text)
    __printf                                 0x000371fd   Thumb Code   306  __printf_flags_wp.o(.text)
    __0sscanf                                0x00037335   Thumb Code    54  __0sscanf.o(.text)
    _scanf_int                               0x00037375   Thumb Code   330  _scanf_int.o(.text)
    _scanf_string                            0x000374bf   Thumb Code   228  _scanf_str.o(.text)
    atoi                                     0x000375a3   Thumb Code    26  atoi.o(.text)
    atol                                     0x000375bd   Thumb Code    26  atol.o(.text)
    srand                                    0x000375d9   Thumb Code    46  rand.o(.text)
    _rand_init                               0x00037607   Thumb Code     4  rand.o(.text)
    strchr                                   0x00037619   Thumb Code    22  strchr.o(.text)
    strstr                                   0x0003762f   Thumb Code    40  strstr.o(.text)
    memcmp                                   0x00037657   Thumb Code   116  memcmp.o(.text)
    strcpy                                   0x000376cd   Thumb Code    72  strcpy.o(.text)
    strlen                                   0x00037719   Thumb Code    62  strlen.o(.text)
    memchr                                   0x0003775d   Thumb Code    24  memchr.o(.text)
    strcat                                   0x00037775   Thumb Code    24  strcat.o(.text)
    __aeabi_memcpy                           0x0003778c   ARM Code       0  rt_memcpy.o(.text)
    __rt_memcpy                              0x0003778c   ARM Code     212  rt_memcpy.o(.text)
    _memcpy_lastbytes                        0x00037840   ARM Code       0  rt_memcpy.o(.text)
    __aeabi_memcpy4                          0x00037860   ARM Code       0  rt_memcpy_w.o(.text)
    __aeabi_memcpy8                          0x00037860   ARM Code       0  rt_memcpy_w.o(.text)
    __rt_memcpy_w                            0x00037860   ARM Code     100  rt_memcpy_w.o(.text)
    _memcpy_lastbytes_aligned                0x000378ac   ARM Code       0  rt_memcpy_w.o(.text)
    __aeabi_memset                           0x000378c4   ARM Code      16  aeabi_memset.o(.text)
    __aeabi_memclr                           0x000378d4   ARM Code       0  rt_memclr.o(.text)
    __rt_memclr                              0x000378d4   ARM Code      64  rt_memclr.o(.text)
    _memset                                  0x000378d8   ARM Code       0  rt_memclr.o(.text)
    __aeabi_memclr4                          0x00037914   ARM Code       0  rt_memclr_w.o(.text)
    __aeabi_memclr8                          0x00037914   ARM Code       0  rt_memclr_w.o(.text)
    __rt_memclr_w                            0x00037914   ARM Code      84  rt_memclr_w.o(.text)
    _memset_w                                0x00037918   ARM Code       0  rt_memclr_w.o(.text)
    strncpy                                  0x00037968   ARM Code     104  strncpy.o(.text)
    strcmp                                   0x000379d4   ARM Code     156  strcmp.o(.text)
    __aeabi_uread4                           0x00037a74   ARM Code       0  uread4.o(.text)
    __rt_uread4                              0x00037a74   ARM Code      32  uread4.o(.text)
    __aeabi_uwrite4                          0x00037a94   ARM Code       0  uwrite4.o(.text)
    __rt_uwrite4                             0x00037a94   ARM Code      32  uwrite4.o(.text)
    __aeabi_idiv                             0x00037ab4   ARM Code       0  aeabi_sdiv.o(.text)
    __aeabi_idivmod                          0x00037ab4   ARM Code     380  aeabi_sdiv.o(.text)
    __use_two_region_memory                  0x00037c31   Thumb Code     2  heapauxi.o(.text)
    __rt_heap_escrow                         0x00037c33   Thumb Code     2  heapauxi.o(.text)
    __rt_heap_expand                         0x00037c35   Thumb Code     2  heapauxi.o(.text)
    __rt_heap_descriptor                     0x00037c38   ARM Code      16  rt_heap_descriptor_onelibspace.o(.text)
    __rt_locale                              0x00037c48   ARM Code      16  rt_locale_onelibspace.o(.text)
    __aeabi_errno_addr                       0x00037c58   ARM Code       4  rt_errno_addr_onelibspace.o(.text)
    __errno$onelibspace                      0x00037c58   ARM Code       0  rt_errno_addr_onelibspace.o(.text)
    __rt_errno_addr$onelibspace              0x00037c58   ARM Code       0  rt_errno_addr_onelibspace.o(.text)
    __use_no_heap                            0x00037c5d   Thumb Code     2  hguard.o(.text)
    __heap$guard                             0x00037c5f   Thumb Code     2  hguard.o(.text)
    _terminate_user_alloc                    0x00037c61   Thumb Code     2  init_alloc.o(.text)
    _init_user_alloc                         0x00037c63   Thumb Code     2  init_alloc.o(.text)
    __Heap_Full                              0x00037c65   Thumb Code    32  init_alloc.o(.text)
    __Heap_Broken                            0x00037c85   Thumb Code    10  init_alloc.o(.text)
    _init_alloc                              0x00037c8f   Thumb Code    90  init_alloc.o(.text)
    __Heap_Initialize                        0x00037ce9   Thumb Code    18  h1_init_mt.o(.text)
    __Heap_DescSize                          0x00037cfb   Thumb Code     4  h1_init_mt.o(.text)
    __aeabi_uldivmod                         0x00037d00   ARM Code       0  lludiv5.o(.text)
    _ll_udiv                                 0x00037d00   ARM Code     752  lludiv5.o(.text)
    _ll_udiv_donemoving                      0x00037d14   ARM Code       0  lludiv5.o(.text)
    _printf_int_common                       0x00037ff1   Thumb Code   176  _printf_intcommon.o(.text)
    _printf_char_common                      0x000380ab   Thumb Code    32  _printf_char_common.o(.text)
    _sputc                                   0x000380d1   Thumb Code    10  _sputc.o(.text)
    Inline ARM to Thumb Veneer to _printf_char 0x000380dc   ARM Code       8  _printf_char.o(.text)
    _printf_cs_common                        0x000380e5   Thumb Code    22  _printf_char.o(.text)
    _printf_char                             0x000380fb   Thumb Code    16  _printf_char.o(.text)
    _printf_string                           0x0003810b   Thumb Code     8  _printf_char.o(.text)
    _printf_char_file                        0x00038115   Thumb Code    34  _printf_char_file.o(.text)
    _chval                                   0x0003813d   Thumb Code    30  _chval.o(.text)
    __vfscanf_char                           0x00038169   Thumb Code    28  scanf_char.o(.text)
    _sgetc                                   0x0003818d   Thumb Code    32  _sgetc.o(.text)
    _sbackspace                              0x000381ad   Thumb Code    36  _sgetc.o(.text)
    strtol                                   0x000381d1   Thumb Code   108  strtol.o(.text)
    __rt_udiv10                              0x00038240   ARM Code      44  rtudiv10.o(.text)
    __Heap_ProvideMemory                     0x0003826d   Thumb Code    54  h1_extend_mt.o(.text)
    isspace                                  0x000382a3   Thumb Code    18  isspace.o(.text)
    __vfscanf                                0x000382b5   Thumb Code   910  _scanf.o(.text)
    _strtoul                                 0x00038651   Thumb Code   168  _strtoul.o(.text)
    __rt_SIGRTMEM                            0x000386f9   Thumb Code    12  defsig_rtmem_outer.o(.text)
    exit                                     0x00038705   Thumb Code    12  exit.o(.text)
    __sig_exit                               0x00038711   Thumb Code    12  defsig_exit.o(.text)
    __rt_SIGRTMEM_inner                      0x0003871d   Thumb Code    22  defsig_rtmem_inner.o(.text)
    __default_signal_display                 0x0003876d   Thumb Code    52  defsig_general.o(.text)
    __aeabi_uidiv                            0x000387a0   ARM Code       0  aeabi_sdiv.o(.text_udiv)
    __aeabi_uidivmod                         0x000387a0   ARM Code      36  aeabi_sdiv.o(.text_udiv)
    Init_MPU                                 0x000387c4   ARM Code     124  mpu.o(InitMPU)
    vPortStartFirstTask                      0x00038844   ARM Code       0  portasm.o(PORT_ASM)
    vPortYield                               0x00038874   ARM Code       0  portasm.o(PORT_ASM)
    vPortYieldProcessor                      0x0003887c   ARM Code       0  portasm.o(PORT_ASM)
    vPreemptiveTick                          0x00038908   ARM Code       0  portasm.o(PORT_ASM)
    freeRtosirqHandler                       0x0003899c   ARM Code       0  portasm.o(PORT_ASM)
    portDISABLE_INTERRUPTS                   0x00038a1c   ARM Code       0  portasm.o(PORT_ASM)
    portENABLE_INTERRUPTS                    0x00038a44   ARM Code       0  portasm.o(PORT_ASM)
    Long ARM to Thumb Veneer to _printf_string 0x00038a6c   ARM Code       8  anon$$obj.o(Veneer$$Code)
    __ARM_common_ll_mulss                    0x00038a74   ARM Code      12  tls_wl_rf65.o(i.__ARM_common_ll_mulss)
    __ARM_common_switch8                     0x00038a80   ARM Code      24  wm_cmdp_at.o(i.__ARM_common_switch8)
    _is_digit                                0x00038a99   Thumb Code    14  __printf_wp.o(i._is_digit)
    _get_lc_ctype                            0x00038aa8   ARM Code      72  lc_ctype_c.o(locale$$code)
    __fpl_dcheck_NaN1                        0x00038af0   ARM Code      12  dcheck1.o(x$fpl$dcheck1)
    __aeabi_d2iz                             0x00038b00   ARM Code       0  dfix.o(x$fpl$dfix)
    _dfix                                    0x00038b00   ARM Code     112  dfix.o(x$fpl$dfix)
    __aeabi_i2d                              0x00038b70   ARM Code       0  dflt_clz.o(x$fpl$dflt)
    _dflt                                    0x00038b70   ARM Code      52  dflt_clz.o(x$fpl$dflt)
    __fpl_dnaninf                            0x00038ba4   ARM Code     184  dnaninf.o(x$fpl$dnaninf)
    __fpl_return_NaN                         0x00038c5c   ARM Code     116  retnan.o(x$fpl$retnan)
    __ARM_scalbn                             0x00038cd0   ARM Code     104  scalbn.o(x$fpl$scalbn)
    __fpl_cmpreturn                          0x00038d38   ARM Code      60  trapv.o(x$fpl$trapveneer)
    __I$use$fp                               0x00038d74   Number         0  usenofp.o(x$fpl$usenofp)
    SysCreatedDate                           0x00038d8e   Data          12  wm_cmdp_at.o(.constdata)
    SysCreatedTime                           0x00038d9a   Data           9  wm_cmdp_at.o(.constdata)
    FirmWareVer                              0x00038e81   Data           4  wm_main.o(.constdata)
    HwVer                                    0x00038e85   Data           6  wm_main.o(.constdata)
    baud_rates                               0x00038ea0   Data         144  wm_uart.o(.constdata)
    memp_sizes                               0x00038f80   Data          30  memp.o(.constdata)
    tcp_persist_backoff                      0x00038fa0   Data           7  tcp.o(.constdata)
    tcp_state_str                            0x00038fa8   Data          44  tcp.o(.constdata)
    tcp_backoff                              0x00038fd4   Data          13  tcp.o(.constdata)
    tcp_pcb_lists                            0x00038fe4   Data          16  tcp.o(.constdata)
    ip_addr_any                              0x00038ff4   Data           4  ip_addr.o(.constdata)
    ip_addr_broadcast                        0x00038ff8   Data           4  ip_addr.o(.constdata)
    ethbroadcast                             0x00038ffc   Data           6  etharp.o(.constdata)
    ethzero                                  0x00039002   Data           6  etharp.o(.constdata)
    central_freq                             0x0003bc2c   Data         120  tls_wl_rf65.o(.constdata)
    bbp_value                                0x0003cdec   Data          80  tls_wl_phy.o(.constdata)
    Region$$Table$$Base                      0x0003e1b0   Number         0  anon$$obj.o(Region$$Table)
    Region$$Table$$Limit                     0x0003e1e0   Number         0  anon$$obj.o(Region$$Table)
    __ctype                                  0x0003e1ed   Data           0  lc_ctype_c.o(locale$$data)
    gfwupdatemode                            0x0003e2f4   Data           1  wm_cmdp.o(.data)
    net_up                                   0x0003e2f5   Data           1  wm_cmdp.o(.data)
    RSTTIMER                                 0x0003e2f8   Data           4  wm_cmdp.o(.data)
    set_uart0_mode_callback                  0x0003e2fc   Data           4  wm_cmdp.o(.data)
    get_uart1_port_callback                  0x0003e300   Data           4  wm_cmdp.o(.data)
    set_uart1_mode_callback                  0x0003e304   Data           4  wm_cmdp.o(.data)
    set_uart1_sock_param_callback            0x0003e308   Data           4  wm_cmdp.o(.data)
    gulCalFlag                               0x0003e30c   Data           1  wm_cmdp_at.o(.data)
    default_socket                           0x0003e760   Data           1  wm_cmdp_hostif.o(.data)
    WmOneshotMsg                             0x0003e77c   Data           4  wm_cmdp_oneshot_task.o(.data)
    WmOneshotQueue                           0x0003e780   Data           4  wm_cmdp_oneshot_task.o(.data)
    WmOneShotTaskStk                         0x0003e784   Data           4  wm_cmdp_oneshot_task.o(.data)
    guchandshakeflag                         0x0003e78c   Data           1  wm_wifi_oneshot.o(.data)
    uctotalchannum                           0x0003e78d   Data           1  wm_wifi_oneshot.o(.data)
    usIsDataIn                               0x0003e798   Data           2  wm_wifi_oneshot.o(.data)
    airwifichan                              0x0003e7bc   Data          13  wm_wifi_oneshot.o(.data)
    net_up_status                            0x0003e7cc   Data           1  wm_main.o(.data)
    libc_sem                                 0x0003e7d0   Data           4  wm_main.o(.data)
    pxCurrentTCB                             0x0003e7fc   Data           4  tasks.o(.data)
    ulCriticalNesting                        0x0003e850   Data           4  port.o(.data)
    channels                                 0x0003e85c   Data           8  wm_dma.o(.data)
    intr_counter                             0x0003e8b8   Data           1  wm_irq.o(.data)
    pwm_num                                  0x0003e8b9   Data           1  wm_pwm.o(.data)
    pwm_on                                   0x0003e8ba   Data           1  wm_pwm.o(.data)
    pwm_io                                   0x0003e8bb   Data           4  wm_pwm.o(.data)
    current_src_ip                           0x0003e8c0   Data           4  tls_netconn.o(.data)
    h_errno                                  0x0003e8d8   Data           4  netdb.o(.data)
    netif_list                               0x0003e908   Data           4  netif.o(.data)
    netif_default                            0x0003e90c   Data           4  netif.o(.data)
    tcp_active_pcbs_changed                  0x0003e914   Data           1  tcp.o(.data)
    sndbuf_len                               0x0003e91c   Data           4  tcp.o(.data)
    tcp_ticks                                0x0003e924   Data           4  tcp.o(.data)
    tcp_bound_pcbs                           0x0003e928   Data           4  tcp.o(.data)
    tcp_listen_pcbs                          0x0003e92c   Data           4  tcp.o(.data)
    tcp_active_pcbs                          0x0003e930   Data           4  tcp.o(.data)
    tcp_tw_pcbs                              0x0003e934   Data           4  tcp.o(.data)
    tcp_tmp_pcb                              0x0003e938   Data           4  tcp.o(.data)
    tcp_input_pcb                            0x0003e954   Data           4  tcp_in.o(.data)
    udp_pcbs                                 0x0003e960   Data           4  udp.o(.data)
    current_netif                            0x0003e968   Data           4  ip.o(.data)
    current_header                           0x0003e96c   Data           4  ip.o(.data)
    current_iphdr_src                        0x0003e970   Data           4  ip.o(.data)
    current_iphdr_dest                       0x0003e974   Data           4  ip.o(.data)
    ethif                                    0x0003e984   Data           4  ethernet.o(.data)
    nif                                      0x0003e988   Data           4  ethernet.o(.data)
    lwip_task_priopity_stack                 0x0003e98c   Data           2  sys_arch.o(.data)
    __stdout                                 0x0003e990   Data           4  retarget.o(.data)
    msg_queue                                0x0003e994   Data           4  tls_sys.o(.data)
    g_u8ClientSendLen                        0x0003e9b4   Data           1  zc_hf_adpter.o(.data)
    g_u16TcpMss                              0x0003e9b8   Data           2  zc_hf_adpter.o(.data)
    g_struTimermutex                         0x0003e9bc   Data           4  zc_hf_adpter.o(.data)
    g_u32BcSleepCount                        0x0003e9c0   Data           4  zc_hf_adpter.o(.data)
    g_u32session_id                          0x0003e9c4   Data           4  zc_hf_adpter.o(.data)
    g_Bcfd                                   0x0003e9c8   Data           4  zc_bc.o(.data)
    g_pu8RemoteAddr                          0x0003e9cc   Data           4  zc_bc.o(.data)
    g_u32GloablIp                            0x0003e9d4   Data           4  zc_bc.o(.data)
    g_u8DefaultCloudKey                      0x0003e9d8   Data          36  zc_configuration.o(.data)
    g_u8DefaultTokenKey                      0x0003e9fc   Data          16  zc_configuration.o(.data)
    crc_ta_8                                 0x0003ea0c   Data        1024  crc.o(.data)
    crc_ta_4                                 0x0003ee0c   Data          64  crc.o(.data)
    wpa_s                                    0x0003ee4c   Data           4  wpa_supplicant.o(.data)
    supplicant_event_ops                     0x0003ee58   Data          60  wpa_supplicant.o(.data)
    wif                                      0x0003ee94   Data           4  tls_wl_core.o(.data)
    sleepmode                                0x0003ee98   Data           1  tls_wl_if.o(.data)
    hed_rf65_txgainmap                       0x0003ee99   Data          32  tls_wl_rf65.o(.data)
    minus_Ileakage                           0x0003eebc   Data           1  tls_wl_rf65.o(.data)
    sample_num                               0x0003eec0   Data           4  tls_wl_rf65.o(.data)
    tx_rx                                    0x0003eec4   Data           4  tls_wl_rf65.o(.data)
    LO_compensate_use                        0x0003eec8   Data           4  tls_wl_rf65.o(.data)
    leakage_times                            0x0003eecc   Data           4  tls_wl_rf65.o(.data)
    hed_rf65_current_channel                 0x0003eed0   Data           4  tls_wl_rf65.o(.data)
    FFT_Data                                 0x0003eed4   Data           4  tls_wl_rf65.o(.data)
    tempRev                                  0x0003eed8   Data           4  tls_wl_rf65.o(.data)
    rf65_set_chan_common_data_20m            0x0003eedc   Data          96  tls_wl_rf65.o(.data)
    rf65_set_chan_common_data_40m            0x0003ef3c   Data          96  tls_wl_rf65.o(.data)
    rf65_chan24g_20m                         0x0003ef9c   Data         180  tls_wl_rf65.o(.data)
    rf65_chan24g_40m                         0x0003f050   Data         180  tls_wl_rf65.o(.data)
    _set_chan_common_data_20mrf              0x0003f104   Data         100  tls_wl_rf65.o(.data)
    cos132                                   0x0003f168   Data         128  tls_wl_rf65.o(.data)
    sin132                                   0x0003f1e8   Data         128  tls_wl_rf65.o(.data)
    rfc1042_header                           0x0003f276   Data           6  tls_wl_tx.o(.data)
    bridge_tunnel_header                     0x0003f27c   Data           6  tls_wl_tx.o(.data)
    g_wifi_data_recv_callback                0x0003f284   Data           4  wm_wifi_api.o(.data)
    g_ltpt_testmode                          0x0003f2a4   Data           4  litepoint.o(.data)
    updp_mode                                0x0003f2b0   Data           1  wm_param.o(.data)
    f_bss                                    0x0003f2b8   Data           4  tls_wl_bss.o(.data)
    wl_region                                0x0003f2bc   Data          24  tls_wl_hw.o(.data)
    band_2GHz                                0x0003f2d4   Data          44  tls_wl_hw.o(.data)
    socket_cfg                               0x0003fb54   Data          48  wm_cmdp.o(.bss)
    g_hostif_tx_msg                          0x0003fb84   Data        1600  wm_cmdp_hostif.o(.bss)
    g_hostif_tx_event_msg                    0x000401c4   Data         400  wm_cmdp_hostif.o(.bss)
    g_hostif                                 0x00040354   Data          64  wm_cmdp_hostif.o(.bss)
    sockrecvmit                              0x00040394   Data          80  wm_cmdp_hostif.o(.bss)
    skt_desc_def                             0x000403e4   Data          76  wm_cmdp_hostif.o(.bss)
    skt_desc                                 0x00040430   Data          76  wm_cmdp_hostif.o(.bss)
    uart_st                                  0x0004047c   Data         128  wm_uart_task.o(.bss)
    uart_net_send_data                       0x000404fc   Data         512  wm_uart_task.o(.bss)
    ricmd_buffer                             0x000406fc   Data         208  wm_uart_task.o(.bss)
    TaskStartStk                             0x00040934   Data        1200  wm_main.o(.bss)
    uart_port                                0x000445b4   Data         288  wm_uart.o(.bss)
    intr_handler_vect                        0x000446d4   Data         512  wm_irq.o(.bss)
    pwm_info                                 0x000448d4   Data          96  wm_pwm.o(.bss)
    p_net_conn                               0x00044934   Data          80  tls_netconn.o(.bss)
    dhcp_rx_options_val                      0x00044a58   Data          40  dhcp.o(.bss)
    dhcp_rx_options_given                    0x00044a80   Data          10  dhcp.o(.bss)
    lwip_stats                               0x000450f0   Data         186  stats.o(.bss)
    netif_status_event                       0x000452a8   Data          12  ethernet.o(.bss)
    lwip_task_stk                            0x000452b4   Data        4096  sys_arch.o(.bss)
    sys_task_stk                             0x00046434   Data        1024  tls_sys.o(.bss)
    g_struHfAdapter                          0x00048570   Data          64  zc_hf_adpter.o(.bss)
    g_u8recvbuffer                           0x000485b0   Data        1000  zc_hf_adpter.o(.bss)
    g_struUartBuffer                         0x00048998   Data        1008  zc_hf_adpter.o(.bss)
    g_struHfTimer                            0x00048d88   Data          80  zc_hf_adpter.o(.bss)
    g_u8BcSendBuffer                         0x00048dd8   Data         100  zc_hf_adpter.o(.bss)
    struRemoteAddr                           0x00048e3c   Data          16  zc_hf_adpter.o(.bss)
    TaskHFCloudfuncStk                       0x00048e4c   Data        1600  zc_hf_adpter.o(.bss)
    g_struRecvBuffer                         0x0004948c   Data         608  zc_hf_adpter.o(.bss)
    g_struRetxBuffer                         0x000496ec   Data         608  zc_hf_adpter.o(.bss)
    g_struClientBuffer                       0x0004994c   Data         608  zc_hf_adpter.o(.bss)
    g_struRecvQueue                          0x00049bac   Data          32  zc_hf_adpter.o(.bss)
    g_struSendBuffer                         0x00049bcc   Data        1216  zc_hf_adpter.o(.bss)
    g_struSendQueue                          0x0004a08c   Data          32  zc_hf_adpter.o(.bss)
    g_u8MsgBuildBuffer                       0x0004a0ac   Data         600  zc_hf_adpter.o(.bss)
    g_struClientInfo                         0x0004a304   Data          40  zc_client_manager.o(.bss)
    g_struZcConfigDb                         0x0004a32c   Data         300  zc_configuration.o(.bss)
    g_struRegisterInfo                       0x0004a458   Data         140  zc_configuration.o(.bss)
    g_struProtocolController                 0x0004a4e4   Data         140  zc_protocol_controller.o(.bss)
    g_struTimer                              0x0004a570   Data          80  zc_timer.o(.bss)
    X                                        0x0004a5c0   Data          88  bignum.o(.bss)
    Y                                        0x0004a618   Data          88  bignum.o(.bss)
    Z                                        0x0004a670   Data          88  bignum.o(.bss)
    O_T1                                     0x0004a6c8   Data          88  bignum.o(.bss)
    O_T2                                     0x0004a720   Data          88  bignum.o(.bss)
    O_RR                                     0x0004a778   Data          88  bignum.o(.bss)
    O_T                                      0x0004a7d0   Data          88  bignum.o(.bss)
    O_W                                      0x0004a828   Data        5632  bignum.o(.bss)
    T                                        0x0004be28   Data          88  rsa.o(.bss)
    T1                                       0x0004be80   Data          88  rsa.o(.bss)
    T2                                       0x0004bed8   Data          88  rsa.o(.bss)
    buf                                      0x0004bf30   Data          64  rsa.o(.bss)
    supplicant_task_stk                      0x0004bf70   Data        8192  wpa_supplicant.o(.bss)
    supplicant_timer_task_stk                0x0004df70   Data         512  wpa_supplicant.o(.bss)
    tx_gain_group                            0x0004e170   Data          29  tls_wl_core.o(.bss)
    scan_task_stk                            0x0004e190   Data         800  tls_wl_core.o(.bss)
    mlme_task_stk                            0x0004e4b0   Data        1200  tls_wl_core.o(.bss)
    txmgmt_cmpt_task_stk                     0x0004e960   Data         512  tls_wl_core.o(.bss)
    rx_task_stk                              0x0004eb60   Data        1600  tls_wl_core.o(.bss)
    bss_mgmt_task_stk                        0x0004f1a0   Data         512  tls_wl_core.o(.bss)
    rf65_cw_data                             0x0004f3a0   Data          96  tls_wl_rf65.o(.bss)
    avrg_atti_tx                             0x0004f400   Data          16  tls_wl_rf65.o(.bss)
    init_param_tmp                           0x0004f410   Data          20  tls_wl_rf65.o(.bss)
    g_wl_txbuf                               0x0004f424   Data         756  tls_wl_tx.o(.bss)
    g_wl_mgmt_txbuf                          0x0004f718   Data         864  tls_wl_tx.o(.bss)
    g_ltpt_rxinfo                            0x00050254   Data          20  litepoint.o(.bss)
    g_ltpt_txinfo                            0x00050268   Data          28  litepoint.o(.bss)
    user_default_param                       0x00050758   Data         608  wm_param.o(.bss)
    g_wl_rxbuf                               0x000509b8   Data         504  tls_wl_rx.o(.bss)
    _random_number_data                      0x00050c68   Data         228  rand.o(.bss)



==============================================================================

Memory Map of the image

  Image Entry point : 0x00000400

  Load Region LR_ROM1 (Base: 0x00000400, Size: 0x0003f248, Max: 0x0005f000, ABSOLUTE, COMPRESSED[0x0003e840])

    Execution Region ER_ROM1 (Base: 0x00000400, Size: 0x0003def0, Max: 0x0005f000, ABSOLUTE)

    Base Addr    Size         Type   Attr      Idx    E Section Name        Object

    0x00000400   0x000000ec   Code   RO          256  * RESET               start.o
    0x000004ec   0x00000008   Code   RO          540  * !!!main             c_5.l(__main.o)
    0x000004f4   0x0000003c   Code   RO          778    !!!scatter          c_5.l(__scatter.o)
    0x00000530   0x0000005c   Code   RO          777    !!dczerorl2         c_5.l(__dczerorl2.o)
    0x0000058c   0x00000028   Code   RO          779    !!handler_copy      c_5.l(__scatter_copy.o)
    0x000005b4   0x0000002c   Code   RO          780    !!handler_zi        c_5.l(__scatter_zi.o)
    0x000005e0   0x00000000   Code   RO          505    .ARM.Collect$$_printf_percent$$00000000  c_5.l(_printf_percent.o)
    0x000005e0   0x00000008   Code   RO          501    .ARM.Collect$$_printf_percent$$00000009  c_5.l(_printf_d.o)
    0x000005e8   0x00000008   Code   RO          502    .ARM.Collect$$_printf_percent$$0000000A  c_5.l(_printf_u.o)
    0x000005f0   0x00000008   Code   RO          500    .ARM.Collect$$_printf_percent$$0000000C  c_5.l(_printf_x.o)
    0x000005f8   0x00000008   Code   RO          498    .ARM.Collect$$_printf_percent$$00000013  c_5.l(_printf_c.o)
    0x00000600   0x00000008   Code   RO          499    .ARM.Collect$$_printf_percent$$00000014  c_5.l(_printf_s.o)
    0x00000608   0x00000008   Code   RO          596    .ARM.Collect$$_printf_percent$$00000017  c_5.l(_printf_percent_end.o)
    0x00000610   0x00000002   Code   RO          734    .ARM.Collect$$libinit$$00000000  c_5.l(libinit.o)
    0x00000612   0x00000000   Code   RO          606    .ARM.Collect$$libinit$$00000002  c_5.l(libinit2.o)
    0x00000612   0x00000008   Code   RO          607    .ARM.Collect$$libinit$$00000003  c_5.l(libinit2.o)
    0x0000061a   0x00000000   Code   RO          609    .ARM.Collect$$libinit$$00000008  c_5.l(libinit2.o)
    0x0000061a   0x00000000   Code   RO          611    .ARM.Collect$$libinit$$0000000A  c_5.l(libinit2.o)
    0x0000061a   0x00000004   Code   RO          612    .ARM.Collect$$libinit$$0000000B  c_5.l(libinit2.o)
    0x0000061e   0x00000000   Code   RO          613    .ARM.Collect$$libinit$$0000000C  c_5.l(libinit2.o)
    0x0000061e   0x00000006   Code   RO          614    .ARM.Collect$$libinit$$0000000D  c_5.l(libinit2.o)
    0x00000624   0x00000000   Code   RO          616    .ARM.Collect$$libinit$$0000000F  c_5.l(libinit2.o)
    0x00000624   0x0000000c   Code   RO          617    .ARM.Collect$$libinit$$00000010  c_5.l(libinit2.o)
    0x00000630   0x00000000   Code   RO          618    .ARM.Collect$$libinit$$00000011  c_5.l(libinit2.o)
    0x00000630   0x00000000   Code   RO          620    .ARM.Collect$$libinit$$00000013  c_5.l(libinit2.o)
    0x00000630   0x00000000   Code   RO          622    .ARM.Collect$$libinit$$00000015  c_5.l(libinit2.o)
    0x00000630   0x00000000   Code   RO          624    .ARM.Collect$$libinit$$00000017  c_5.l(libinit2.o)
    0x00000630   0x00000000   Code   RO          626    .ARM.Collect$$libinit$$00000019  c_5.l(libinit2.o)
    0x00000630   0x00000000   Code   RO          628    .ARM.Collect$$libinit$$0000001B  c_5.l(libinit2.o)
    0x00000630   0x00000000   Code   RO          630    .ARM.Collect$$libinit$$0000001D  c_5.l(libinit2.o)
    0x00000630   0x00000000   Code   RO          632    .ARM.Collect$$libinit$$0000001F  c_5.l(libinit2.o)
    0x00000630   0x00000000   Code   RO          634    .ARM.Collect$$libinit$$00000021  c_5.l(libinit2.o)
    0x00000630   0x00000000   Code   RO          636    .ARM.Collect$$libinit$$00000023  c_5.l(libinit2.o)
    0x00000630   0x00000000   Code   RO          640    .ARM.Collect$$libinit$$0000002A  c_5.l(libinit2.o)
    0x00000630   0x00000000   Code   RO          642    .ARM.Collect$$libinit$$0000002C  c_5.l(libinit2.o)
    0x00000630   0x00000000   Code   RO          644    .ARM.Collect$$libinit$$0000002E  c_5.l(libinit2.o)
    0x00000630   0x00000000   Code   RO          646    .ARM.Collect$$libinit$$00000030  c_5.l(libinit2.o)
    0x00000630   0x00000002   Code   RO          647    .ARM.Collect$$libinit$$00000031  c_5.l(libinit2.o)
    0x00000632   0x00000002   Code   RO          774    .ARM.Collect$$libshutdown$$00000000  c_5.l(libshutdown.o)
    0x00000634   0x00000000   Code   RO          745    .ARM.Collect$$libshutdown$$00000003  c_5.l(libshutdown2.o)
    0x00000634   0x00000000   Code   RO          748    .ARM.Collect$$libshutdown$$00000006  c_5.l(libshutdown2.o)
    0x00000634   0x00000000   Code   RO          751    .ARM.Collect$$libshutdown$$00000009  c_5.l(libshutdown2.o)
    0x00000634   0x00000000   Code   RO          753    .ARM.Collect$$libshutdown$$0000000B  c_5.l(libshutdown2.o)
    0x00000634   0x00000000   Code   RO          756    .ARM.Collect$$libshutdown$$0000000E  c_5.l(libshutdown2.o)
    0x00000634   0x00000002   Code   RO          757    .ARM.Collect$$libshutdown$$0000000F  c_5.l(libshutdown2.o)
    0x00000636   0x00000002   PAD
    0x00000638   0x00000000   Code   RO          563    .ARM.Collect$$rtentry$$00000000  c_5.l(rtentry.o)
    0x00000638   0x00000000   Code   RO          668    .ARM.Collect$$rtentry$$00000002  c_5.l(rtentry2.o)
    0x00000638   0x00000008   Code   RO          680    .ARM.Collect$$rtentry$$00000004  c_5.l(rtentry4.o)
    0x00000640   0x00000000   Code   RO          670    .ARM.Collect$$rtentry$$00000009  c_5.l(rtentry2.o)
    0x00000640   0x00000004   Code   RO          671    .ARM.Collect$$rtentry$$0000000A  c_5.l(rtentry2.o)
    0x00000644   0x00000000   Code   RO          673    .ARM.Collect$$rtentry$$0000000C  c_5.l(rtentry2.o)
    0x00000644   0x00000028   Code   RO          674    .ARM.Collect$$rtentry$$0000000D  c_5.l(rtentry2.o)
    0x0000066c   0x00000004   Code   RO          736    .ARM.Collect$$rtexit$$00000000  c_5.l(rtexit.o)
    0x00000670   0x00000000   Code   RO          759    .ARM.Collect$$rtexit$$00000002  c_5.l(rtexit2.o)
    0x00000670   0x00000004   Code   RO          760    .ARM.Collect$$rtexit$$00000003  c_5.l(rtexit2.o)
    0x00000674   0x00000008   Code   RO          761    .ARM.Collect$$rtexit$$00000004  c_5.l(rtexit2.o)
    0x0000067c   0x00000038   Code   RO          511    .emb_text           c_5.l(rand.o)
    0x000006b4   0x00000000   Code   RO          686    .emb_text           c_5.l(maybetermalloc1.o)
    0x000006b4   0x000008f2   Code   RO            7    .text               dhcp_server.o
    0x00000fa6   0x00000002   PAD
    0x00000fa8   0x00000350   Code   RO            9    .text               dns_server.o
    0x000012f8   0x00001254   Code   RO           11    .text               httpclient.o
    0x0000254c   0x00000250   Code   RO           13    .text               httpclientstring.o
    0x0000279c   0x000001d0   Code   RO           14    .text               httpclientwrapper.o
    0x0000296c   0x00000314   Code   RO           15    .text               wm_httpclient_task.o
    0x00002c80   0x00000dec   Code   RO           18    .text               wm_cmdp.o
    0x00003a6c   0x000034d8   Code   RO           21    .text               wm_cmdp_at.o
    0x00006f44   0x00001084   Code   RO           27    .text               wm_cmdp_hostif.o
    0x00007fc8   0x00000074   Code   RO           30    .text               wm_cmdp_ri.o
    0x0000803c   0x00000fd4   Code   RO           32    .text               wm_uart_task.o
    0x00009010   0x000000a4   Code   RO           36    .text               wm_uart_timer.o
    0x000090b4   0x00000198   Code   RO           37    .text               wm_cmdp_oneshot_task.o
    0x0000924c   0x00000d78   Code   RO           39    .text               wm_wifi_oneshot.o
    0x00009fc4   0x0000004c   Code   RO           80    .text               main.o
    0x0000a010   0x0000012c   Code   RO           84    .text               wm_main.o
    0x0000a13c   0x0000004c   Code   RO           91    .text               clock.o
    0x0000a188   0x000000f0   Code   RO          133    .text               heap_2.o
    0x0000a278   0x0000008c   Code   RO          136    .text               list.o
    0x0000a304   0x0000047e   Code   RO          137    .text               queue.o
    0x0000a782   0x00000002   PAD
    0x0000a784   0x00000348   Code   RO          138    .text               rtostimers.o
    0x0000aacc   0x0000099c   Code   RO          141    .text               tasks.o
    0x0000b468   0x0000011c   Code   RO          145    .text               port.o
    0x0000b584   0x00000f54   Code   RO          149    .text               wm_hostspi.o
    0x0000c4d8   0x00000048   Code   RO          152    .text               wm_timer.o
    0x0000c520   0x00000878   Code   RO          153    .text               wm_uart.o
    0x0000cd98   0x00000128   Code   RO          160    .text               wm_dma.o
    0x0000cec0   0x00000070   Code   RO          162    .text               wm_efuse.o
    0x0000cf30   0x000005ec   Code   RO          163    .text               wm_fls.o
    0x0000d51c   0x0000024c   Code   RO          165    .text               wm_fls_gd25qxx.o
    0x0000d768   0x00000248   Code   RO          167    .text               wm_gpio.o
    0x0000d9b0   0x00000090   Code   RO          168    .text               wm_cpu.o
    0x0000da40   0x00000264   Code   RO          169    .text               wm_irq.o
    0x0000dca4   0x000001e4   Code   RO          175    .text               wm_pwm.o
    0x0000de88   0x000000ac   Code   RO          179    .text               tls_sockets.o
    0x0000df34   0x00000c3c   Code   RO          180    .text               tls_netconn.o
    0x0000eb70   0x000002d0   Code   RO          184    .text               tcpip.o
    0x0000ee40   0x0000045c   Code   RO          186    .text               api_lib.o
    0x0000f29c   0x00000c40   Code   RO          187    .text               api_msg.o
    0x0000fedc   0x0000010c   Code   RO          188    .text               netbuf.o
    0x0000ffe8   0x000001cc   Code   RO          189    .text               netdb.o
    0x000101b4   0x000000cc   Code   RO          192    .text               netifapi.o
    0x00010280   0x00000fc0   Code   RO          193    .text               sockets.o
    0x00011240   0x00000028   Code   RO          197    .text               def.o
    0x00011268   0x00000d30   Code   RO          198    .text               dhcp.o
    0x00011f98   0x000004f8   Code   RO          201    .text               dns.o
    0x00012490   0x00000024   Code   RO          204    .text               init.o
    0x000124b4   0x00000218   Code   RO          206    .text               netif.o
    0x000126cc   0x000004fc   Code   RO          208    .text               pbuf.o
    0x00012bc8   0x00000188   Code   RO          209    .text               raw.o
    0x00012d50   0x00000002   Code   RO          211    .text               stats.o
    0x00012d52   0x00000002   PAD
    0x00012d54   0x00000b2c   Code   RO          214    .text               tcp.o
    0x00013880   0x00000e10   Code   RO          218    .text               tcp_in.o
    0x00014690   0x00000c8c   Code   RO          221    .text               tcp_out.o
    0x0001531c   0x00000234   Code   RO          222    .text               timers.o
    0x00015550   0x00000474   Code   RO          225    .text               udp.o
    0x000159c4   0x0000021c   Code   RO          227    .text               icmp.o
    0x00015be0   0x000001f8   Code   RO          228    .text               inet_chksum.o
    0x00015dd8   0x00000398   Code   RO          229    .text               ip.o
    0x00016170   0x000001f0   Code   RO          231    .text               ip_addr.o
    0x00016360   0x0000068c   Code   RO          235    .text               ip_frag.o
    0x000169ec   0x00000760   Code   RO          237    .text               etharp.o
    0x0001714c   0x00000100   Code   RO          241    .text               ethernetif.o
    0x0001724c   0x00000280   Code   RO          242    .text               ethernet.o
    0x000174cc   0x00000384   Code   RO          245    .text               sys_arch.o
    0x00017850   0x00000008   Ven    RO          249    .text               retarget.o
    0x00017858   0x00000048   Code   RO          249    .text               retarget.o
    0x000178a0   0x00000024   Code   RO          257    .text               start.o
    0x000178c4   0x0000037c   Code   RO          258    .text               tls_sys.o
    0x00017c40   0x00000048   Code   RO          261    .text               wm_mem.o
    0x00017c88   0x000007f0   Code   RO          262    .text               utils.o
    0x00018478   0x0000085c   Code   RO          265    .text               wm_fwup.o
    0x00018cd4   0x000005c0   Code   RO          270    .text               user_main.o
    0x00019294   0x00000a74   Code   RO          275    .text               zc_hf_adpter.o
    0x00019d08   0x000000e8   Code   RO          288    .text               zc_bc.o
    0x00019df0   0x000002c4   Code   RO          290    .text               zc_client_manager.o
    0x0001a0b4   0x000001bc   Code   RO          292    .text               zc_cloud_event.o
    0x0001a270   0x000001b0   Code   RO          293    .text               zc_common.o
    0x0001a420   0x00000278   Code   RO          294    .text               zc_configuration.o
    0x0001a698   0x00000260   Code   RO          297    .text               zc_message_queue.o
    0x0001a8f8   0x0000047c   Code   RO          298    .text               zc_moudle_manager.o
    0x0001ad74   0x00000e0c   Code   RO          299    .text               zc_protocol_controller.o
    0x0001bb80   0x0000044c   Code   RO          301    .text               zc_sec_engine.o
    0x0001bfcc   0x00000104   Code   RO          303    .text               zc_timer.o
    0x0001c0d0   0x00002234   Code   RO          305    .text               bignum.o
    0x0001e304   0x000001e8   Code   RO          308    .text               aes_cbc.o
    0x0001e4ec   0x00000af0   Code   RO          309    .text               aes_core.o
    0x0001efdc   0x0000032c   Code   RO          311    .text               rsa.o
    0x0001f308   0x000000a8   Code   RO          313    .text               crc.o
    0x0001f3b0   0x00001b18   Code   RO          315    .text               wifi.lib(wpa_supplicant.o)
    0x00020ec8   0x0000084c   Code   RO          319    .text               wifi.lib(tls_wl_core.o)
    0x00021714   0x00000a4c   Code   RO          324    .text               wifi.lib(tls_wl_if.o)
    0x00022160   0x0000109c   Code   RO          326    .text               wifi.lib(tls_wl_rf65.o)
    0x000231fc   0x00001042   Code   RO          341    .text               wifi.lib(tls_wl_tx.o)
    0x0002423e   0x00000002   PAD
    0x00024240   0x0000048c   Code   RO          344    .text               wifi.lib(tls_wl_util.o)
    0x000246cc   0x00000954   Code   RO          346    .text               wifi.lib(wm_wifi_api.o)
    0x00025020   0x00000878   Code   RO          348    .text               wifi.lib(wm_wifi_oneshot_api.o)
    0x00025898   0x000002bc   Code   RO          351    .text               wifi.lib(litepoint.o)
    0x00025b54   0x00000c50   Code   RO          356    .text               wifi.lib(wm_param.o)
    0x000267a4   0x0000081e   Code   RO          360    .text               wifi.lib(ap.o)
    0x00026fc2   0x00000284   Code   RO          362    .text               wifi.lib(bss.o)
    0x00027246   0x00000002   PAD
    0x00027248   0x00000d58   Code   RO          363    .text               wifi.lib(events.o)
    0x00027fa0   0x000000a8   Code   RO          364    .text               wifi.lib(ieee802_1x.o)
    0x00028048   0x00000aac   Code   RO          365    .text               wifi.lib(ieee802_11.o)
    0x00028af4   0x000002d2   Code   RO          366    .text               wifi.lib(scan.o)
    0x00028dc6   0x000000e0   Code   RO          367    .text               wifi.lib(sha1-pbkdf2.o)
    0x00028ea6   0x00000002   PAD
    0x00028ea8   0x00000564   Code   RO          368    .text               wifi.lib(hostapd_sta_info.o)
    0x0002940c   0x000000e4   Code   RO          369    .text               wifi.lib(tkip_countermeasures.o)
    0x000294f0   0x00001090   Code   RO          370    .text               wifi.lib(wpa.o)
    0x0002a580   0x00000450   Code   RO          372    .text               wifi.lib(wpa_driver.o)
    0x0002a9d0   0x00000394   Code   RO          373    .text               wifi.lib(wpa_ie.o)
    0x0002ad64   0x00000140   Code   RO          374    .text               wifi.lib(wpabuf.o)
    0x0002aea4   0x00000144   Code   RO          375    .text               wifi.lib(wpas_glue.o)
    0x0002afe8   0x00000880   Code   RO          376    .text               wifi.lib(tls_wl_bss.o)
    0x0002b868   0x00000c08   Code   RO          378    .text               wifi.lib(tls_wl_hw.o)
    0x0002c470   0x000003a8   Code   RO          382    .text               wifi.lib(tls_wl_key.o)
    0x0002c818   0x00000bf0   Code   RO          383    .text               wifi.lib(tls_wl_mgmt.o)
    0x0002d408   0x000019a8   Code   RO          384    .text               wifi.lib(tls_wl_mlme.o)
    0x0002edb0   0x0000002c   Code   RO          385    .text               wifi.lib(tls_wl_phy.o)
    0x0002eddc   0x00000954   Code   RO          387    .text               wifi.lib(tls_wl_rc.o)
    0x0002f730   0x000012b8   Code   RO          389    .text               wifi.lib(tls_wl_rx.o)
    0x000309e8   0x00000370   Code   RO          393    .text               wifi.lib(tls_wl_scan.o)
    0x00030d58   0x0000039c   Code   RO          394    .text               wifi.lib(tls_wl_sta_info.o)
    0x000310f4   0x000000ac   Code   RO          395    .text               wifi.lib(aes_unwrap.o)
    0x000311a0   0x00000038   Code   RO          396    .text               wifi.lib(ap_mlme.o)
    0x000311d8   0x000004f2   Code   RO          397    .text               wifi.lib(beacon.o)
    0x000316ca   0x00000002   PAD
    0x000316cc   0x00000130   Code   RO          398    .text               wifi.lib(common.o)
    0x000317fc   0x0000033c   Code   RO          400    .text               wifi.lib(hostapd.o)
    0x00031b38   0x000002ac   Code   RO          402    .text               wifi.lib(ieee802_11_common.o)
    0x00031de4   0x0000006e   Code   RO          403    .text               wifi.lib(os_internal.o)
    0x00031e52   0x00000002   PAD
    0x00031e54   0x0000016c   Code   RO          404    .text               wifi.lib(random.o)
    0x00031fc0   0x00000106   Code   RO          408    .text               wifi.lib(rc4.o)
    0x000320c6   0x0000016c   Code   RO          409    .text               wifi.lib(sha1.o)
    0x00032232   0x00000002   PAD
    0x00032234   0x000016f0   Code   RO          410    .text               wifi.lib(wpa_auth.o)
    0x00033924   0x0000062c   Code   RO          412    .text               wifi.lib(wpa_auth_ie.o)
    0x00033f50   0x0000054c   Code   RO          413    .text               wifi.lib(wpa_common.o)
    0x0003449c   0x00000258   Code   RO          414    .text               wifi.lib(hostapd_wpa_driver.o)
    0x000346f4   0x0000009a   Code   RO          415    .text               wifi.lib(aes_wrap.o)
    0x0003478e   0x00000002   PAD
    0x00034790   0x000009c4   Code   RO          416    .text               wifi.lib(aesMatrix.o)
    0x00035154   0x0000094c   Code   RO          418    .text               wifi.lib(md5.o)
    0x00035aa0   0x00001258   Code   RO          419    .text               wifi.lib(sha1_internal.o)
    0x00036cf8   0x000000c0   Code   RO          420    .text               wifi.lib(wpa_auth_glue.o)
    0x00036db8   0x00000014   Code   RO          423    .text               c_5.l(rt_ctype_table.o)
    0x00036dcc   0x0000009a   Code   RO          432    .text               c_5.l(h1_alloc_mt.o)
    0x00036e66   0x00000074   Code   RO          433    .text               c_5.l(h1_free_mt.o)
    0x00036eda   0x000000dc   Code   RO          434    .text               c_5.l(h1_realloc_mt.o)
    0x00036fb6   0x00000002   PAD
    0x00036fb8   0x00000050   Code   RO          461    .text               c_5.l(llsdiv.o)
    0x00037008   0x0000001a   Code   RO          462    .text               c_5.l(tolower.o)
    0x00037022   0x0000001e   Code   RO          463    .text               c_5.l(toupper.o)
    0x00037040   0x0000001c   Code   RO          464    .text               c_5.l(__2printf.o)
    0x0003705c   0x0000002c   Code   RO          465    .text               c_5.l(__2sprintf.o)
    0x00037088   0x0000004e   Code   RO          469    .text               c_5.l(_printf_pad.o)
    0x000370d6   0x00000052   Code   RO          470    .text               c_5.l(_printf_str.o)
    0x00037128   0x00000008   Ven    RO          471    .text               c_5.l(_printf_dec.o)
    0x00037130   0x0000006c   Code   RO          471    .text               c_5.l(_printf_dec.o)
    0x0003719c   0x00000008   Ven    RO          474    .text               c_5.l(_printf_hex_int.o)
    0x000371a4   0x00000058   Code   RO          474    .text               c_5.l(_printf_hex_int.o)
    0x000371fc   0x00000138   Code   RO          493    .text               c_5.l(__printf_flags_wp.o)
    0x00037334   0x00000040   Code   RO          506    .text               c_5.l(__0sscanf.o)
    0x00037374   0x0000014a   Code   RO          507    .text               c_5.l(_scanf_int.o)
    0x000374be   0x000000e4   Code   RO          508    .text               c_5.l(_scanf_str.o)
    0x000375a2   0x0000001a   Code   RO          509    .text               c_5.l(atoi.o)
    0x000375bc   0x0000001a   Code   RO          510    .text               c_5.l(atol.o)
    0x000375d6   0x00000002   PAD
    0x000375d8   0x00000040   Code   RO          512    .text               c_5.l(rand.o)
    0x00037618   0x00000016   Code   RO          514    .text               c_5.l(strchr.o)
    0x0003762e   0x00000028   Code   RO          515    .text               c_5.l(strstr.o)
    0x00037656   0x00000074   Code   RO          516    .text               c_5.l(memcmp.o)
    0x000376ca   0x00000002   PAD
    0x000376cc   0x0000004c   Code   RO          517    .text               c_5.l(strcpy.o)
    0x00037718   0x00000044   Code   RO          518    .text               c_5.l(strlen.o)
    0x0003775c   0x00000018   Code   RO          519    .text               c_5.l(memchr.o)
    0x00037774   0x00000018   Code   RO          521    .text               c_5.l(strcat.o)
    0x0003778c   0x000000d4   Code   RO          522    .text               c_5.l(rt_memcpy.o)
    0x00037860   0x00000064   Code   RO          523    .text               c_5.l(rt_memcpy_w.o)
    0x000378c4   0x00000010   Code   RO          524    .text               c_5.l(aeabi_memset.o)
    0x000378d4   0x00000040   Code   RO          525    .text               c_5.l(rt_memclr.o)
    0x00037914   0x00000054   Code   RO          526    .text               c_5.l(rt_memclr_w.o)
    0x00037968   0x0000006c   Code   RO          527    .text               c_5.l(strncpy.o)
    0x000379d4   0x000000a0   Code   RO          528    .text               c_5.l(strcmp.o)
    0x00037a74   0x00000020   Code   RO          529    .text               c_5.l(uread4.o)
    0x00037a94   0x00000020   Code   RO          530    .text               c_5.l(uwrite4.o)
    0x00037ab4   0x0000017c   Code   RO          531    .text               c_5.l(aeabi_sdiv.o)
    0x00037c30   0x00000006   Code   RO          539    .text               c_5.l(heapauxi.o)
    0x00037c36   0x00000002   PAD
    0x00037c38   0x00000010   Code   RO          569    .text               c_5.l(rt_heap_descriptor_onelibspace.o)
    0x00037c48   0x00000010   Code   RO          573    .text               c_5.l(rt_locale_onelibspace.o)
    0x00037c58   0x00000004   Code   RO          577    .text               c_5.l(rt_errno_addr_onelibspace.o)
    0x00037c5c   0x00000004   Code   RO          578    .text               c_5.l(hguard.o)
    0x00037c60   0x00000088   Code   RO          579    .text               c_5.l(init_alloc.o)
    0x00037ce8   0x00000016   Code   RO          582    .text               c_5.l(h1_init_mt.o)
    0x00037cfe   0x00000002   PAD
    0x00037d00   0x000002f0   Code   RO          588    .text               c_5.l(lludiv5.o)
    0x00037ff0   0x000000b0   Code   RO          590    .text               c_5.l(_printf_intcommon.o)
    0x000380a0   0x00000030   Code   RO          592    .text               c_5.l(_printf_char_common.o)
    0x000380d0   0x0000000a   Code   RO          593    .text               c_5.l(_sputc.o)
    0x000380da   0x00000002   PAD
    0x000380dc   0x00000008   Ven    RO          594    .text               c_5.l(_printf_char.o)
    0x000380e4   0x0000002e   Code   RO          594    .text               c_5.l(_printf_char.o)
    0x00038112   0x00000002   PAD
    0x00038114   0x00000028   Code   RO          595    .text               c_5.l(_printf_char_file.o)
    0x0003813c   0x0000001e   Code   RO          597    .text               c_5.l(_chval.o)
    0x0003815a   0x00000002   PAD
    0x0003815c   0x00000030   Code   RO          598    .text               c_5.l(scanf_char.o)
    0x0003818c   0x00000044   Code   RO          599    .text               c_5.l(_sgetc.o)
    0x000381d0   0x00000070   Code   RO          600    .text               c_5.l(strtol.o)
    0x00038240   0x0000002c   Code   RO          603    .text               c_5.l(rtudiv10.o)
    0x0003826c   0x00000036   Code   RO          689    .text               c_5.l(h1_extend_mt.o)
    0x000382a2   0x00000012   Code   RO          691    .text               c_5.l(isspace.o)
    0x000382b4   0x0000039c   Code   RO          694    .text               c_5.l(_scanf.o)
    0x00038650   0x000000a8   Code   RO          695    .text               c_5.l(_strtoul.o)
    0x000386f8   0x0000000c   Code   RO          711    .text               c_5.l(defsig_rtmem_outer.o)
    0x00038704   0x0000000c   Code   RO          724    .text               c_5.l(exit.o)
    0x00038710   0x0000000c   Code   RO          725    .text               c_5.l(defsig_exit.o)
    0x0003871c   0x00000050   Code   RO          728    .text               c_5.l(defsig_rtmem_inner.o)
    0x0003876c   0x00000034   Code   RO          741    .text               c_5.l(defsig_general.o)
    0x000387a0   0x00000024   Code   RO          532    .text_udiv          c_5.l(aeabi_sdiv.o)
    0x000387c4   0x00000080   Code   RO          253    InitMPU             mpu.o
    0x00038844   0x00000228   Code   RO          148    PORT_ASM            portasm.o
    0x00038a6c   0x00000008   Ven    RO          785    Veneer$$Code        anon$$obj.o
    0x00038a74   0x0000000c   Code   RO          340    i.__ARM_common_ll_mulss  wifi.lib(tls_wl_rf65.o)
    0x00038a80   0x00000018   Code   RO           26    i.__ARM_common_switch8  wm_cmdp_at.o
    0x00038a98   0x0000000e   Code   RO          492    i._is_digit         c_5.l(__printf_wp.o)
    0x00038aa6   0x00000002   PAD
    0x00038aa8   0x00000048   Code   RO          602    locale$$code        c_5.l(lc_ctype_c.o)
    0x00038af0   0x00000010   Code   RO          648    x$fpl$dcheck1       fz_5s.l(dcheck1.o)
    0x00038b00   0x00000070   Code   RO          544    x$fpl$dfix          fz_5s.l(dfix.o)
    0x00038b70   0x00000034   Code   RO          547    x$fpl$dflt          fz_5s.l(dflt_clz.o)
    0x00038ba4   0x000000b8   Code   RO          652    x$fpl$dnaninf       fz_5s.l(dnaninf.o)
    0x00038c5c   0x00000074   Code   RO          719    x$fpl$retnan        fz_5s.l(retnan.o)
    0x00038cd0   0x00000068   Code   RO          554    x$fpl$scalbn        fz_5s.l(scalbn.o)
    0x00038d38   0x0000003c   Code   RO          735    x$fpl$trapveneer    fz_5s.l(trapv.o)
    0x00038d74   0x00000000   Code   RO          655    x$fpl$usenofp       fz_5s.l(usenofp.o)
    0x00038d74   0x00000010   Data   RO           12    .constdata          httpclient.o
    0x00038d84   0x000000e9   Data   RO           22    .constdata          wm_cmdp_at.o
    0x00038e6d   0x00000014   Data   RO           34    .constdata          wm_uart_task.o
    0x00038e81   0x00000004   Data   RO           86    .constdata          wm_main.o
    0x00038e85   0x00000006   Data   RO           87    .constdata          wm_main.o
    0x00038e8b   0x00000014   Data   RO          143    .constdata          tasks.o
    0x00038e9f   0x00000001   PAD
    0x00038ea0   0x00000090   Data   RO          155    .constdata          wm_uart.o
    0x00038f30   0x00000010   Data   RO          182    .constdata          tls_netconn.o
    0x00038f40   0x00000040   Data   RO          195    .constdata          sockets.o
    0x00038f80   0x0000001e   Data   RO          205    .constdata          memp.o
    0x00038f9e   0x00000002   PAD
    0x00038fa0   0x00000054   Data   RO          215    .constdata          tcp.o
    0x00038ff4   0x00000004   Data   RO          233    .constdata          ip_addr.o
    0x00038ff8   0x00000004   Data   RO          234    .constdata          ip_addr.o
    0x00038ffc   0x0000000c   Data   RO          239    .constdata          etharp.o
    0x00039008   0x00000100   Data   RO          263    .constdata          utils.o
    0x00039108   0x00000053   Data   RO          302    .constdata          zc_sec_engine.o
    0x0003915b   0x00000001   PAD
    0x0003915c   0x000002a0   Data   RO          307    .constdata          bignum.o
    0x000393fc   0x00002828   Data   RO          310    .constdata          aes_core.o
    0x0003bc24   0x00000006   Data   RO          322    .constdata          wifi.lib(tls_wl_core.o)
    0x0003bc2a   0x00000002   PAD
    0x0003bc2c   0x00001078   Data   RO          330    .constdata          wifi.lib(tls_wl_rf65.o)
    0x0003cca4   0x00000008   Data   RO          358    .constdata          wifi.lib(wm_param.o)
    0x0003ccac   0x00000090   Data   RO          361    .constdata          wifi.lib(ap.o)
    0x0003cd3c   0x000000b0   Data   RO          371    .constdata          wifi.lib(wpa.o)
    0x0003cdec   0x00000050   Data   RO          386    .constdata          wifi.lib(tls_wl_phy.o)
    0x0003ce3c   0x00000006   Data   RO          391    .constdata          wifi.lib(tls_wl_rx.o)
    0x0003ce42   0x00000002   PAD
    0x0003ce44   0x00000068   Data   RO          401    .constdata          wifi.lib(hostapd.o)
    0x0003ceac   0x00000020   Data   RO          406    .constdata          wifi.lib(random.o)
    0x0003cecc   0x00001038   Data   RO          417    .constdata          wifi.lib(aesMatrix.o)
    0x0003df04   0x00000028   Data   RO          475    .constdata          c_5.l(_printf_hex_int.o)
    0x0003df2c   0x00000011   Data   RO          494    .constdata          c_5.l(__printf_flags_wp.o)
    0x0003df3d   0x00000209   Data   RO           23    .conststring        wm_cmdp_at.o
    0x0003e146   0x00000068   Data   RO          216    .conststring        tcp.o
    0x0003e1ae   0x00000002   PAD
    0x0003e1b0   0x00000030   Data   RO          775    Region$$Table       anon$$obj.o
    0x0003e1e0   0x00000110   Data   RO          601    locale$$data        c_5.l(lc_ctype_c.o)


    Execution Region RW_RAM1 (Base: 0x0003e2f0, Size: 0x00012a5c, Max: 0xffffffff, ABSOLUTE, COMPRESSED[0x00000950])

    Base Addr    Size         Type   Attr      Idx    E Section Name        Object

    0x0003e2f0   0x00000004   Data   RW           17    .data               wm_httpclient_task.o
    0x0003e2f4   0x00000018   Data   RW           20    .data               wm_cmdp.o
    0x0003e30c   0x00000454   Data   RW           24    .data               wm_cmdp_at.o
    0x0003e760   0x00000008   Data   RW           29    .data               wm_cmdp_hostif.o
    0x0003e768   0x00000008   Data   RW           31    .data               wm_cmdp_ri.o
    0x0003e770   0x00000008   Data   RW           35    .data               wm_uart_task.o
    0x0003e778   0x00000010   Data   RW           38    .data               wm_cmdp_oneshot_task.o
    0x0003e788   0x00000041   Data   RW           41    .data               wm_wifi_oneshot.o
    0x0003e7c9   0x00000003   PAD
    0x0003e7cc   0x00000008   Data   RW           90    .data               wm_main.o
    0x0003e7d4   0x00000018   Data   RW          135    .data               heap_2.o
    0x0003e7ec   0x00000010   Data   RW          140    .data               rtostimers.o
    0x0003e7fc   0x00000054   Data   RW          144    .data               tasks.o
    0x0003e850   0x00000004   Data   RW          146    .data               port.o
    0x0003e854   0x00000004   Data   RW          151    .data               wm_hostspi.o
    0x0003e858   0x00000004   Data   RW          156    .data               wm_uart.o
    0x0003e85c   0x00000008   Data   RW          161    .data               wm_dma.o
    0x0003e864   0x00000010   Data   RW          164    .data               wm_fls.o
    0x0003e874   0x00000044   Data   RW          166    .data               wm_fls_gd25qxx.o
    0x0003e8b8   0x00000001   Data   RW          171    .data               wm_irq.o
    0x0003e8b9   0x00000006   Data   RW          177    .data               wm_pwm.o
    0x0003e8bf   0x00000001   PAD
    0x0003e8c0   0x00000004   Data   RW          183    .data               tls_netconn.o
    0x0003e8c4   0x0000000c   Data   RW          185    .data               tcpip.o
    0x0003e8d0   0x00000014   Data   RW          191    .data               netdb.o
    0x0003e8e4   0x00000008   Data   RW          196    .data               sockets.o
    0x0003e8ec   0x00000004   Data   RW          200    .data               dhcp.o
    0x0003e8f0   0x00000014   Data   RW          203    .data               dns.o
    0x0003e904   0x0000000c   Data   RW          207    .data               netif.o
    0x0003e910   0x00000004   Data   RW          210    .data               raw.o
    0x0003e914   0x00000028   Data   RW          217    .data               tcp.o
    0x0003e93c   0x0000001c   Data   RW          220    .data               tcp_in.o
    0x0003e958   0x00000004   Data   RW          224    .data               timers.o
    0x0003e95c   0x00000008   Data   RW          226    .data               udp.o
    0x0003e964   0x00000014   Data   RW          230    .data               ip.o
    0x0003e978   0x00000008   Data   RW          236    .data               ip_frag.o
    0x0003e980   0x00000001   Data   RW          240    .data               etharp.o
    0x0003e981   0x00000003   PAD
    0x0003e984   0x00000008   Data   RW          244    .data               ethernet.o
    0x0003e98c   0x00000002   Data   RW          248    .data               sys_arch.o
    0x0003e98e   0x00000002   PAD
    0x0003e990   0x00000004   Data   RW          251    .data               retarget.o
    0x0003e994   0x00000004   Data   RW          260    .data               tls_sys.o
    0x0003e998   0x00000008   Data   RW          264    .data               utils.o
    0x0003e9a0   0x0000000c   Data   RW          267    .data               wm_fwup.o
    0x0003e9ac   0x00000008   Data   RW          273    .data               user_main.o
    0x0003e9b4   0x00000001   Data   RW          285    .data               zc_hf_adpter.o
    0x0003e9b5   0x00000003   PAD
    0x0003e9b8   0x00000010   Data   RW          286    .data               zc_hf_adpter.o
    0x0003e9c8   0x00000010   Data   RW          289    .data               zc_bc.o
    0x0003e9d8   0x00000034   Data   RW          296    .data               zc_configuration.o
    0x0003ea0c   0x00000440   Data   RW          314    .data               crc.o
    0x0003ee4c   0x00000048   Data   RW          318    .data               wifi.lib(wpa_supplicant.o)
    0x0003ee94   0x00000004   Data   RW          323    .data               wifi.lib(tls_wl_core.o)
    0x0003ee98   0x00000001   Data   RW          325    .data               wifi.lib(tls_wl_if.o)
    0x0003ee99   0x00000020   Data   RW          331    .data               wifi.lib(tls_wl_rf65.o)
    0x0003eeb9   0x00000003   PAD
    0x0003eebc   0x000003ba   Data   RW          332    .data               wifi.lib(tls_wl_rf65.o)
    0x0003f276   0x0000000c   Data   RW          343    .data               wifi.lib(tls_wl_tx.o)
    0x0003f282   0x00000002   PAD
    0x0003f284   0x00000004   Data   RW          347    .data               wifi.lib(wm_wifi_api.o)
    0x0003f288   0x0000001c   Data   RW          350    .data               wifi.lib(wm_wifi_oneshot_api.o)
    0x0003f2a4   0x00000004   Data   RW          354    .data               wifi.lib(litepoint.o)
    0x0003f2a8   0x00000008   Data   RW          355    .data               wifi.lib(litepoint.o)
    0x0003f2b0   0x00000008   Data   RW          359    .data               wifi.lib(wm_param.o)
    0x0003f2b8   0x00000004   Data   RW          377    .data               wifi.lib(tls_wl_bss.o)
    0x0003f2bc   0x00000044   Data   RW          379    .data               wifi.lib(tls_wl_hw.o)
    0x0003f300   0x00000060   Data   RW          380    .data               wifi.lib(tls_wl_hw.o)
    0x0003f360   0x000000a8   Data   RW          381    .data               wifi.lib(tls_wl_hw.o)
    0x0003f408   0x00000228   Data   RW          388    .data               wifi.lib(tls_wl_rc.o)
    0x0003f630   0x00000004   Data   RW          392    .data               wifi.lib(tls_wl_rx.o)
    0x0003f634   0x00000014   Data   RW          407    .data               wifi.lib(random.o)
    0x0003f648   0x000000e4   Zero   RW            8    .bss                dhcp_server.o
    0x0003f72c   0x00000028   Zero   RW           10    .bss                dns_server.o
    0x0003f754   0x00000400   Zero   RW           16    .bss                wm_httpclient_task.o
    0x0003fb54   0x00000030   Zero   RW           19    .bss                wm_cmdp.o
    0x0003fb84   0x000008f8   Zero   RW           28    .bss                wm_cmdp_hostif.o
    0x0004047c   0x00000350   Zero   RW           33    .bss                wm_uart_task.o
    0x000407cc   0x00000168   Zero   RW           40    .bss                wm_wifi_oneshot.o
    0x00040934   0x000004b0   Zero   RW           85    .bss                wm_main.o
    0x00040de4   0x00000004   PAD
    0x00040de8   0x00003000   Zero   RW          134    .bss                heap_2.o
    0x00043de8   0x00000028   Zero   RW          139    .bss                rtostimers.o
    0x00043e10   0x00000582   Zero   RW          142    .bss                tasks.o
    0x00044392   0x00000002   PAD
    0x00044394   0x00000220   Zero   RW          150    .bss                wm_hostspi.o
    0x000445b4   0x00000120   Zero   RW          154    .bss                wm_uart.o
    0x000446d4   0x00000200   Zero   RW          170    .bss                wm_irq.o
    0x000448d4   0x00000060   Zero   RW          176    .bss                wm_pwm.o
    0x00044934   0x00000050   Zero   RW          181    .bss                tls_netconn.o
    0x00044984   0x00000014   Zero   RW          190    .bss                netdb.o
    0x00044998   0x000000c0   Zero   RW          194    .bss                sockets.o
    0x00044a58   0x00000032   Zero   RW          199    .bss                dhcp.o
    0x00044a8a   0x00000002   PAD
    0x00044a8c   0x00000663   Zero   RW          202    .bss                dns.o
    0x000450ef   0x00000001   PAD
    0x000450f0   0x000000ba   Zero   RW          212    .bss                stats.o
    0x000451aa   0x00000002   PAD
    0x000451ac   0x00000010   Zero   RW          219    .bss                tcp_in.o
    0x000451bc   0x00000014   Zero   RW          223    .bss                timers.o
    0x000451d0   0x00000010   Zero   RW          232    .bss                ip_addr.o
    0x000451e0   0x000000c8   Zero   RW          238    .bss                etharp.o
    0x000452a8   0x0000000c   Zero   RW          243    .bss                ethernet.o
    0x000452b4   0x00001000   Zero   RW          246    .bss                sys_arch.o
    0x000462b4   0x00000180   Zero   RW          250    .bss                retarget.o
    0x00046434   0x00000400   Zero   RW          259    .bss                tls_sys.o
    0x00046834   0x00000420   Zero   RW          266    .bss                wm_fwup.o
    0x00046c54   0x0000191c   Zero   RW          271    .bss                user_main.o
    0x00048570   0x00000f1c   Zero   RW          276    .bss                zc_hf_adpter.o
    0x0004948c   0x00000260   Zero   RW          277    .bss                zc_hf_adpter.o
    0x000496ec   0x00000260   Zero   RW          278    .bss                zc_hf_adpter.o
    0x0004994c   0x00000260   Zero   RW          279    .bss                zc_hf_adpter.o
    0x00049bac   0x00000020   Zero   RW          280    .bss                zc_hf_adpter.o
    0x00049bcc   0x000004c0   Zero   RW          281    .bss                zc_hf_adpter.o
    0x0004a08c   0x00000020   Zero   RW          282    .bss                zc_hf_adpter.o
    0x0004a0ac   0x00000258   Zero   RW          283    .bss                zc_hf_adpter.o
    0x0004a304   0x00000028   Zero   RW          291    .bss                zc_client_manager.o
    0x0004a32c   0x000001b8   Zero   RW          295    .bss                zc_configuration.o
    0x0004a4e4   0x0000008c   Zero   RW          300    .bss                zc_protocol_controller.o
    0x0004a570   0x00000050   Zero   RW          304    .bss                zc_timer.o
    0x0004a5c0   0x00001868   Zero   RW          306    .bss                bignum.o
    0x0004be28   0x00000148   Zero   RW          312    .bss                rsa.o
    0x0004bf70   0x00002200   Zero   RW          316    .bss                wifi.lib(wpa_supplicant.o)
    0x0004e170   0x00001230   Zero   RW          320    .bss                wifi.lib(tls_wl_core.o)
    0x0004f3a0   0x00000084   Zero   RW          327    .bss                wifi.lib(tls_wl_rf65.o)
    0x0004f424   0x00000654   Zero   RW          342    .bss                wifi.lib(tls_wl_tx.o)
    0x0004fa78   0x00000021   Zero   RW          345    .bss                wifi.lib(tls_wl_util.o)
    0x0004fa99   0x00000003   PAD
    0x0004fa9c   0x000007b8   Zero   RW          349    .bss                wifi.lib(wm_wifi_oneshot_api.o)
    0x00050254   0x00000014   Zero   RW          352    .bss                wifi.lib(litepoint.o)
    0x00050268   0x0000001c   Zero   RW          353    .bss                wifi.lib(litepoint.o)
    0x00050284   0x00000734   Zero   RW          357    .bss                wifi.lib(wm_param.o)
    0x000509b8   0x000001f8   Zero   RW          390    .bss                wifi.lib(tls_wl_rx.o)
    0x00050bb0   0x00000021   Zero   RW          399    .bss                wifi.lib(common.o)
    0x00050bd1   0x00000003   PAD
    0x00050bd4   0x00000094   Zero   RW          405    .bss                wifi.lib(random.o)
    0x00050c68   0x000000e4   Zero   RW          513    .bss                c_5.l(rand.o)


    Execution Region HEAP (Base: 0x00050d4c, Size: 0x0000d004, Max: 0xffffffff, ABSOLUTE, UNINIT)

    Base Addr    Size         Type   Attr      Idx    E Section Name        Object

    0x00050d4c   0x00000004   PAD
    0x00050d50   0x0000d000   Zero   RW          255    HEAP                start.o


    Execution Region STACK (Base: 0x0005fc00, Size: 0x00000220, Max: 0xffffffff, ABSOLUTE, UNINIT)

    Base Addr    Size         Type   Attr      Idx    E Section Name        Object

    0x0005fc00   0x00000220   Zero   RW          254    STACK               start.o


==============================================================================

Image component sizes


      Code (inc. data)   RO Data    RW Data    ZI Data      Debug   Object Name

       488          0          0          0          0          0   aes_cbc.o
      2800         98      10280          0          0          0   aes_core.o
      1116         52          0          0          0          0   api_lib.o
      3136         74          0          0          0          0   api_msg.o
      8756         40        672          0       6248          0   bignum.o
        76         12          0          0          0          0   clock.o
       168         18          0       1088          0          0   crc.o
        40          0          0          0          0          0   def.o
      3376         62          0          4         50          0   dhcp.o
      2290         50          0          0        228          0   dhcp_server.o
      1272         50          0         20       1635          0   dns.o
       848         16          0          0         40          0   dns_server.o
      1888         32         12          1        200          0   etharp.o
       640         48          0          8         12          0   ethernet.o
       256         16          0          0          0          0   ethernetif.o
       240         14          0         24      12288          0   heap_2.o
      4692        424         16          0          0          0   httpclient.o
       592         20          0          0          0          0   httpclientstring.o
       464          0          0          0          0          0   httpclientwrapper.o
       540         18          0          0          0          0   icmp.o
       504          0          0          0          0          0   inet_chksum.o
        36          0          0          0          0          0   init.o
       920         18          0         20          0          0   ip.o
       496         20          8          0         16          0   ip_addr.o
      1676         26          0          8          0          0   ip_frag.o
       140          0          0          0          0          0   list.o
        76         22          0          0          0          0   main.o
         0          0         30          0          0          0   memp.o
       128          4          0          0          0          0   mpu.o
       268          4          0          0          0          0   netbuf.o
       460         22          0         20         20          0   netdb.o
       536         12          0         12          0          0   netif.o
       204         12          0          0          0          0   netifapi.o
      1276         10          0          0          0          0   pbuf.o
       284         80          0          4          0          0   port.o
       552         16          0          0          0          0   portasm.o
      1150          0          0          0          0          0   queue.o
       392         16          0          4          0          0   raw.o
        72         10          0          4        384          0   retarget.o
       812         14          0          0        328          0   rsa.o
       840         22          0         16         40          0   rtostimers.o
      4032        122         64          8        192          0   sockets.o
       272         60          0          0      53792          0   start.o
         2          0          0          0        186          0   stats.o
       900         22          0          2       4096          0   sys_arch.o
      2460        142         20         84       1410          0   tasks.o
      2860         82        188         40          0          0   tcp.o
      3600        128          0         28         16          0   tcp_in.o
      3212         92          0          0          0          0   tcp_out.o
       720         50          0         12          0          0   tcpip.o
       564         52          0          4         20          0   timers.o
      3132        118         16          4         80          0   tls_netconn.o
       172          0          0          0          0          0   tls_sockets.o
       892         16          0          4       1024          0   tls_sys.o
      1140         34          0          8          0          0   udp.o
      1472        534          0          8       6428          0   user_main.o
      2032         64        256          8          0          0   utils.o
      3564        124          0         24         48          0   wm_cmdp.o
     13552        832        754       1108          0          0   wm_cmdp_at.o
      4228        244          0          8       2296          0   wm_cmdp_hostif.o
       408          8          0         16          0          0   wm_cmdp_oneshot_task.o
       116          6          0          8          0          0   wm_cmdp_ri.o
       144         34          0          0          0          0   wm_cpu.o
       296         54          0          8          0          0   wm_dma.o
       112          0          0          0          0          0   wm_efuse.o
      1516         16          0         16          0          0   wm_fls.o
       588          6          0         68          0          0   wm_fls_gd25qxx.o
      2140         62          0         12       1056          0   wm_fwup.o
       584         16          0          0          0          0   wm_gpio.o
      3924        118          0          4        544          0   wm_hostspi.o
       788        102          0          4       1024          0   wm_httpclient_task.o
       612         52          0          1        512          0   wm_irq.o
       300         22         10          8       1200          0   wm_main.o
        72          0          0          0          0          0   wm_mem.o
       484         24          0          6         96          0   wm_pwm.o
        72          4          0          0          0          0   wm_timer.o
      2168         68        144          4        288          0   wm_uart.o
      4052        166         20          8        848          0   wm_uart_task.o
       164         10          0          0          0          0   wm_uart_timer.o
      3448        336          0         65        360          0   wm_wifi_oneshot.o
       232         18          0         16          0          0   zc_bc.o
       708         18          0          0         40          0   zc_client_manager.o
       444          4          0          0          0          0   zc_cloud_event.o
       432        190          0          0          0          0   zc_common.o
       632         52          0         52        440          0   zc_configuration.o
      2676        684          0         17       7572          0   zc_hf_adpter.o
       608         52          0          0          0          0   zc_message_queue.o
      1148         34          0          0          0          0   zc_moudle_manager.o
      3596        706          0          0        140          0   zc_protocol_controller.o
      1100         64         83          0          0          0   zc_sec_engine.o
       260         76          0          0         80          0   zc_timer.o

    ----------------------------------------------------------------------
    127152       7074      12627       2908     105288          0   Object Totals
        16          4         48          0          0          0   (incl. Generated)
         6          0          6         12         11          0   (incl. Padding)

    ----------------------------------------------------------------------

      Code (inc. data)   RO Data    RW Data    ZI Data      Debug   Library Member Name

        64         10          0          0          0          0   __0sscanf.o
        28          6          0          0          0          0   __2printf.o
        44          4          0          0          0          0   __2sprintf.o
        92          0          0          0          0          0   __dczerorl2.o
         8          0          0          0          0          0   __main.o
       312          6         17          0          0          0   __printf_flags_wp.o
        14          0          0          0          0          0   __printf_wp.o
        60          8          0          0          0          0   __scatter.o
        40          0          0          0          0          0   __scatter_copy.o
        44          0          0          0          0          0   __scatter_zi.o
        30          0          0          0          0          0   _chval.o
         8          0          0          0          0          0   _printf_c.o
        54          0          0          0          0          0   _printf_char.o
        48          6          0          0          0          0   _printf_char_common.o
        40          6          0          0          0          0   _printf_char_file.o
         8          0          0          0          0          0   _printf_d.o
       116         18          0          0          0          0   _printf_dec.o
        96          4         40          0          0          0   _printf_hex_int.o
       176          0          0          0          0          0   _printf_intcommon.o
        78          0          0          0          0          0   _printf_pad.o
         0          0          0          0          0          0   _printf_percent.o
         8          0          0          0          0          0   _printf_percent_end.o
         8          0          0          0          0          0   _printf_s.o
        82          0          0          0          0          0   _printf_str.o
         8          0          0          0          0          0   _printf_u.o
         8          0          0          0          0          0   _printf_x.o
       924         14          0          0          0          0   _scanf.o
       330          0          0          0          0          0   _scanf_int.o
       228          0          0          0          0          0   _scanf_str.o
        68          0          0          0          0          0   _sgetc.o
        10          0          0          0          0          0   _sputc.o
       168          0          0          0          0          0   _strtoul.o
        16          0          0          0          0          0   aeabi_memset.o
       416          0          0          0          0          0   aeabi_sdiv.o
        26          0          0          0          0          0   atoi.o
        26          0          0          0          0          0   atol.o
        12          0          0          0          0          0   defsig_exit.o
        52          0          0          0          0          0   defsig_general.o
        80         58          0          0          0          0   defsig_rtmem_inner.o
        12          0          0          0          0          0   defsig_rtmem_outer.o
        12          0          0          0          0          0   exit.o
       154          0          0          0          0          0   h1_alloc_mt.o
        54          0          0          0          0          0   h1_extend_mt.o
       116          0          0          0          0          0   h1_free_mt.o
        22          0          0          0          0          0   h1_init_mt.o
       220          0          0          0          0          0   h1_realloc_mt.o
         6          0          0          0          0          0   heapauxi.o
         4          0          0          0          0          0   hguard.o
       136          0          0          0          0          0   init_alloc.o
        18          0          0          0          0          0   isspace.o
        72          8        272          0          0          0   lc_ctype_c.o
         2          0          0          0          0          0   libinit.o
        32          0          0          0          0          0   libinit2.o
         2          0          0          0          0          0   libshutdown.o
         2          0          0          0          0          0   libshutdown2.o
        80          0          0          0          0          0   llsdiv.o
       752         64          0          0          0          0   lludiv5.o
         0          0          0          0          0          0   maybetermalloc1.o
        24          0          0          0          0          0   memchr.o
       116          0          0          0          0          0   memcmp.o
       120         18          0          0        228          0   rand.o
        20          4          0          0          0          0   rt_ctype_table.o
         4          0          0          0          0          0   rt_errno_addr_onelibspace.o
        16          0          0          0          0          0   rt_heap_descriptor_onelibspace.o
        16          0          0          0          0          0   rt_locale_onelibspace.o
        64          0          0          0          0          0   rt_memclr.o
        84          0          0          0          0          0   rt_memclr_w.o
       212          0          0          0          0          0   rt_memcpy.o
       100          0          0          0          0          0   rt_memcpy_w.o
         0          0          0          0          0          0   rtentry.o
        44          4          0          0          0          0   rtentry2.o
         8          0          0          0          0          0   rtentry4.o
         4          0          0          0          0          0   rtexit.o
        12          0          0          0          0          0   rtexit2.o
        44          0          0          0          0          0   rtudiv10.o
        48          8          0          0          0          0   scanf_char.o
        24          0          0          0          0          0   strcat.o
        22          0          0          0          0          0   strchr.o
       160          4          0          0          0          0   strcmp.o
        76          4          0          0          0          0   strcpy.o
        68          6          0          0          0          0   strlen.o
       108          4          0          0          0          0   strncpy.o
        40          0          0          0          0          0   strstr.o
       112          4          0          0          0          0   strtol.o
        26          0          0          0          0          0   tolower.o
        30          0          0          0          0          0   toupper.o
        32          0          0          0          0          0   uread4.o
        32          0          0          0          0          0   uwrite4.o
        16          4          0          0          0          0   dcheck1.o
       112          4          0          0          0          0   dfix.o
        52          0          0          0          0          0   dflt_clz.o
       184          0          0          0          0          0   dnaninf.o
       116          0          0          0          0          0   retnan.o
       104          0          0          0          0          0   scalbn.o
        60          0          0          0          0          0   trapv.o
         0          0          0          0          0          0   usenofp.o
      2500         28       4152          0          0          0   aesMatrix.o
       172          0          0          0          0          0   aes_unwrap.o
       154          0          0          0          0          0   aes_wrap.o
      2078         28        144          0          0          0   ap.o
        56          0          0          0          0          0   ap_mlme.o
      1266          0          0          0          0          0   beacon.o
       644          0          0          0          0          0   bss.o
       304         16          0          0         33          0   common.o
      3416         18          0          0          0          0   events.o
       828         12        104          0          0          0   hostapd.o
      1380         22          0          0          0          0   hostapd_sta_info.o
       600          6          0          0          0          0   hostapd_wpa_driver.o
      2732         12          0          0          0          0   ieee802_11.o
       684          6          0          0          0          0   ieee802_11_common.o
       168          0          0          0          0          0   ieee802_1x.o
       700         26          0         12         48          0   litepoint.o
      2380        266          0          0          0          0   md5.o
       110          0          0          0          0          0   os_internal.o
       364         12         32         20        148          0   random.o
       262          0          0          0          0          0   rc4.o
       722          0          0          0          0          0   scan.o
       224          0          0          0          0          0   sha1-pbkdf2.o
       364          0          0          0          0          0   sha1.o
      4696         48          0          0          0          0   sha1_internal.o
       228          8          0          0          0          0   tkip_countermeasures.o
      2176         28          0          4          0          0   tls_wl_bss.o
      2124        150          6          4       4656          0   tls_wl_core.o
      3080        150          0        332          0          0   tls_wl_hw.o
      2636         30          0          1          0          0   tls_wl_if.o
       936          8          0          0          0          0   tls_wl_key.o
      3056         38          0          0          0          0   tls_wl_mgmt.o
      6568        104          0          0          0          0   tls_wl_mlme.o
        44          8         80          0          0          0   tls_wl_phy.o
      2388         24          0        552          0          0   tls_wl_rc.o
      4264        192       4216        986        132          0   tls_wl_rf65.o
      4792         92          6          4        504          0   tls_wl_rx.o
       880          6          0          0          0          0   tls_wl_scan.o
       924          8          0          0          0          0   tls_wl_sta_info.o
      4162         98          0         12       1620          0   tls_wl_tx.o
      1164         60          0          0         33          0   tls_wl_util.o
      3152        284          8          8       1844          0   wm_param.o
      2388         34          0          4          0          0   wm_wifi_api.o
      2168         54          0         28       1976          0   wm_wifi_oneshot_api.o
      4240        130        176          0          0          0   wpa.o
      5872        164          0          0          0          0   wpa_auth.o
       192          4          0          0          0          0   wpa_auth_glue.o
      1580         10          0          0          0          0   wpa_auth_ie.o
      1356         84          0          0          0          0   wpa_common.o
      1104          4          0          0          0          0   wpa_driver.o
       916         10          0          0          0          0   wpa_ie.o
      6936        280          0         72       8704          0   wpa_supplicant.o
       320          0          0          0          0          0   wpabuf.o
       324          0          0          0          0          0   wpas_glue.o

    ----------------------------------------------------------------------
    104644       2838       9257       2044      19936          0   Library Totals
        34          0          4          5         10          0   (incl. Padding)

    ----------------------------------------------------------------------

      Code (inc. data)   RO Data    RW Data    ZI Data      Debug   Library Name

      7192        268        329          0        228          0   c_5.l
       644          8          0          0          0          0   fz_5s.l
     96774       2562       8924       2039      19698          0   wifi.lib

    ----------------------------------------------------------------------
    104644       2838       9257       2044      19936          0   Library Totals

    ----------------------------------------------------------------------

==============================================================================


      Code (inc. data)   RO Data    RW Data    ZI Data      Debug   

    231796       9912      21884       4952     125224          0   Grand Totals
    231796       9912      21884       2384     125224          0   ELF Image Totals (compressed)
    231796       9912      21884       2384          0          0   ROM Totals

==============================================================================

    Total RO  Size (Code + RO Data)               253680 ( 247.73kB)
    Total RW  Size (RW Data + ZI Data)            130176 ( 127.13kB)
    Total ROM Size (Code + RO Data + RW Data)     256064 ( 250.06kB)

==============================================================================

