ARM Linker, 5.03 [Build 76] [MDK-ARM Professional]

==============================================================================

Section Cross References

    httpclient.o(.text) refers to strcpy.o(.text) for strcpy
    httpclient.o(.text) refers to wm_mem.o(.text) for mem_alloc_debug
    httpclient.o(.text) refers to rt_memclr_w.o(.text) for __aeabi_memclr4
    httpclient.o(.text) refers to rt_memclr.o(.text) for __aeabi_memclr
    httpclient.o(.text) refers to httpclientwrapper.o(.text) for HTTPWrapperGetUpTime
    httpclient.o(.text) refers to tls_sockets.o(.text) for shutdown
    httpclient.o(.text) refers to rt_memcpy.o(.text) for __aeabi_memcpy
    httpclient.o(.text) refers to strlen.o(.text) for strlen
    httpclient.o(.text) refers to strcat.o(.text) for strcat
    httpclient.o(.text) refers to httpclientstring.o(.text) for HTTPStrCaseStr
    httpclient.o(.text) refers to strstr.o(.text) for strstr
    httpclient.o(.text) refers to httpclient.o(.constdata) for .constdata
    httpclient.o(.text) refers to atol.o(.text) for atol
    httpclient.o(.text) refers to strncpy.o(.text) for strncpy
    httpclient.o(.text) refers to memcmp.o(.text) for memcmp
    httpclientstring.o(.text) refers to strlen.o(.text) for strlen
    httpclientstring.o(.text) refers to strstr.o(.text) for strstr
    httpclientstring.o(.text) refers to toupper.o(.text) for toupper
    httpclientstring.o(.text) refers to strchr.o(.text) for strchr
    httpclientstring.o(.text) refers to tolower.o(.text) for tolower
    httpclientstring.o(.text) refers to rt_ctype_table.o(.text) for __rt_ctype_table
    httpclientwrapper.o(.text) refers to aeabi_sdiv.o(.text) for __aeabi_idivmod
    httpclientwrapper.o(.text) refers to aeabi_sdiv.o(.text_udiv) for __aeabi_uidivmod
    httpclientwrapper.o(.text) refers to tls_sockets.o(.text) for shutdown
    httpclientwrapper.o(.text) refers to sockets.o(.text) for get_socket
    httpclientwrapper.o(.text) refers to tasks.o(.text) for xTaskGetTickCountFromISR
    httpclientwrapper.o(.text) refers to rand.o(.text) for srand
    httpclientwrapper.o(.text) refers to rand.o(.emb_text) for rand
    httpclientwrapper.o(.text) refers to dflt_clz.o(x$fpl$dflt) for __aeabi_i2d
    httpclientwrapper.o(.text) refers to scalbn.o(x$fpl$scalbn) for __ARM_scalbn
    httpclientwrapper.o(.text) refers to dfix.o(x$fpl$dfix) for __aeabi_d2iz
    httpclientwrapper.o(.text) refers to strlen.o(.text) for strlen
    httpclientwrapper.o(.text) refers to atol.o(.text) for atol
    httpclientwrapper.o(.text) refers to ip_addr.o(.text) for ipaddr_addr
    wm_httpclient_task.o(.text) refers to _printf_percent.o(.ARM.Collect$$_printf_percent$$00000000) for _printf_percent
    wm_httpclient_task.o(.text) refers to _printf_d.o(.ARM.Collect$$_printf_percent$$00000009) for _printf_d
    wm_httpclient_task.o(.text) refers to _printf_dec.o(.text) for _printf_int_dec
    wm_httpclient_task.o(.text) refers to wm_mem.o(.text) for mem_alloc_debug
    wm_httpclient_task.o(.text) refers to rt_memclr.o(.text) for __aeabi_memclr
    wm_httpclient_task.o(.text) refers to httpclient.o(.text) for HTTPClientSetVerb
    wm_httpclient_task.o(.text) refers to rt_memclr_w.o(.text) for __aeabi_memclr4
    wm_httpclient_task.o(.text) refers to strstr.o(.text) for strstr
    wm_httpclient_task.o(.text) refers to atol.o(.text) for atol
    wm_httpclient_task.o(.text) refers to rt_memcpy.o(.text) for __aeabi_memcpy
    wm_httpclient_task.o(.text) refers to __2printf.o(.text) for __2printf
    wm_httpclient_task.o(.text) refers to sys_arch.o(.text) for sys_arch_mbox_fetch
    wm_httpclient_task.o(.text) refers to rt_memcpy_w.o(.text) for __aeabi_memcpy4
    wm_httpclient_task.o(.text) refers to tasks.o(.text) for xTaskGenericCreate
    wm_httpclient_task.o(.text) refers to strlen.o(.text) for strlen
    wm_httpclient_task.o(.text) refers to wm_httpclient_task.o(.data) for .data
    wm_httpclient_task.o(.text) refers to wm_httpclient_task.o(.bss) for .bss
    wm_cmdp.o(.text) refers to _printf_pad.o(.text) for _printf_pre_padding
    wm_cmdp.o(.text) refers to _printf_percent.o(.ARM.Collect$$_printf_percent$$00000000) for _printf_percent
    wm_cmdp.o(.text) refers to _printf_x.o(.ARM.Collect$$_printf_percent$$0000000C) for _printf_x
    wm_cmdp.o(.text) refers to _printf_hex_int_ll_ptr.o(.text) for _printf_longlong_hex
    wm_cmdp.o(.text) refers to _printf_d.o(.ARM.Collect$$_printf_percent$$00000009) for _printf_d
    wm_cmdp.o(.text) refers to _printf_dec.o(.text) for _printf_int_dec
    wm_cmdp.o(.text) refers to rt_memcpy.o(.text) for __aeabi_memcpy
    wm_cmdp.o(.text) refers to wm_efuse.o(.text) for tls_get_hw_version
    wm_cmdp.o(.text) refers to wm_param.o(.text) for tls_param_get
    wm_cmdp.o(.text) refers to strlen.o(.text) for strlen
    wm_cmdp.o(.text) refers to rt_memcpy_w.o(.text) for __aeabi_memcpy4
    wm_cmdp.o(.text) refers to utils.o(.text) for string_to_ipaddr
[...]
    _dfix                                    0x0003a640   ARM Code     112  dfix.o(x$fpl$dfix)
    __aeabi_i2d                              0x0003a6b0   ARM Code       0  dflt_clz.o(x$fpl$dflt)
    _dflt                                    0x0003a6b0   ARM Code      52  dflt_clz.o(x$fpl$dflt)
    __fpl_dnaninf                            0x0003a6e4   ARM Code     184  dnaninf.o(x$fpl$dnaninf)
    __ieee_status                            0x0003a79c   ARM Code       8  istatus.o(x$fpl$ieeestatus)
    _printf_fp_dec                           0x0003a7a4   ARM Code       4  printf1.o(x$fpl$printf1)
    _printf_fp_hex                           0x0003a7a8   ARM Code       4  printf2.o(x$fpl$printf2)
    __fpl_return_NaN                         0x0003a7ac   ARM Code     116  retnan.o(x$fpl$retnan)
    __ARM_scalbn                             0x0003a820   ARM Code     104  scalbn.o(x$fpl$scalbn)
    __fpl_cmpreturn                          0x0003a888   ARM Code      60  trapv.o(x$fpl$trapveneer)
    __I$use$fp                               0x0003a8c4   Number         0  usenofp.o(x$fpl$usenofp)
    SysCreatedDate                           0x0003a8de   Data          12  wm_cmdp_at.o(.constdata)
    SysCreatedTime                           0x0003a8ea   Data           9  wm_cmdp_at.o(.constdata)
    FirmWareVer                              0x0003a9d1   Data           4  wm_main.o(.constdata)
    HwVer                                    0x0003a9d5   Data           6  wm_main.o(.constdata)
    baud_rates                               0x0003a9f0   Data         144  wm_uart.o(.constdata)
    memp_sizes                               0x0003aad0   Data          30  memp.o(.constdata)
    tcp_persist_backoff                      0x0003aaf0   Data           7  tcp.o(.constdata)
    tcp_state_str                            0x0003aaf8   Data          44  tcp.o(.constdata)
    tcp_backoff                              0x0003ab24   Data          13  tcp.o(.constdata)
    tcp_pcb_lists                            0x0003ab34   Data          16  tcp.o(.constdata)
    ip_addr_any                              0x0003ab44   Data           4  ip_addr.o(.constdata)
    ip_addr_broadcast                        0x0003ab48   Data           4  ip_addr.o(.constdata)
    ethbroadcast                             0x0003ab4c   Data           6  etharp.o(.constdata)
    ethzero                                  0x0003ab52   Data           6  etharp.o(.constdata)
    central_freq                             0x0003d77c   Data         120  tls_wl_rf65.o(.constdata)
    bbp_value                                0x0003e93c   Data          80  tls_wl_phy.o(.constdata)
    Region$$Table$$Base                      0x0003fdc8   Number         0  anon$$obj.o(Region$$Table)
    Region$$Table$$Limit                     0x0003fdf8   Number         0  anon$$obj.o(Region$$Table)
    __ctype                                  0x0003fe05   Data           0  lc_ctype_c.o(locale$$data)
    gfwupdatemode                            0x0003ff28   Data           1  wm_cmdp.o(.data)
    net_up                                   0x0003ff29   Data           1  wm_cmdp.o(.data)
    RSTTIMER                                 0x0003ff2c   Data           4  wm_cmdp.o(.data)
    set_uart0_mode_callback                  0x0003ff30   Data           4  wm_cmdp.o(.data)
    get_uart1_port_callback                  0x0003ff34   Data           4  wm_cmdp.o(.data)
    set_uart1_mode_callback                  0x0003ff38   Data           4  wm_cmdp.o(.data)
    set_uart1_sock_param_callback            0x0003ff3c   Data           4  wm_cmdp.o(.data)
    gulCalFlag                               0x0003ff40   Data           1  wm_cmdp_at.o(.data)
    default_socket                           0x00040394   Data           1  wm_cmdp_hostif.o(.data)
    WmOneshotMsg                             0x000403b0   Data           4  wm_cmdp_oneshot_task.o(.data)
    WmOneshotQueue                           0x000403b4   Data           4  wm_cmdp_oneshot_task.o(.data)
    WmOneShotTaskStk                         0x000403b8   Data           4  wm_cmdp_oneshot_task.o(.data)
    guchandshakeflag                         0x000403c0   Data           1  wm_wifi_oneshot.o(.data)
    uctotalchannum                           0x000403c1   Data           1  wm_wifi_oneshot.o(.data)
    usIsDataIn                               0x000403cc   Data           2  wm_wifi_oneshot.o(.data)
    airwifichan                              0x000403f0   Data          13  wm_wifi_oneshot.o(.data)
    net_up_status                            0x00040400   Data           1  wm_main.o(.data)
    libc_sem                                 0x00040404   Data           4  wm_main.o(.data)
    pxCurrentTCB                             0x00040430   Data           4  tasks.o(.data)
    ulCriticalNesting                        0x00040484   Data           4  port.o(.data)
    channels                                 0x00040490   Data           8  wm_dma.o(.data)
    intr_counter                             0x000404ec   Data           1  wm_irq.o(.data)
    pwm_num                                  0x000404ed   Data           1  wm_pwm.o(.data)
    pwm_on                                   0x000404ee   Data           1  wm_pwm.o(.data)
    pwm_io                                   0x000404ef   Data           4  wm_pwm.o(.data)
    current_src_ip                           0x000404f4   Data           4  tls_netconn.o(.data)
    h_errno                                  0x0004050c   Data           4  netdb.o(.data)
    netif_list                               0x0004053c   Data           4  netif.o(.data)
    netif_default                            0x00040540   Data           4  netif.o(.data)
    tcp_active_pcbs_changed                  0x00040548   Data           1  tcp.o(.data)
    sndbuf_len                               0x00040550   Data           4  tcp.o(.data)
    tcp_ticks                                0x00040558   Data           4  tcp.o(.data)
    tcp_bound_pcbs                           0x0004055c   Data           4  tcp.o(.data)
    tcp_listen_pcbs                          0x00040560   Data           4  tcp.o(.data)
    tcp_active_pcbs                          0x00040564   Data           4  tcp.o(.data)
    tcp_tw_pcbs                              0x00040568   Data           4  tcp.o(.data)
    tcp_tmp_pcb                              0x0004056c   Data           4  tcp.o(.data)
    tcp_input_pcb                            0x00040588   Data           4  tcp_in.o(.data)
    udp_pcbs                                 0x00040594   Data           4  udp.o(.data)
    current_netif                            0x0004059c   Data           4  ip.o(.data)
    current_header                           0x000405a0   Data           4  ip.o(.data)
    current_iphdr_src                        0x000405a4   Data           4  ip.o(.data)
    current_iphdr_dest                       0x000405a8   Data           4  ip.o(.data)
    ethif                                    0x000405b8   Data           4  ethernet.o(.data)
    nif                                      0x000405bc   Data           4  ethernet.o(.data)
    lwip_task_priopity_stack                 0x000405c0   Data           2  sys_arch.o(.data)
    __stdout                                 0x000405c4   Data           4  retarget.o(.data)
    msg_queue                                0x000405c8   Data           4  tls_sys.o(.data)
    KeyScanTimer                             0x000405ec   Data           4  user_main.o(.data)
    g_u8ClientSendLen                        0x000405f0   Data           1  zc_hf_adpter.o(.data)
    g_u16TcpMss                              0x000405f4   Data           2  zc_hf_adpter.o(.data)
    g_struTimermutex                         0x000405f8   Data           4  zc_hf_adpter.o(.data)
    g_u32BcSleepCount                        0x000405fc   Data           4  zc_hf_adpter.o(.data)
    g_u32session_id                          0x00040600   Data           4  zc_hf_adpter.o(.data)
    g_Bcfd                                   0x00040604   Data           4  zc_bc.o(.data)
    g_pu8RemoteAddr                          0x00040608   Data           4  zc_bc.o(.data)
    g_u32GloablIp                            0x00040610   Data           4  zc_bc.o(.data)
    g_u8DefaultCloudKey                      0x00040614   Data          36  zc_configuration.o(.data)
    g_u8DefaultTokenKey                      0x00040638   Data          16  zc_configuration.o(.data)
    crc_ta_8                                 0x00040648   Data        1024  crc.o(.data)
    crc_ta_4                                 0x00040a48   Data          64  crc.o(.data)
    g_CurType                                0x00040a88   Data           1  ac_hal.o(.data)
    g_u8RecvDataLen                          0x00040a89   Data           1  ac_hal.o(.data)
    g_u8CurPktLen                            0x00040a8a   Data           1  ac_hal.o(.data)
    g_u32CloudStatus                         0x00040a8c   Data           4  ac_hal.o(.data)
    g_u32WifiPowerStatus                     0x00040a90   Data           4  ac_hal.o(.data)
    wpa_s                                    0x00040a94   Data           4  wpa_supplicant.o(.data)
    supplicant_event_ops                     0x00040aa0   Data          60  wpa_supplicant.o(.data)
    wif                                      0x00040adc   Data           4  tls_wl_core.o(.data)
    sleepmode                                0x00040ae0   Data           1  tls_wl_if.o(.data)
    hed_rf65_txgainmap                       0x00040ae1   Data          32  tls_wl_rf65.o(.data)
    minus_Ileakage                           0x00040b04   Data           1  tls_wl_rf65.o(.data)
    sample_num                               0x00040b08   Data           4  tls_wl_rf65.o(.data)
    tx_rx                                    0x00040b0c   Data           4  tls_wl_rf65.o(.data)
    LO_compensate_use                        0x00040b10   Data           4  tls_wl_rf65.o(.data)
    leakage_times                            0x00040b14   Data           4  tls_wl_rf65.o(.data)
    hed_rf65_current_channel                 0x00040b18   Data           4  tls_wl_rf65.o(.data)
    FFT_Data                                 0x00040b1c   Data           4  tls_wl_rf65.o(.data)
    tempRev                                  0x00040b20   Data           4  tls_wl_rf65.o(.data)
    rf65_set_chan_common_data_20m            0x00040b24   Data          96  tls_wl_rf65.o(.data)
    rf65_set_chan_common_data_40m            0x00040b84   Data          96  tls_wl_rf65.o(.data)
    rf65_chan24g_20m                         0x00040be4   Data         180  tls_wl_rf65.o(.data)
    rf65_chan24g_40m                         0x00040c98   Data         180  tls_wl_rf65.o(.data)
    _set_chan_common_data_20mrf              0x00040d4c   Data         100  tls_wl_rf65.o(.data)
    cos132                                   0x00040db0   Data         128  tls_wl_rf65.o(.data)
    sin132                                   0x00040e30   Data         128  tls_wl_rf65.o(.data)
    rfc1042_header                           0x00040ebe   Data           6  tls_wl_tx.o(.data)
    bridge_tunnel_header                     0x00040ec4   Data           6  tls_wl_tx.o(.data)
    g_wifi_data_recv_callback                0x00040ecc   Data           4  wm_wifi_api.o(.data)
    g_ltpt_testmode                          0x00040eec   Data           4  litepoint.o(.data)
    updp_mode                                0x00040ef8   Data           1  wm_param.o(.data)
    f_bss                                    0x00040f00   Data           4  tls_wl_bss.o(.data)
    wl_region                                0x00040f04   Data          24  tls_wl_hw.o(.data)
    band_2GHz                                0x00040f1c   Data          44  tls_wl_hw.o(.data)
    socket_cfg                               0x00041690   Data          48  wm_cmdp.o(.bss)
    g_hostif_tx_msg                          0x000416c0   Data        1600  wm_cmdp_hostif.o(.bss)
    g_hostif_tx_event_msg                    0x00041d00   Data         400  wm_cmdp_hostif.o(.bss)
    g_hostif                                 0x00041e90   Data          64  wm_cmdp_hostif.o(.bss)
    sockrecvmit                              0x00041ed0   Data          80  wm_cmdp_hostif.o(.bss)
    skt_desc_def                             0x00041f20   Data          76  wm_cmdp_hostif.o(.bss)
    skt_desc                                 0x00041f6c   Data          76  wm_cmdp_hostif.o(.bss)
    uart_st                                  0x00041fb8   Data         128  wm_uart_task.o(.bss)
    uart_net_send_data                       0x00042038   Data         512  wm_uart_task.o(.bss)
    ricmd_buffer                             0x00042238   Data         208  wm_uart_task.o(.bss)
    TaskStartStk                             0x00042470   Data        1200  wm_main.o(.bss)
    uart_port                                0x000460ec   Data         288  wm_uart.o(.bss)
    intr_handler_vect                        0x0004620c   Data         512  wm_irq.o(.bss)
    pwm_info                                 0x0004640c   Data          96  wm_pwm.o(.bss)
    p_net_conn                               0x0004646c   Data          80  tls_netconn.o(.bss)
    dhcp_rx_options_val                      0x00046590   Data          40  dhcp.o(.bss)
    dhcp_rx_options_given                    0x000465b8   Data          10  dhcp.o(.bss)
    lwip_stats                               0x00046c28   Data         186  stats.o(.bss)
    netif_status_event                       0x00046de0   Data          12  ethernet.o(.bss)
    lwip_task_stk                            0x00046dec   Data        4096  sys_arch.o(.bss)
    sys_task_stk                             0x00047f6c   Data        1024  tls_sys.o(.bss)
    g_struHfAdapter                          0x0004a0a8   Data          68  zc_hf_adpter.o(.bss)
    g_u8recvbuffer                           0x0004a0ec   Data         600  zc_hf_adpter.o(.bss)
    g_struUartBuffer                         0x0004a344   Data        1008  zc_hf_adpter.o(.bss)
    g_struHfTimer                            0x0004a734   Data          80  zc_hf_adpter.o(.bss)
    g_u8BcSendBuffer                         0x0004a784   Data          60  zc_hf_adpter.o(.bss)
    struRemoteAddr                           0x0004a7c0   Data          16  zc_hf_adpter.o(.bss)
    TaskHFCloudfuncStk                       0x0004a7d0   Data        1600  zc_hf_adpter.o(.bss)
    g_struRecvBuffer                         0x0004ae10   Data         608  zc_hf_adpter.o(.bss)
    g_struClientBuffer                       0x0004b070   Data         608  zc_hf_adpter.o(.bss)
    g_struRecvQueue                          0x0004b2d0   Data          40  zc_hf_adpter.o(.bss)
    g_struSendBuffer                         0x0004b2f8   Data        1824  zc_hf_adpter.o(.bss)
    g_struSendQueue                          0x0004ba18   Data          40  zc_hf_adpter.o(.bss)
    g_u8MsgBuildBuffer                       0x0004ba40   Data         600  zc_hf_adpter.o(.bss)
    g_struClientInfo                         0x0004bc98   Data          40  zc_client_manager.o(.bss)
    g_struZcConfigDb                         0x0004bcc0   Data         308  zc_configuration.o(.bss)
    g_struRegisterInfo                       0x0004bdf4   Data         140  zc_configuration.o(.bss)
    g_struProtocolController                 0x0004be80   Data         136  zc_protocol_controller.o(.bss)
    g_struTimer                              0x0004bf08   Data          80  zc_timer.o(.bss)
    X                                        0x0004bf58   Data          88  bignum.o(.bss)
    Y                                        0x0004bfb0   Data          88  bignum.o(.bss)
    Z                                        0x0004c008   Data          88  bignum.o(.bss)
    O_T1                                     0x0004c060   Data          88  bignum.o(.bss)
    O_T2                                     0x0004c0b8   Data          88  bignum.o(.bss)
    O_RR                                     0x0004c110   Data          88  bignum.o(.bss)
    O_T                                      0x0004c168   Data          88  bignum.o(.bss)
    O_W                                      0x0004c1c0   Data        5632  bignum.o(.bss)
    T                                        0x0004d7c0   Data          88  rsa.o(.bss)
    T1                                       0x0004d818   Data          88  rsa.o(.bss)
    T2                                       0x0004d870   Data          88  rsa.o(.bss)
    buf                                      0x0004d8c8   Data          64  rsa.o(.bss)
    g_u8DevMsgBuildBuffer                    0x0004d908   Data         512  ac_hal.o(.bss)
    supplicant_task_stk                      0x0004dc14   Data        8192  wpa_supplicant.o(.bss)
    supplicant_timer_task_stk                0x0004fc14   Data         512  wpa_supplicant.o(.bss)
    tx_gain_group                            0x0004fe14   Data          29  tls_wl_core.o(.bss)
    scan_task_stk                            0x0004fe34   Data         800  tls_wl_core.o(.bss)
    mlme_task_stk                            0x00050154   Data        1200  tls_wl_core.o(.bss)
    txmgmt_cmpt_task_stk                     0x00050604   Data         512  tls_wl_core.o(.bss)
    rx_task_stk                              0x00050804   Data        1600  tls_wl_core.o(.bss)
    bss_mgmt_task_stk                        0x00050e44   Data         512  tls_wl_core.o(.bss)
    rf65_cw_data                             0x00051048   Data          96  tls_wl_rf65.o(.bss)
    avrg_atti_tx                             0x000510a8   Data          16  tls_wl_rf65.o(.bss)
    init_param_tmp                           0x000510b8   Data          20  tls_wl_rf65.o(.bss)
    g_wl_txbuf                               0x000510cc   Data         756  tls_wl_tx.o(.bss)
    g_wl_mgmt_txbuf                          0x000513c0   Data         864  tls_wl_tx.o(.bss)
    g_ltpt_rxinfo                            0x00051efc   Data          20  litepoint.o(.bss)
    g_ltpt_txinfo                            0x00051f10   Data          28  litepoint.o(.bss)
    user_default_param                       0x00052400   Data         608  wm_param.o(.bss)
    g_wl_rxbuf                               0x00052660   Data         504  tls_wl_rx.o(.bss)
    _random_number_data                      0x00052910   Data         228  rand.o(.bss)



==============================================================================

Memory Map of the image

  Image Entry point : 0x00000400

  Load Region LR_ROM1 (Base: 0x00000400, Size: 0x00040e90, Max: 0x00067000, ABSOLUTE, COMPRESSED[0x00040478])

    Execution Region ER_ROM1 (Base: 0x00000400, Size: 0x0003fb24, Max: 0x00067000, ABSOLUTE)

    Base Addr    Size         Type   Attr      Idx    E Section Name        Object

    0x00000400   0x000000ec   Code   RO          170  * RESET               start.o
    0x000004ec   0x00000008   Code   RO          461  * !!!main             c_5.l(__main.o)
    0x000004f4   0x0000003c   Code   RO          703    !!!scatter          c_5.l(__scatter.o)
    0x00000530   0x0000005c   Code   RO          702    !!dczerorl2         c_5.l(__dczerorl2.o)
    0x0000058c   0x00000028   Code   RO          704    !!handler_copy      c_5.l(__scatter_copy.o)
    0x000005b4   0x0000002c   Code   RO          705    !!handler_zi        c_5.l(__scatter_zi.o)
    0x000005e0   0x00000000   Code   RO          426    .ARM.Collect$$_printf_percent$$00000000  c_5.l(_printf_percent.o)
    0x000005e0   0x00000008   Code   RO          507    .ARM.Collect$$_printf_percent$$00000001  c_5.l(_printf_n.o)
    0x000005e8   0x00000008   Code   RO          508    .ARM.Collect$$_printf_percent$$00000002  c_5.l(_printf_p.o)
    0x000005f0   0x00000008   Code   RO          511    .ARM.Collect$$_printf_percent$$00000003  c_5.l(_printf_f.o)
    0x000005f8   0x00000008   Code   RO          512    .ARM.Collect$$_printf_percent$$00000004  c_5.l(_printf_e.o)
    0x00000600   0x00000008   Code   RO          513    .ARM.Collect$$_printf_percent$$00000005  c_5.l(_printf_g.o)
    0x00000608   0x00000008   Code   RO          514    .ARM.Collect$$_printf_percent$$00000006  c_5.l(_printf_a.o)
    0x00000610   0x0000000c   Code   RO          519    .ARM.Collect$$_printf_percent$$00000007  c_5.l(_printf_ll.o)
    0x0000061c   0x00000008   Code   RO          510    .ARM.Collect$$_printf_percent$$00000008  c_5.l(_printf_i.o)
    0x00000624   0x00000008   Code   RO          424    .ARM.Collect$$_printf_percent$$00000009  c_5.l(_printf_d.o)
    0x0000062c   0x00000008   Code   RO          425    .ARM.Collect$$_printf_percent$$0000000A  c_5.l(_printf_u.o)
    0x00000634   0x00000008   Code   RO          509    .ARM.Collect$$_printf_percent$$0000000B  c_5.l(_printf_o.o)
    0x0000063c   0x00000008   Code   RO          423    .ARM.Collect$$_printf_percent$$0000000C  c_5.l(_printf_x.o)
    0x00000644   0x00000008   Code   RO          516    .ARM.Collect$$_printf_percent$$0000000D  c_5.l(_printf_lli.o)
    0x0000064c   0x00000008   Code   RO          517    .ARM.Collect$$_printf_percent$$0000000E  c_5.l(_printf_lld.o)
    0x00000654   0x00000008   Code   RO          518    .ARM.Collect$$_printf_percent$$0000000F  c_5.l(_printf_llu.o)
    0x0000065c   0x00000008   Code   RO          523    .ARM.Collect$$_printf_percent$$00000010  c_5.l(_printf_llo.o)
    0x00000664   0x00000008   Code   RO          524    .ARM.Collect$$_printf_percent$$00000011  c_5.l(_printf_llx.o)
    0x0000066c   0x0000000c   Code   RO          520    .ARM.Collect$$_printf_percent$$00000012  c_5.l(_printf_l.o)
    0x00000678   0x00000008   Code   RO          421    .ARM.Collect$$_printf_percent$$00000013  c_5.l(_printf_c.o)
    0x00000680   0x00000008   Code   RO          422    .ARM.Collect$$_printf_percent$$00000014  c_5.l(_printf_s.o)
    0x00000688   0x00000008   Code   RO          521    .ARM.Collect$$_printf_percent$$00000015  c_5.l(_printf_lc.o)
    0x00000690   0x00000008   Code   RO          522    .ARM.Collect$$_printf_percent$$00000016  c_5.l(_printf_ls.o)
    0x00000698   0x00000008   Code   RO          515    .ARM.Collect$$_printf_percent$$00000017  c_5.l(_printf_percent_end.o)
    0x000006a0   0x00000002   Code   RO          657    .ARM.Collect$$libinit$$00000000  c_5.l(libinit.o)
    0x000006a2   0x00000000   Code   RO          535    .ARM.Collect$$libinit$$00000002  c_5.l(libinit2.o)
    0x000006a2   0x00000008   Code   RO          536    .ARM.Collect$$libinit$$00000003  c_5.l(libinit2.o)
    0x000006aa   0x00000000   Code   RO          538    .ARM.Collect$$libinit$$00000008  c_5.l(libinit2.o)
    0x000006aa   0x00000000   Code   RO          540    .ARM.Collect$$libinit$$0000000A  c_5.l(libinit2.o)
    0x000006aa   0x00000004   Code   RO          541    .ARM.Collect$$libinit$$0000000B  c_5.l(libinit2.o)
    0x000006ae   0x00000000   Code   RO          542    .ARM.Collect$$libinit$$0000000C  c_5.l(libinit2.o)
    0x000006ae   0x00000006   Code   RO          543    .ARM.Collect$$libinit$$0000000D  c_5.l(libinit2.o)
    0x000006b4   0x00000000   Code   RO          545    .ARM.Collect$$libinit$$0000000F  c_5.l(libinit2.o)
    0x000006b4   0x0000000c   Code   RO          546    .ARM.Collect$$libinit$$00000010  c_5.l(libinit2.o)
    0x000006c0   0x00000000   Code   RO          547    .ARM.Collect$$libinit$$00000011  c_5.l(libinit2.o)
    0x000006c0   0x00000000   Code   RO          549    .ARM.Collect$$libinit$$00000013  c_5.l(libinit2.o)
    0x000006c0   0x0000000a   Code   RO          550    .ARM.Collect$$libinit$$00000014  c_5.l(libinit2.o)
    0x000006ca   0x00000000   Code   RO          551    .ARM.Collect$$libinit$$00000015  c_5.l(libinit2.o)
    0x000006ca   0x00000000   Code   RO          553    .ARM.Collect$$libinit$$00000017  c_5.l(libinit2.o)
    0x000006ca   0x00000000   Code   RO          555    .ARM.Collect$$libinit$$00000019  c_5.l(libinit2.o)
    0x000006ca   0x00000000   Code   RO          557    .ARM.Collect$$libinit$$0000001B  c_5.l(libinit2.o)
    0x000006ca   0x00000000   Code   RO          559    .ARM.Collect$$libinit$$0000001D  c_5.l(libinit2.o)
    0x000006ca   0x00000000   Code   RO          561    .ARM.Collect$$libinit$$0000001F  c_5.l(libinit2.o)
    0x000006ca   0x00000000   Code   RO          563    .ARM.Collect$$libinit$$00000021  c_5.l(libinit2.o)
    0x000006ca   0x00000000   Code   RO          565    .ARM.Collect$$libinit$$00000023  c_5.l(libinit2.o)
    0x000006ca   0x00000000   Code   RO          569    .ARM.Collect$$libinit$$0000002A  c_5.l(libinit2.o)
    0x000006ca   0x00000000   Code   RO          571    .ARM.Collect$$libinit$$0000002C  c_5.l(libinit2.o)
    0x000006ca   0x00000000   Code   RO          573    .ARM.Collect$$libinit$$0000002E  c_5.l(libinit2.o)
    0x000006ca   0x00000000   Code   RO          575    .ARM.Collect$$libinit$$00000030  c_5.l(libinit2.o)
    0x000006ca   0x00000002   Code   RO          576    .ARM.Collect$$libinit$$00000031  c_5.l(libinit2.o)
    0x000006cc   0x00000002   Code   RO          699    .ARM.Collect$$libshutdown$$00000000  c_5.l(libshutdown.o)
    0x000006ce   0x00000000   Code   RO          670    .ARM.Collect$$libshutdown$$00000003  c_5.l(libshutdown2.o)
    0x000006ce   0x00000000   Code   RO          673    .ARM.Collect$$libshutdown$$00000006  c_5.l(libshutdown2.o)
    0x000006ce   0x00000000   Code   RO          676    .ARM.Collect$$libshutdown$$00000009  c_5.l(libshutdown2.o)
    0x000006ce   0x00000000   Code   RO          678    .ARM.Collect$$libshutdown$$0000000B  c_5.l(libshutdown2.o)
    0x000006ce   0x00000000   Code   RO          681    .ARM.Collect$$libshutdown$$0000000E  c_5.l(libshutdown2.o)
    0x000006ce   0x00000002   Code   RO          682    .ARM.Collect$$libshutdown$$0000000F  c_5.l(libshutdown2.o)
    0x000006d0   0x00000000   Code   RO          468    .ARM.Collect$$rtentry$$00000000  c_5.l(rtentry.o)
    0x000006d0   0x00000000   Code   RO          588    .ARM.Collect$$rtentry$$00000002  c_5.l(rtentry2.o)
    0x000006d0   0x00000008   Code   RO          600    .ARM.Collect$$rtentry$$00000004  c_5.l(rtentry4.o)
    0x000006d8   0x00000000   Code   RO          590    .ARM.Collect$$rtentry$$00000009  c_5.l(rtentry2.o)
    0x000006d8   0x00000004   Code   RO          591    .ARM.Collect$$rtentry$$0000000A  c_5.l(rtentry2.o)
    0x000006dc   0x00000000   Code   RO          593    .ARM.Collect$$rtentry$$0000000C  c_5.l(rtentry2.o)
    0x000006dc   0x00000028   Code   RO          594    .ARM.Collect$$rtentry$$0000000D  c_5.l(rtentry2.o)
    0x00000704   0x00000004   Code   RO          661    .ARM.Collect$$rtexit$$00000000  c_5.l(rtexit.o)
    0x00000708   0x00000000   Code   RO          684    .ARM.Collect$$rtexit$$00000002  c_5.l(rtexit2.o)
    0x00000708   0x00000004   Code   RO          685    .ARM.Collect$$rtexit$$00000003  c_5.l(rtexit2.o)
    0x0000070c   0x00000008   Code   RO          686    .ARM.Collect$$rtexit$$00000004  c_5.l(rtexit2.o)
    0x00000714   0x00000038   Code   RO          432    .emb_text           c_5.l(rand.o)
    0x0000074c   0x00000000   Code   RO          606    .emb_text           c_5.l(maybetermalloc1.o)
    0x0000074c   0x00001254   Code   RO            1    .text               httpclient.o
    0x000019a0   0x00000250   Code   RO            3    .text               httpclientstring.o
    0x00001bf0   0x000001d0   Code   RO            4    .text               httpclientwrapper.o
    0x00001dc0   0x00000314   Code   RO            5    .text               wm_httpclient_task.o
    0x000020d4   0x00000dec   Code   RO            8    .text               wm_cmdp.o
    0x00002ec0   0x000034d8   Code   RO           11    .text               wm_cmdp_at.o
    0x00006398   0x00001084   Code   RO           17    .text               wm_cmdp_hostif.o
    0x0000741c   0x00000074   Code   RO           20    .text               wm_cmdp_ri.o
    0x00007490   0x00000fc4   Code   RO           22    .text               wm_uart_task.o
    0x00008454   0x000000a4   Code   RO           26    .text               wm_uart_timer.o
    0x000084f8   0x00000198   Code   RO           27    .text               wm_cmdp_oneshot_task.o
    0x00008690   0x00000d78   Code   RO           29    .text               wm_wifi_oneshot.o
    0x00009408   0x0000004c   Code   RO           32    .text               main.o
    0x00009454   0x00000134   Code   RO           36    .text               wm_main.o
    0x00009588   0x0000004c   Code   RO           43    .text               clock.o
    0x000095d4   0x000000f0   Code   RO           47    .text               heap_2.o
    0x000096c4   0x0000008c   Code   RO           50    .text               list.o
    0x00009750   0x0000047e   Code   RO           51    .text               queue.o
    0x00009bce   0x00000002   PAD
    0x00009bd0   0x00000348   Code   RO           52    .text               rtostimers.o
    0x00009f18   0x0000099c   Code   RO           55    .text               tasks.o
    0x0000a8b4   0x0000011c   Code   RO           59    .text               port.o
    0x0000a9d0   0x00000f54   Code   RO           63    .text               wm_hostspi.o
    0x0000b924   0x00000048   Code   RO           66    .text               wm_timer.o
    0x0000b96c   0x00000878   Code   RO           67    .text               wm_uart.o
    0x0000c1e4   0x00000128   Code   RO           74    .text               wm_dma.o
    0x0000c30c   0x00000070   Code   RO           76    .text               wm_efuse.o
    0x0000c37c   0x000005ec   Code   RO           77    .text               wm_fls.o
    0x0000c968   0x0000024c   Code   RO           79    .text               wm_fls_gd25qxx.o
    0x0000cbb4   0x00000248   Code   RO           81    .text               wm_gpio.o
    0x0000cdfc   0x00000090   Code   RO           82    .text               wm_cpu.o
    0x0000ce8c   0x00000264   Code   RO           83    .text               wm_irq.o
    0x0000d0f0   0x000001e4   Code   RO           89    .text               wm_pwm.o
    0x0000d2d4   0x000000ac   Code   RO           93    .text               tls_sockets.o
    0x0000d380   0x00000c3c   Code   RO           94    .text               tls_netconn.o
    0x0000dfbc   0x000002d0   Code   RO           98    .text               tcpip.o
    0x0000e28c   0x0000045c   Code   RO          100    .text               api_lib.o
    0x0000e6e8   0x00000c40   Code   RO          101    .text               api_msg.o
    0x0000f328   0x0000010c   Code   RO          102    .text               netbuf.o
    0x0000f434   0x000001cc   Code   RO          103    .text               netdb.o
    0x0000f600   0x000000cc   Code   RO          106    .text               netifapi.o
    0x0000f6cc   0x00000fc0   Code   RO          107    .text               sockets.o
    0x0001068c   0x00000028   Code   RO          111    .text               def.o
    0x000106b4   0x00000d30   Code   RO          112    .text               dhcp.o
    0x000113e4   0x000004f8   Code   RO          115    .text               dns.o
    0x000118dc   0x00000024   Code   RO          118    .text               init.o
    0x00011900   0x00000218   Code   RO          120    .text               netif.o
    0x00011b18   0x000004fc   Code   RO          122    .text               pbuf.o
    0x00012014   0x00000188   Code   RO          123    .text               raw.o
    0x0001219c   0x00000002   Code   RO          125    .text               stats.o
    0x0001219e   0x00000002   PAD
    0x000121a0   0x00000b2c   Code   RO          128    .text               tcp.o
    0x00012ccc   0x00000e10   Code   RO          132    .text               tcp_in.o
    0x00013adc   0x00000c8c   Code   RO          135    .text               tcp_out.o
    0x00014768   0x00000234   Code   RO          136    .text               timers.o
    0x0001499c   0x00000474   Code   RO          139    .text               udp.o
    0x00014e10   0x0000021c   Code   RO          141    .text               icmp.o
    0x0001502c   0x000001f8   Code   RO          142    .text               inet_chksum.o
    0x00015224   0x00000398   Code   RO          143    .text               ip.o
    0x000155bc   0x000001f0   Code   RO          145    .text               ip_addr.o
    0x000157ac   0x0000068c   Code   RO          149    .text               ip_frag.o
    0x00015e38   0x00000760   Code   RO          151    .text               etharp.o
    0x00016598   0x00000100   Code   RO          155    .text               ethernetif.o
    0x00016698   0x00000280   Code   RO          156    .text               ethernet.o
    0x00016918   0x00000384   Code   RO          159    .text               sys_arch.o
    0x00016c9c   0x00000008   Ven    RO          163    .text               retarget.o
    0x00016ca4   0x00000048   Code   RO          163    .text               retarget.o
    0x00016cec   0x00000024   Code   RO          171    .text               start.o
    0x00016d10   0x0000037c   Code   RO          172    .text               tls_sys.o
    0x0001708c   0x00000048   Code   RO          175    .text               wm_mem.o
    0x000170d4   0x000007f0   Code   RO          176    .text               utils.o
    0x000178c4   0x0000085c   Code   RO          179    .text               wm_fwup.o
    0x00018120   0x000004d8   Code   RO          184    .text               user_main.o
    0x000185f8   0x00000a00   Code   RO          188    .text               zc_hf_adpter.o
    0x00018ff8   0x00000104   Code   RO          200    .text               zc_bc.o
    0x000190fc   0x000002c4   Code   RO          202    .text               zc_client_manager.o
    0x000193c0   0x000001bc   Code   RO          204    .text               zc_cloud_event.o
    0x0001957c   0x000001b0   Code   RO          205    .text               zc_common.o
    0x0001972c   0x00000344   Code   RO          206    .text               zc_configuration.o
    0x00019a70   0x00000260   Code   RO          209    .text               zc_message_queue.o
    0x00019cd0   0x0000046c   Code   RO          210    .text               zc_moudle_manager.o
    0x0001a13c   0x00000dc4   Code   RO          211    .text               zc_protocol_controller.o
    0x0001af00   0x0000044c   Code   RO          213    .text               zc_sec_engine.o
    0x0001b34c   0x00000110   Code   RO          215    .text               zc_timer.o
    0x0001b45c   0x00002234   Code   RO          217    .text               bignum.o
    0x0001d690   0x000001e8   Code   RO          220    .text               aes_cbc.o
    0x0001d878   0x00000af0   Code   RO          221    .text               aes_core.o
    0x0001e368   0x0000032c   Code   RO          223    .text               rsa.o
    0x0001e694   0x000000a8   Code   RO          225    .text               crc.o
    0x0001e73c   0x000002ec   Code   RO          227    .text               ac_api.o
    0x0001ea28   0x000002a0   Code   RO          228    .text               ac_hal.o
    0x0001ecc8   0x000008f2   Code   RO          235    .text               dhcp_server.o
    0x0001f5ba   0x00000002   PAD
    0x0001f5bc   0x00000350   Code   RO          237    .text               dns_server.o
    0x0001f90c   0x00001b18   Code   RO          239    .text               wifi.lib(wpa_supplicant.o)
    0x00021424   0x0000084c   Code   RO          243    .text               wifi.lib(tls_wl_core.o)
    0x00021c70   0x00000a4c   Code   RO          248    .text               wifi.lib(tls_wl_if.o)
    0x000226bc   0x0000109c   Code   RO          250    .text               wifi.lib(tls_wl_rf65.o)
    0x00023758   0x00001042   Code   RO          265    .text               wifi.lib(tls_wl_tx.o)
    0x0002479a   0x00000002   PAD
    0x0002479c   0x0000048c   Code   RO          268    .text               wifi.lib(tls_wl_util.o)
    0x00024c28   0x00000954   Code   RO          270    .text               wifi.lib(wm_wifi_api.o)
    0x0002557c   0x00000878   Code   RO          272    .text               wifi.lib(wm_wifi_oneshot_api.o)
    0x00025df4   0x000002bc   Code   RO          275    .text               wifi.lib(litepoint.o)
    0x000260b0   0x00000c50   Code   RO          280    .text               wifi.lib(wm_param.o)
    0x00026d00   0x0000081e   Code   RO          284    .text               wifi.lib(ap.o)
    0x0002751e   0x00000284   Code   RO          286    .text               wifi.lib(bss.o)
    0x000277a2   0x00000002   PAD
    0x000277a4   0x00000d58   Code   RO          287    .text               wifi.lib(events.o)
    0x000284fc   0x000000a8   Code   RO          288    .text               wifi.lib(ieee802_1x.o)
    0x000285a4   0x00000aac   Code   RO          289    .text               wifi.lib(ieee802_11.o)
    0x00029050   0x000002d2   Code   RO          290    .text               wifi.lib(scan.o)
    0x00029322   0x000000e0   Code   RO          291    .text               wifi.lib(sha1-pbkdf2.o)
    0x00029402   0x00000002   PAD
    0x00029404   0x00000564   Code   RO          292    .text               wifi.lib(hostapd_sta_info.o)
    0x00029968   0x000000e4   Code   RO          293    .text               wifi.lib(tkip_countermeasures.o)
    0x00029a4c   0x00001090   Code   RO          294    .text               wifi.lib(wpa.o)
    0x0002aadc   0x00000450   Code   RO          296    .text               wifi.lib(wpa_driver.o)
    0x0002af2c   0x00000394   Code   RO          297    .text               wifi.lib(wpa_ie.o)
    0x0002b2c0   0x00000140   Code   RO          298    .text               wifi.lib(wpabuf.o)
    0x0002b400   0x00000144   Code   RO          299    .text               wifi.lib(wpas_glue.o)
    0x0002b544   0x00000880   Code   RO          300    .text               wifi.lib(tls_wl_bss.o)
    0x0002bdc4   0x00000c08   Code   RO          302    .text               wifi.lib(tls_wl_hw.o)
    0x0002c9cc   0x000003a8   Code   RO          306    .text               wifi.lib(tls_wl_key.o)
    0x0002cd74   0x00000bf0   Code   RO          307    .text               wifi.lib(tls_wl_mgmt.o)
    0x0002d964   0x000019a8   Code   RO          308    .text               wifi.lib(tls_wl_mlme.o)
    0x0002f30c   0x0000002c   Code   RO          309    .text               wifi.lib(tls_wl_phy.o)
    0x0002f338   0x00000954   Code   RO          311    .text               wifi.lib(tls_wl_rc.o)
    0x0002fc8c   0x000012b8   Code   RO          313    .text               wifi.lib(tls_wl_rx.o)
    0x00030f44   0x00000370   Code   RO          317    .text               wifi.lib(tls_wl_scan.o)
    0x000312b4   0x0000039c   Code   RO          318    .text               wifi.lib(tls_wl_sta_info.o)
    0x00031650   0x000000ac   Code   RO          319    .text               wifi.lib(aes_unwrap.o)
    0x000316fc   0x00000038   Code   RO          320    .text               wifi.lib(ap_mlme.o)
    0x00031734   0x000004f2   Code   RO          321    .text               wifi.lib(beacon.o)
    0x00031c26   0x00000002   PAD
    0x00031c28   0x00000130   Code   RO          322    .text               wifi.lib(common.o)
    0x00031d58   0x0000033c   Code   RO          324    .text               wifi.lib(hostapd.o)
    0x00032094   0x000002ac   Code   RO          326    .text               wifi.lib(ieee802_11_common.o)
    0x00032340   0x0000006e   Code   RO          327    .text               wifi.lib(os_internal.o)
    0x000323ae   0x00000002   PAD
    0x000323b0   0x0000016c   Code   RO          328    .text               wifi.lib(random.o)
    0x0003251c   0x00000106   Code   RO          332    .text               wifi.lib(rc4.o)
    0x00032622   0x0000016c   Code   RO          333    .text               wifi.lib(sha1.o)
    0x0003278e   0x00000002   PAD
    0x00032790   0x000016f0   Code   RO          334    .text               wifi.lib(wpa_auth.o)
    0x00033e80   0x0000062c   Code   RO          336    .text               wifi.lib(wpa_auth_ie.o)
    0x000344ac   0x0000054c   Code   RO          337    .text               wifi.lib(wpa_common.o)
    0x000349f8   0x00000258   Code   RO          338    .text               wifi.lib(hostapd_wpa_driver.o)
    0x00034c50   0x0000009a   Code   RO          339    .text               wifi.lib(aes_wrap.o)
    0x00034cea   0x00000002   PAD
    0x00034cec   0x000009c4   Code   RO          340    .text               wifi.lib(aesMatrix.o)
    0x000356b0   0x0000094c   Code   RO          342    .text               wifi.lib(md5.o)
    0x00035ffc   0x00001258   Code   RO          343    .text               wifi.lib(sha1_internal.o)
    0x00037254   0x000000c0   Code   RO          344    .text               wifi.lib(wpa_auth_glue.o)
    0x00037314   0x00000014   Code   RO          347    .text               c_5.l(rt_ctype_table.o)
    0x00037328   0x0000009a   Code   RO          354    .text               c_5.l(h1_alloc_mt.o)
    0x000373c2   0x00000074   Code   RO          355    .text               c_5.l(h1_free_mt.o)
    0x00037436   0x000000dc   Code   RO          356    .text               c_5.l(h1_realloc_mt.o)
    0x00037512   0x00000002   PAD
    0x00037514   0x00000050   Code   RO          383    .text               c_5.l(llsdiv.o)
    0x00037564   0x0000001a   Code   RO          384    .text               c_5.l(tolower.o)
    0x0003757e   0x0000001e   Code   RO          385    .text               c_5.l(toupper.o)
    0x0003759c   0x0000001c   Code   RO          386    .text               c_5.l(printf.o)
    0x000375b8   0x0000001c   Code   RO          387    .text               c_5.l(__2printf.o)
    0x000375d4   0x0000002c   Code   RO          388    .text               c_5.l(__2sprintf.o)
    0x00037600   0x0000004e   Code   RO          392    .text               c_5.l(_printf_pad.o)
    0x0003764e   0x00000052   Code   RO          393    .text               c_5.l(_printf_str.o)
    0x000376a0   0x00000008   Ven    RO          394    .text               c_5.l(_printf_dec.o)
    0x000376a8   0x0000006c   Code   RO          394    .text               c_5.l(_printf_dec.o)
    0x00037714   0x00000008   Ven    RO          407    .text               c_5.l(_printf_hex_int_ll_ptr.o)
    0x0003771c   0x00000098   Code   RO          407    .text               c_5.l(_printf_hex_int_ll_ptr.o)
    0x000377b4   0x00000188   Code   RO          419    .text               c_5.l(__printf_flags_ss_wp.o)
    0x0003793c   0x00000040   Code   RO          427    .text               c_5.l(__0sscanf.o)
    0x0003797c   0x0000014a   Code   RO          428    .text               c_5.l(_scanf_int.o)
    0x00037ac6   0x000000e4   Code   RO          429    .text               c_5.l(_scanf_str.o)
    0x00037baa   0x0000001a   Code   RO          430    .text               c_5.l(atoi.o)
    0x00037bc4   0x0000001a   Code   RO          431    .text               c_5.l(atol.o)
    0x00037bde   0x00000002   PAD
    0x00037be0   0x00000040   Code   RO          433    .text               c_5.l(rand.o)
    0x00037c20   0x00000016   Code   RO          435    .text               c_5.l(strchr.o)
    0x00037c36   0x00000028   Code   RO          436    .text               c_5.l(strstr.o)
    0x00037c5e   0x00000074   Code   RO          437    .text               c_5.l(memcmp.o)
    0x00037cd2   0x00000002   PAD
    0x00037cd4   0x0000004c   Code   RO          438    .text               c_5.l(strcpy.o)
    0x00037d20   0x00000044   Code   RO          439    .text               c_5.l(strlen.o)
    0x00037d64   0x00000018   Code   RO          440    .text               c_5.l(memchr.o)
    0x00037d7c   0x00000018   Code   RO          441    .text               c_5.l(strcat.o)
    0x00037d94   0x000000d4   Code   RO          442    .text               c_5.l(rt_memcpy.o)
    0x00037e68   0x000000d4   Code   RO          443    .text               c_5.l(rt_memmove.o)
    0x00037f3c   0x00000064   Code   RO          444    .text               c_5.l(rt_memcpy_w.o)
    0x00037fa0   0x00000010   Code   RO          445    .text               c_5.l(aeabi_memset.o)
    0x00037fb0   0x00000040   Code   RO          446    .text               c_5.l(rt_memclr.o)
    0x00037ff0   0x00000054   Code   RO          447    .text               c_5.l(rt_memclr_w.o)
    0x00038044   0x0000006c   Code   RO          448    .text               c_5.l(strncpy.o)
    0x000380b0   0x000000a0   Code   RO          449    .text               c_5.l(strcmp.o)
    0x00038150   0x00000020   Code   RO          450    .text               c_5.l(uread4.o)
    0x00038170   0x00000020   Code   RO          451    .text               c_5.l(uwrite4.o)
    0x00038190   0x0000017c   Code   RO          452    .text               c_5.l(aeabi_sdiv.o)
    0x0003830c   0x00000006   Code   RO          460    .text               c_5.l(heapauxi.o)
    0x00038312   0x00000002   PAD
    0x00038314   0x00000010   Code   RO          474    .text               c_5.l(rt_heap_descriptor_onelibspace.o)
    0x00038324   0x00000010   Code   RO          478    .text               c_5.l(rt_locale_onelibspace.o)
    0x00038334   0x00000004   Code   RO          482    .text               c_5.l(rt_errno_addr_onelibspace.o)
    0x00038338   0x00000004   Code   RO          483    .text               c_5.l(hguard.o)
    0x0003833c   0x00000088   Code   RO          484    .text               c_5.l(init_alloc.o)
    0x000383c4   0x00000016   Code   RO          487    .text               c_5.l(h1_init_mt.o)
    0x000383da   0x00000002   PAD
    0x000383dc   0x000002f0   Code   RO          493    .text               c_5.l(lludiv5.o)
    0x000386cc   0x0000002c   Code   RO          494    .text               c_5.l(_printf_truncate.o)
    0x000386f8   0x000000b0   Code   RO          495    .text               c_5.l(_printf_intcommon.o)
    0x000387a8   0x00000008   Ven    RO          496    .text               c_5.l(_printf_charcount.o)
    0x000387b0   0x00000028   Code   RO          496    .text               c_5.l(_printf_charcount.o)
    0x000387d8   0x00000030   Code   RO          497    .text               c_5.l(_printf_char_common.o)
    0x00038808   0x0000000a   Code   RO          498    .text               c_5.l(_sputc.o)
    0x00038812   0x00000002   PAD
    0x00038814   0x00000008   Ven    RO          499    .text               c_5.l(_printf_char.o)
    0x0003881c   0x0000002e   Code   RO          499    .text               c_5.l(_printf_char.o)
    0x0003884a   0x00000002   PAD
    0x0003884c   0x00000028   Code   RO          500    .text               c_5.l(_printf_char_file.o)
    0x00038874   0x000000bc   Code   RO          501    .text               c_5.l(_printf_wctomb.o)
    0x00038930   0x00000008   Ven    RO          503    .text               c_5.l(_printf_longlong_dec.o)
    0x00038938   0x00000070   Code   RO          503    .text               c_5.l(_printf_longlong_dec.o)
    0x000389a8   0x00000008   Ven    RO          506    .text               c_5.l(_printf_oct_int_ll.o)
    0x000389b0   0x00000070   Code   RO          506    .text               c_5.l(_printf_oct_int_ll.o)
    0x00038a20   0x0000001e   Code   RO          525    .text               c_5.l(_chval.o)
    0x00038a3e   0x00000002   PAD
    0x00038a40   0x00000030   Code   RO          526    .text               c_5.l(scanf_char.o)
    0x00038a70   0x00000044   Code   RO          527    .text               c_5.l(_sgetc.o)
    0x00038ab4   0x00000070   Code   RO          528    .text               c_5.l(strtol.o)
    0x00038b24   0x00000080   Code   RO          531    .text               c_5.l(rt_memmove_w.o)
    0x00038ba4   0x0000002c   Code   RO          532    .text               c_5.l(rtudiv10.o)
    0x00038bd0   0x00000036   Code   RO          609    .text               c_5.l(h1_extend_mt.o)
    0x00038c06   0x00000002   PAD
    0x00038c08   0x00000098   Code   RO          610    .text               c_5.l(lludiv10.o)
    0x00038ca0   0x00000012   Code   RO          611    .text               c_5.l(isspace.o)
    0x00038cb2   0x00000002   PAD
    0x00038cb4   0x00000414   Code   RO          612    .text               c_5.l(_printf_fp_dec.o)
    0x000390c8   0x00000008   Ven    RO          613    .text               c_5.l(_printf_fp_hex.o)
    0x000390d0   0x000002d0   Code   RO          613    .text               c_5.l(_printf_fp_hex.o)
    0x000393a0   0x00000008   Ven    RO          616    .text               c_5.l(_printf_wchar.o)
    0x000393a8   0x0000002e   Code   RO          616    .text               c_5.l(_printf_wchar.o)
    0x000393d6   0x00000002   PAD
    0x000393d8   0x0000039c   Code   RO          617    .text               c_5.l(_scanf.o)
    0x00039774   0x000000a8   Code   RO          618    .text               c_5.l(_strtoul.o)
    0x0003981c   0x00000044   Code   RO          619    .text               c_5.l(_wcrtomb.o)
    0x00039860   0x0000000c   Code   RO          620    .text               c_5.l(defsig_rtmem_outer.o)
    0x0003986c   0x00000088   Code   RO          631    .text               c_5.l(_printf_fp_infnan.o)
    0x000398f4   0x000000d4   Code   RO          632    .text               c_5.l(bigflt0.o)
    0x000399c8   0x0000000c   Code   RO          647    .text               c_5.l(exit.o)
    0x000399d4   0x0000000c   Code   RO          648    .text               c_5.l(defsig_exit.o)
    0x000399e0   0x00000050   Code   RO          651    .text               c_5.l(defsig_rtmem_inner.o)
    0x00039a30   0x00000034   Code   RO          666    .text               c_5.l(defsig_general.o)
    0x00039a64   0x00000024   Code   RO          453    .text_udiv          c_5.l(aeabi_sdiv.o)
    0x00039a88   0x00000038   Code   RO          634    CL$$btod_d2e        c_5.l(btod.o)
    0x00039ac0   0x00000054   Code   RO          636    CL$$btod_d2e_denorm_low  c_5.l(btod.o)
    0x00039b14   0x00000068   Code   RO          635    CL$$btod_d2e_norm_op1  c_5.l(btod.o)
    0x00039b7c   0x00000348   Code   RO          644    CL$$btod_div_common  c_5.l(btod.o)
    0x00039ec4   0x000000dc   Code   RO          641    CL$$btod_e2e        c_5.l(btod.o)
    0x00039fa0   0x00000030   Code   RO          638    CL$$btod_ediv       c_5.l(btod.o)
    0x00039fd0   0x00000030   Code   RO          637    CL$$btod_emul       c_5.l(btod.o)
    0x0003a000   0x00000264   Code   RO          643    CL$$btod_mult_common  c_5.l(btod.o)
    0x0003a264   0x00000080   Code   RO          167    InitMPU             mpu.o
    0x0003a2e4   0x00000228   Code   RO           62    PORT_ASM            portasm.o
    0x0003a50c   0x00000008   Ven    RO          715    Veneer$$Code        anon$$obj.o
    0x0003a514   0x00000008   Ven    RO          716    Veneer$$Code        anon$$obj.o
    0x0003a51c   0x00000008   Ven    RO          717    Veneer$$Code        anon$$obj.o
    0x0003a524   0x00000008   Ven    RO          718    Veneer$$Code        anon$$obj.o
    0x0003a52c   0x00000008   Ven    RO          719    Veneer$$Code        anon$$obj.o
    0x0003a534   0x00000008   Ven    RO          720    Veneer$$Code        anon$$obj.o
    0x0003a53c   0x0000000c   Code   RO          264    i.__ARM_common_ll_mulss  wifi.lib(tls_wl_rf65.o)
    0x0003a548   0x00000018   Code   RO           16    i.__ARM_common_switch8  wm_cmdp_at.o
    0x0003a560   0x00000030   Code   RO          660    i.__ARM_fpclassify  m_5s.l(fpclassify.o)
    0x0003a590   0x0000000e   Code   RO          415    i._is_digit         c_5.l(__printf_wp.o)
    0x0003a59e   0x00000002   PAD
    0x0003a5a0   0x00000048   Code   RO          530    locale$$code        c_5.l(lc_ctype_c.o)
    0x0003a5e8   0x00000048   Code   RO          646    locale$$code        c_5.l(lc_numeric_c.o)
    0x0003a630   0x00000010   Code   RO          577    x$fpl$dcheck1       fz_5s.l(dcheck1.o)
    0x0003a640   0x00000070   Code   RO          462    x$fpl$dfix          fz_5s.l(dfix.o)
    0x0003a6b0   0x00000034   Code   RO          465    x$fpl$dflt          fz_5s.l(dflt_clz.o)
    0x0003a6e4   0x000000b8   Code   RO          578    x$fpl$dnaninf       fz_5s.l(dnaninf.o)
    0x0003a79c   0x00000008   Code   RO          658    x$fpl$ieeestatus    fz_5s.l(istatus.o)
    0x0003a7a4   0x00000004   Code   RO          579    x$fpl$printf1       fz_5s.l(printf1.o)
    0x0003a7a8   0x00000004   Code   RO          580    x$fpl$printf2       fz_5s.l(printf2.o)
    0x0003a7ac   0x00000074   Code   RO          626    x$fpl$retnan        fz_5s.l(retnan.o)
    0x0003a820   0x00000068   Code   RO          467    x$fpl$scalbn        fz_5s.l(scalbn.o)
    0x0003a888   0x0000003c   Code   RO          659    x$fpl$trapveneer    fz_5s.l(trapv.o)
    0x0003a8c4   0x00000000   Code   RO          583    x$fpl$usenofp       fz_5s.l(usenofp.o)
    0x0003a8c4   0x00000010   Data   RO            2    .constdata          httpclient.o
    0x0003a8d4   0x000000e9   Data   RO           12    .constdata          wm_cmdp_at.o
    0x0003a9bd   0x00000014   Data   RO           24    .constdata          wm_uart_task.o
    0x0003a9d1   0x00000004   Data   RO           38    .constdata          wm_main.o
    0x0003a9d5   0x00000006   Data   RO           39    .constdata          wm_main.o
    0x0003a9db   0x00000014   Data   RO           57    .constdata          tasks.o
    0x0003a9ef   0x00000001   PAD
    0x0003a9f0   0x00000090   Data   RO           69    .constdata          wm_uart.o
    0x0003aa80   0x00000010   Data   RO           96    .constdata          tls_netconn.o
    0x0003aa90   0x00000040   Data   RO          109    .constdata          sockets.o
    0x0003aad0   0x0000001e   Data   RO          119    .constdata          memp.o
    0x0003aaee   0x00000002   PAD
    0x0003aaf0   0x00000054   Data   RO          129    .constdata          tcp.o
    0x0003ab44   0x00000004   Data   RO          147    .constdata          ip_addr.o
    0x0003ab48   0x00000004   Data   RO          148    .constdata          ip_addr.o
    0x0003ab4c   0x0000000c   Data   RO          153    .constdata          etharp.o
    0x0003ab58   0x00000100   Data   RO          177    .constdata          utils.o
    0x0003ac58   0x00000053   Data   RO          214    .constdata          zc_sec_engine.o
    0x0003acab   0x00000001   PAD
    0x0003acac   0x000002a0   Data   RO          219    .constdata          bignum.o
    0x0003af4c   0x00002828   Data   RO          222    .constdata          aes_core.o
    0x0003d774   0x00000006   Data   RO          246    .constdata          wifi.lib(tls_wl_core.o)
    0x0003d77a   0x00000002   PAD
    0x0003d77c   0x00001078   Data   RO          254    .constdata          wifi.lib(tls_wl_rf65.o)
    0x0003e7f4   0x00000008   Data   RO          282    .constdata          wifi.lib(wm_param.o)
    0x0003e7fc   0x00000090   Data   RO          285    .constdata          wifi.lib(ap.o)
    0x0003e88c   0x000000b0   Data   RO          295    .constdata          wifi.lib(wpa.o)
    0x0003e93c   0x00000050   Data   RO          310    .constdata          wifi.lib(tls_wl_phy.o)
    0x0003e98c   0x00000006   Data   RO          315    .constdata          wifi.lib(tls_wl_rx.o)
    0x0003e992   0x00000002   PAD
    0x0003e994   0x00000068   Data   RO          325    .constdata          wifi.lib(hostapd.o)
    0x0003e9fc   0x00000020   Data   RO          330    .constdata          wifi.lib(random.o)
    0x0003ea1c   0x00001038   Data   RO          341    .constdata          wifi.lib(aesMatrix.o)
    0x0003fa54   0x00000028   Data   RO          408    .constdata          c_5.l(_printf_hex_int_ll_ptr.o)
    0x0003fa7c   0x00000011   Data   RO          420    .constdata          c_5.l(__printf_flags_ss_wp.o)
    0x0003fa8d   0x00000003   PAD
    0x0003fa90   0x00000008   Data   RO          502    .constdata          c_5.l(_printf_wctomb.o)
    0x0003fa98   0x00000026   Data   RO          614    .constdata          c_5.l(_printf_fp_hex.o)
    0x0003fabe   0x00000002   PAD
    0x0003fac0   0x00000094   Data   RO          633    .constdata          c_5.l(bigflt0.o)
    0x0003fb54   0x00000209   Data   RO           13    .conststring        wm_cmdp_at.o
    0x0003fd5d   0x00000068   Data   RO          130    .conststring        tcp.o
    0x0003fdc5   0x00000003   PAD
    0x0003fdc8   0x00000030   Data   RO          700    Region$$Table       anon$$obj.o
    0x0003fdf8   0x00000110   Data   RO          529    locale$$data        c_5.l(lc_ctype_c.o)
    0x0003ff08   0x0000001c   Data   RO          645    locale$$data        c_5.l(lc_numeric_c.o)


    Execution Region RW_RAM1 (Base: 0x0003ff24, Size: 0x00012ad0, Max: 0xffffffff, ABSOLUTE, COMPRESSED[0x00000954])

    Base Addr    Size         Type   Attr      Idx    E Section Name        Object

    0x0003ff24   0x00000004   Data   RW            7    .data               wm_httpclient_task.o
    0x0003ff28   0x00000018   Data   RW           10    .data               wm_cmdp.o
    0x0003ff40   0x00000454   Data   RW           14    .data               wm_cmdp_at.o
    0x00040394   0x00000008   Data   RW           19    .data               wm_cmdp_hostif.o
    0x0004039c   0x00000008   Data   RW           21    .data               wm_cmdp_ri.o
    0x000403a4   0x00000008   Data   RW           25    .data               wm_uart_task.o
    0x000403ac   0x00000010   Data   RW           28    .data               wm_cmdp_oneshot_task.o
    0x000403bc   0x00000041   Data   RW           31    .data               wm_wifi_oneshot.o
    0x000403fd   0x00000003   PAD
    0x00040400   0x00000008   Data   RW           42    .data               wm_main.o
    0x00040408   0x00000018   Data   RW           49    .data               heap_2.o
    0x00040420   0x00000010   Data   RW           54    .data               rtostimers.o
    0x00040430   0x00000054   Data   RW           58    .data               tasks.o
    0x00040484   0x00000004   Data   RW           60    .data               port.o
    0x00040488   0x00000004   Data   RW           65    .data               wm_hostspi.o
    0x0004048c   0x00000004   Data   RW           70    .data               wm_uart.o
    0x00040490   0x00000008   Data   RW           75    .data               wm_dma.o
    0x00040498   0x00000010   Data   RW           78    .data               wm_fls.o
    0x000404a8   0x00000044   Data   RW           80    .data               wm_fls_gd25qxx.o
    0x000404ec   0x00000001   Data   RW           85    .data               wm_irq.o
    0x000404ed   0x00000006   Data   RW           91    .data               wm_pwm.o
    0x000404f3   0x00000001   PAD
    0x000404f4   0x00000004   Data   RW           97    .data               tls_netconn.o
    0x000404f8   0x0000000c   Data   RW           99    .data               tcpip.o
    0x00040504   0x00000014   Data   RW          105    .data               netdb.o
    0x00040518   0x00000008   Data   RW          110    .data               sockets.o
    0x00040520   0x00000004   Data   RW          114    .data               dhcp.o
    0x00040524   0x00000014   Data   RW          117    .data               dns.o
    0x00040538   0x0000000c   Data   RW          121    .data               netif.o
    0x00040544   0x00000004   Data   RW          124    .data               raw.o
    0x00040548   0x00000028   Data   RW          131    .data               tcp.o
    0x00040570   0x0000001c   Data   RW          134    .data               tcp_in.o
    0x0004058c   0x00000004   Data   RW          138    .data               timers.o
    0x00040590   0x00000008   Data   RW          140    .data               udp.o
    0x00040598   0x00000014   Data   RW          144    .data               ip.o
    0x000405ac   0x00000008   Data   RW          150    .data               ip_frag.o
    0x000405b4   0x00000001   Data   RW          154    .data               etharp.o
    0x000405b5   0x00000003   PAD
    0x000405b8   0x00000008   Data   RW          158    .data               ethernet.o
    0x000405c0   0x00000002   Data   RW          162    .data               sys_arch.o
    0x000405c2   0x00000002   PAD
    0x000405c4   0x00000004   Data   RW          165    .data               retarget.o
    0x000405c8   0x00000004   Data   RW          174    .data               tls_sys.o
    0x000405cc   0x00000004   PAD
    0x000405d0   0x00000008   Data   RW          178    .data               utils.o
    0x000405d8   0x0000000c   Data   RW          181    .data               wm_fwup.o
    0x000405e4   0x0000000c   Data   RW          186    .data               user_main.o
    0x000405f0   0x00000001   Data   RW          197    .data               zc_hf_adpter.o
    0x000405f1   0x00000003   PAD
    0x000405f4   0x00000010   Data   RW          198    .data               zc_hf_adpter.o
    0x00040604   0x00000010   Data   RW          201    .data               zc_bc.o
    0x00040614   0x00000034   Data   RW          208    .data               zc_configuration.o
    0x00040648   0x00000440   Data   RW          226    .data               crc.o
    0x00040a88   0x0000000c   Data   RW          230    .data               ac_hal.o
    0x00040a94   0x00000048   Data   RW          242    .data               wifi.lib(wpa_supplicant.o)
    0x00040adc   0x00000004   Data   RW          247    .data               wifi.lib(tls_wl_core.o)
    0x00040ae0   0x00000001   Data   RW          249    .data               wifi.lib(tls_wl_if.o)
    0x00040ae1   0x00000020   Data   RW          255    .data               wifi.lib(tls_wl_rf65.o)
    0x00040b01   0x00000003   PAD
    0x00040b04   0x000003ba   Data   RW          256    .data               wifi.lib(tls_wl_rf65.o)
    0x00040ebe   0x0000000c   Data   RW          267    .data               wifi.lib(tls_wl_tx.o)
    0x00040eca   0x00000002   PAD
    0x00040ecc   0x00000004   Data   RW          271    .data               wifi.lib(wm_wifi_api.o)
    0x00040ed0   0x0000001c   Data   RW          274    .data               wifi.lib(wm_wifi_oneshot_api.o)
    0x00040eec   0x00000004   Data   RW          278    .data               wifi.lib(litepoint.o)
    0x00040ef0   0x00000008   Data   RW          279    .data               wifi.lib(litepoint.o)
    0x00040ef8   0x00000008   Data   RW          283    .data               wifi.lib(wm_param.o)
    0x00040f00   0x00000004   Data   RW          301    .data               wifi.lib(tls_wl_bss.o)
    0x00040f04   0x00000044   Data   RW          303    .data               wifi.lib(tls_wl_hw.o)
    0x00040f48   0x00000060   Data   RW          304    .data               wifi.lib(tls_wl_hw.o)
    0x00040fa8   0x000000a8   Data   RW          305    .data               wifi.lib(tls_wl_hw.o)
    0x00041050   0x00000228   Data   RW          312    .data               wifi.lib(tls_wl_rc.o)
    0x00041278   0x00000004   Data   RW          316    .data               wifi.lib(tls_wl_rx.o)
    0x0004127c   0x00000014   Data   RW          331    .data               wifi.lib(random.o)
    0x00041290   0x00000400   Zero   RW            6    .bss                wm_httpclient_task.o
    0x00041690   0x00000030   Zero   RW            9    .bss                wm_cmdp.o
    0x000416c0   0x000008f8   Zero   RW           18    .bss                wm_cmdp_hostif.o
    0x00041fb8   0x00000350   Zero   RW           23    .bss                wm_uart_task.o
    0x00042308   0x00000168   Zero   RW           30    .bss                wm_wifi_oneshot.o
    0x00042470   0x000004b0   Zero   RW           37    .bss                wm_main.o
    0x00042920   0x00003000   Zero   RW           48    .bss                heap_2.o
    0x00045920   0x00000028   Zero   RW           53    .bss                rtostimers.o
    0x00045948   0x00000582   Zero   RW           56    .bss                tasks.o
    0x00045eca   0x00000002   PAD
    0x00045ecc   0x00000220   Zero   RW           64    .bss                wm_hostspi.o
    0x000460ec   0x00000120   Zero   RW           68    .bss                wm_uart.o
    0x0004620c   0x00000200   Zero   RW           84    .bss                wm_irq.o
    0x0004640c   0x00000060   Zero   RW           90    .bss                wm_pwm.o
    0x0004646c   0x00000050   Zero   RW           95    .bss                tls_netconn.o
    0x000464bc   0x00000014   Zero   RW          104    .bss                netdb.o
    0x000464d0   0x000000c0   Zero   RW          108    .bss                sockets.o
    0x00046590   0x00000032   Zero   RW          113    .bss                dhcp.o
    0x000465c2   0x00000002   PAD
    0x000465c4   0x00000663   Zero   RW          116    .bss                dns.o
    0x00046c27   0x00000001   PAD
    0x00046c28   0x000000ba   Zero   RW          126    .bss                stats.o
    0x00046ce2   0x00000002   PAD
    0x00046ce4   0x00000010   Zero   RW          133    .bss                tcp_in.o
    0x00046cf4   0x00000014   Zero   RW          137    .bss                timers.o
    0x00046d08   0x00000010   Zero   RW          146    .bss                ip_addr.o
    0x00046d18   0x000000c8   Zero   RW          152    .bss                etharp.o
    0x00046de0   0x0000000c   Zero   RW          157    .bss                ethernet.o
    0x00046dec   0x00001000   Zero   RW          160    .bss                sys_arch.o
    0x00047dec   0x00000180   Zero   RW          164    .bss                retarget.o
    0x00047f6c   0x00000400   Zero   RW          173    .bss                tls_sys.o
    0x0004836c   0x00000420   Zero   RW          180    .bss                wm_fwup.o
    0x0004878c   0x0000191c   Zero   RW          185    .bss                user_main.o
    0x0004a0a8   0x00000d68   Zero   RW          189    .bss                zc_hf_adpter.o
    0x0004ae10   0x00000260   Zero   RW          190    .bss                zc_hf_adpter.o
    0x0004b070   0x00000260   Zero   RW          192    .bss                zc_hf_adpter.o
    0x0004b2d0   0x00000028   Zero   RW          193    .bss                zc_hf_adpter.o
    0x0004b2f8   0x00000720   Zero   RW          194    .bss                zc_hf_adpter.o
    0x0004ba18   0x00000028   Zero   RW          195    .bss                zc_hf_adpter.o
    0x0004ba40   0x00000258   Zero   RW          196    .bss                zc_hf_adpter.o
    0x0004bc98   0x00000028   Zero   RW          203    .bss                zc_client_manager.o
    0x0004bcc0   0x000001c0   Zero   RW          207    .bss                zc_configuration.o
    0x0004be80   0x00000088   Zero   RW          212    .bss                zc_protocol_controller.o
    0x0004bf08   0x00000050   Zero   RW          216    .bss                zc_timer.o
    0x0004bf58   0x00001868   Zero   RW          218    .bss                bignum.o
    0x0004d7c0   0x00000148   Zero   RW          224    .bss                rsa.o
    0x0004d908   0x00000200   Zero   RW          229    .bss                ac_hal.o
    0x0004db08   0x000000e4   Zero   RW          236    .bss                dhcp_server.o
    0x0004dbec   0x00000028   Zero   RW          238    .bss                dns_server.o
    0x0004dc14   0x00002200   Zero   RW          240    .bss                wifi.lib(wpa_supplicant.o)
    0x0004fe14   0x00001230   Zero   RW          244    .bss                wifi.lib(tls_wl_core.o)
    0x00051044   0x00000004   PAD
    0x00051048   0x00000084   Zero   RW          251    .bss                wifi.lib(tls_wl_rf65.o)
    0x000510cc   0x00000654   Zero   RW          266    .bss                wifi.lib(tls_wl_tx.o)
    0x00051720   0x00000021   Zero   RW          269    .bss                wifi.lib(tls_wl_util.o)
    0x00051741   0x00000003   PAD
    0x00051744   0x000007b8   Zero   RW          273    .bss                wifi.lib(wm_wifi_oneshot_api.o)
    0x00051efc   0x00000014   Zero   RW          276    .bss                wifi.lib(litepoint.o)
    0x00051f10   0x0000001c   Zero   RW          277    .bss                wifi.lib(litepoint.o)
    0x00051f2c   0x00000734   Zero   RW          281    .bss                wifi.lib(wm_param.o)
    0x00052660   0x000001f8   Zero   RW          314    .bss                wifi.lib(tls_wl_rx.o)
    0x00052858   0x00000021   Zero   RW          323    .bss                wifi.lib(common.o)
    0x00052879   0x00000003   PAD
    0x0005287c   0x00000094   Zero   RW          329    .bss                wifi.lib(random.o)
    0x00052910   0x000000e4   Zero   RW          434    .bss                c_5.l(rand.o)


    Execution Region HEAP (Base: 0x000529f4, Size: 0x0000d004, Max: 0xffffffff, ABSOLUTE, UNINIT)

    Base Addr    Size         Type   Attr      Idx    E Section Name        Object

    0x000529f4   0x00000004   PAD
    0x000529f8   0x0000d000   Zero   RW          169    HEAP                start.o


    Execution Region STACK (Base: 0x00067c00, Size: 0x00000220, Max: 0xffffffff, ABSOLUTE, UNINIT)

    Base Addr    Size         Type   Attr      Idx    E Section Name        Object

    0x00067c00   0x00000220   Zero   RW          168    STACK               start.o


==============================================================================

Image component sizes


      Code (inc. data)   RO Data    RW Data    ZI Data      Debug   Object Name

       748         12          0          0          0          0   ac_api.o
       672         54          0         12        512          0   ac_hal.o
       488          0          0          0          0          0   aes_cbc.o
      2800         98      10280          0          0          0   aes_core.o
      1116         52          0          0          0          0   api_lib.o
      3136         74          0          0          0          0   api_msg.o
      8756         40        672          0       6248          0   bignum.o
        76         12          0          0          0          0   clock.o
       168         18          0       1088          0          0   crc.o
        40          0          0          0          0          0   def.o
      3376         62          0          4         50          0   dhcp.o
      2290         50          0          0        228          0   dhcp_server.o
      1272         50          0         20       1635          0   dns.o
       848         16          0          0         40          0   dns_server.o
      1888         32         12          1        200          0   etharp.o
       640         48          0          8         12          0   ethernet.o
       256         16          0          0          0          0   ethernetif.o
       240         14          0         24      12288          0   heap_2.o
      4692        424         16          0          0          0   httpclient.o
       592         20          0          0          0          0   httpclientstring.o
       464          0          0          0          0          0   httpclientwrapper.o
       540         18          0          0          0          0   icmp.o
       504          0          0          0          0          0   inet_chksum.o
        36          0          0          0          0          0   init.o
       920         18          0         20          0          0   ip.o
       496         20          8          0         16          0   ip_addr.o
      1676         26          0          8          0          0   ip_frag.o
       140          0          0          0          0          0   list.o
        76         22          0          0          0          0   main.o
         0          0         30          0          0          0   memp.o
       128          4          0          0          0          0   mpu.o
       268          4          0          0          0          0   netbuf.o
       460         22          0         20         20          0   netdb.o
       536         12          0         12          0          0   netif.o
       204         12          0          0          0          0   netifapi.o
      1276         10          0          0          0          0   pbuf.o
       284         80          0          4          0          0   port.o
       552         16          0          0          0          0   portasm.o
      1150          0          0          0          0          0   queue.o
       392         16          0          4          0          0   raw.o
        72         10          0          4        384          0   retarget.o
       812         14          0          0        328          0   rsa.o
       840         22          0         16         40          0   rtostimers.o
      4032        122         64          8        192          0   sockets.o
       272         60          0          0      53792          0   start.o
         2          0          0          0        186          0   stats.o
       900         22          0          2       4096          0   sys_arch.o
      2460        142         20         84       1410          0   tasks.o
      2860         82        188         40          0          0   tcp.o
      3600        128          0         28         16          0   tcp_in.o
      3212         92          0          0          0          0   tcp_out.o
       720         50          0         12          0          0   tcpip.o
       564         52          0          4         20          0   timers.o
      3132        118         16          4         80          0   tls_netconn.o
       172          0          0          0          0          0   tls_sockets.o
       892         16          0          4       1024          0   tls_sys.o
      1140         34          0          8          0          0   udp.o
      1240        340          0         12       6428          0   user_main.o
      2032         64        256          8          0          0   utils.o
      3564        124          0         24         48          0   wm_cmdp.o
     13552        832        754       1108          0          0   wm_cmdp_at.o
      4228        244          0          8       2296          0   wm_cmdp_hostif.o
       408          8          0         16          0          0   wm_cmdp_oneshot_task.o
       116          6          0          8          0          0   wm_cmdp_ri.o
       144         34          0          0          0          0   wm_cpu.o
       296         54          0          8          0          0   wm_dma.o
       112          0          0          0          0          0   wm_efuse.o
      1516         16          0         16          0          0   wm_fls.o
       588          6          0         68          0          0   wm_fls_gd25qxx.o
      2140         62          0         12       1056          0   wm_fwup.o
       584         16          0          0          0          0   wm_gpio.o
      3924        118          0          4        544          0   wm_hostspi.o
       788        102          0          4       1024          0   wm_httpclient_task.o
       612         52          0          1        512          0   wm_irq.o
       308         22         10          8       1200          0   wm_main.o
        72          0          0          0          0          0   wm_mem.o
       484         24          0          6         96          0   wm_pwm.o
        72          4          0          0          0          0   wm_timer.o
      2168         68        144          4        288          0   wm_uart.o
      4036        168         20          8        848          0   wm_uart_task.o
       164         10          0          0          0          0   wm_uart_timer.o
      3448        336          0         65        360          0   wm_wifi_oneshot.o
       260         26          0         16          0          0   zc_bc.o
       708         18          0          0         40          0   zc_client_manager.o
       444          4          0          0          0          0   zc_cloud_event.o
       432        190          0          0          0          0   zc_common.o
       836         82          0         52        448          0   zc_configuration.o
      2560        644          0         17       7152          0   zc_hf_adpter.o
       608         52          0          0          0          0   zc_message_queue.o
      1132         28          0          0          0          0   zc_moudle_manager.o
      3524        708          0          0        136          0   zc_protocol_controller.o
      1100         64         83          0          0          0   zc_sec_engine.o
       272         80          0          0         80          0   zc_timer.o

    ----------------------------------------------------------------------
    128412       6966      12628       2928     105380          0   Object Totals
        56         24         48          0          0          0   (incl. Generated)
         6          0          7         16          7          0   (incl. Padding)

    ----------------------------------------------------------------------

      Code (inc. data)   RO Data    RW Data    ZI Data      Debug   Library Member Name

        64         10          0          0          0          0   __0sscanf.o
        28          6          0          0          0          0   __2printf.o
        44          4          0          0          0          0   __2sprintf.o
        92          0          0          0          0          0   __dczerorl2.o
         8          0          0          0          0          0   __main.o
       392          6         17          0          0          0   __printf_flags_ss_wp.o
        14          0          0          0          0          0   __printf_wp.o
        60          8          0          0          0          0   __scatter.o
        40          0          0          0          0          0   __scatter_copy.o
        44          0          0          0          0          0   __scatter_zi.o
        30          0          0          0          0          0   _chval.o
         8          0          0          0          0          0   _printf_a.o
         8          0          0          0          0          0   _printf_c.o
        54          0          0          0          0          0   _printf_char.o
        48          6          0          0          0          0   _printf_char_common.o
        40          6          0          0          0          0   _printf_char_file.o
        48          0          0          0          0          0   _printf_charcount.o
         8          0          0          0          0          0   _printf_d.o
       116         18          0          0          0          0   _printf_dec.o
         8          0          0          0          0          0   _printf_e.o
         8          0          0          0          0          0   _printf_f.o
      1044         14          0          0          0          0   _printf_fp_dec.o
       728          8         38          0          0          0   _printf_fp_hex.o
       136         16          0          0          0          0   _printf_fp_infnan.o
         8          0          0          0          0          0   _printf_g.o
       160          4         40          0          0          0   _printf_hex_int_ll_ptr.o
         8          0          0          0          0          0   _printf_i.o
       176          0          0          0          0          0   _printf_intcommon.o
        12          0          0          0          0          0   _printf_l.o
         8          0          0          0          0          0   _printf_lc.o
        12          0          0          0          0          0   _printf_ll.o
         8          0          0          0          0          0   _printf_lld.o
         8          0          0          0          0          0   _printf_lli.o
         8          0          0          0          0          0   _printf_llo.o
         8          0          0          0          0          0   _printf_llu.o
         8          0          0          0          0          0   _printf_llx.o
       120         18          0          0          0          0   _printf_longlong_dec.o
         8          0          0          0          0          0   _printf_ls.o
         8          0          0          0          0          0   _printf_n.o
         8          0          0          0          0          0   _printf_o.o
       120         10          0          0          0          0   _printf_oct_int_ll.o
         8          0          0          0          0          0   _printf_p.o
        78          0          0          0          0          0   _printf_pad.o
         0          0          0          0          0          0   _printf_percent.o
         8          0          0          0          0          0   _printf_percent_end.o
         8          0          0          0          0          0   _printf_s.o
        82          0          0          0          0          0   _printf_str.o
        44          0          0          0          0          0   _printf_truncate.o
         8          0          0          0          0          0   _printf_u.o
        54          0          0          0          0          0   _printf_wchar.o
       188          6          8          0          0          0   _printf_wctomb.o
         8          0          0          0          0          0   _printf_x.o
       924         14          0          0          0          0   _scanf.o
       330          0          0          0          0          0   _scanf_int.o
       228          0          0          0          0          0   _scanf_str.o
        68          0          0          0          0          0   _sgetc.o
        10          0          0          0          0          0   _sputc.o
       168          0          0          0          0          0   _strtoul.o
        68          0          0          0          0          0   _wcrtomb.o
        16          0          0          0          0          0   aeabi_memset.o
       416          0          0          0          0          0   aeabi_sdiv.o
        26          0          0          0          0          0   atoi.o
        26          0          0          0          0          0   atol.o
       212          6        148          0          0          0   bigflt0.o
      2012        128          0          0          0          0   btod.o
        12          0          0          0          0          0   defsig_exit.o
        52          0          0          0          0          0   defsig_general.o
        80         58          0          0          0          0   defsig_rtmem_inner.o
        12          0          0          0          0          0   defsig_rtmem_outer.o
        12          0          0          0          0          0   exit.o
       154          0          0          0          0          0   h1_alloc_mt.o
        54          0          0          0          0          0   h1_extend_mt.o
       116          0          0          0          0          0   h1_free_mt.o
        22          0          0          0          0          0   h1_init_mt.o
       220          0          0          0          0          0   h1_realloc_mt.o
         6          0          0          0          0          0   heapauxi.o
         4          0          0          0          0          0   hguard.o
       136          0          0          0          0          0   init_alloc.o
        18          0          0          0          0          0   isspace.o
        72          8        272          0          0          0   lc_ctype_c.o
        72          8         28          0          0          0   lc_numeric_c.o
         2          0          0          0          0          0   libinit.o
        42          0          0          0          0          0   libinit2.o
         2          0          0          0          0          0   libshutdown.o
         2          0          0          0          0          0   libshutdown2.o
        80          0          0          0          0          0   llsdiv.o
       152          0          0          0          0          0   lludiv10.o
       752         64          0          0          0          0   lludiv5.o
         0          0          0          0          0          0   maybetermalloc1.o
        24          0          0          0          0          0   memchr.o
       116          0          0          0          0          0   memcmp.o
        28          6          0          0          0          0   printf.o
       120         18          0          0        228          0   rand.o
        20          4          0          0          0          0   rt_ctype_table.o
         4          0          0          0          0          0   rt_errno_addr_onelibspace.o
        16          0          0          0          0          0   rt_heap_descriptor_onelibspace.o
        16          0          0          0          0          0   rt_locale_onelibspace.o
        64          0          0          0          0          0   rt_memclr.o
        84          0          0          0          0          0   rt_memclr_w.o
       212          0          0          0          0          0   rt_memcpy.o
       100          0          0          0          0          0   rt_memcpy_w.o
       212          0          0          0          0          0   rt_memmove.o
       128          0          0          0          0          0   rt_memmove_w.o
         0          0          0          0          0          0   rtentry.o
        44          4          0          0          0          0   rtentry2.o
         8          0          0          0          0          0   rtentry4.o
         4          0          0          0          0          0   rtexit.o
        12          0          0          0          0          0   rtexit2.o
        44          0          0          0          0          0   rtudiv10.o
        48          8          0          0          0          0   scanf_char.o
        24          0          0          0          0          0   strcat.o
        22          0          0          0          0          0   strchr.o
       160          4          0          0          0          0   strcmp.o
        76          4          0          0          0          0   strcpy.o
        68          6          0          0          0          0   strlen.o
       108          4          0          0          0          0   strncpy.o
        40          0          0          0          0          0   strstr.o
       112          4          0          0          0          0   strtol.o
        26          0          0          0          0          0   tolower.o
        30          0          0          0          0          0   toupper.o
        32          0          0          0          0          0   uread4.o
        32          0          0          0          0          0   uwrite4.o
        16          4          0          0          0          0   dcheck1.o
       112          4          0          0          0          0   dfix.o
        52          0          0          0          0          0   dflt_clz.o
       184          0          0          0          0          0   dnaninf.o
         8          0          0          0          0          0   istatus.o
         4          0          0          0          0          0   printf1.o
         4          0          0          0          0          0   printf2.o
       116          0          0          0          0          0   retnan.o
       104          0          0          0          0          0   scalbn.o
        60          0          0          0          0          0   trapv.o
         0          0          0          0          0          0   usenofp.o
        48          4          0          0          0          0   fpclassify.o
      2500         28       4152          0          0          0   aesMatrix.o
       172          0          0          0          0          0   aes_unwrap.o
       154          0          0          0          0          0   aes_wrap.o
      2078         28        144          0          0          0   ap.o
        56          0          0          0          0          0   ap_mlme.o
      1266          0          0          0          0          0   beacon.o
       644          0          0          0          0          0   bss.o
       304         16          0          0         33          0   common.o
      3416         18          0          0          0          0   events.o
       828         12        104          0          0          0   hostapd.o
      1380         22          0          0          0          0   hostapd_sta_info.o
       600          6          0          0          0          0   hostapd_wpa_driver.o
      2732         12          0          0          0          0   ieee802_11.o
       684          6          0          0          0          0   ieee802_11_common.o
       168          0          0          0          0          0   ieee802_1x.o
       700         26          0         12         48          0   litepoint.o
      2380        266          0          0          0          0   md5.o
       110          0          0          0          0          0   os_internal.o
       364         12         32         20        148          0   random.o
       262          0          0          0          0          0   rc4.o
       722          0          0          0          0          0   scan.o
       224          0          0          0          0          0   sha1-pbkdf2.o
       364          0          0          0          0          0   sha1.o
      4696         48          0          0          0          0   sha1_internal.o
       228          8          0          0          0          0   tkip_countermeasures.o
      2176         28          0          4          0          0   tls_wl_bss.o
      2124        150          6          4       4656          0   tls_wl_core.o
      3080        150          0        332          0          0   tls_wl_hw.o
      2636         30          0          1          0          0   tls_wl_if.o
       936          8          0          0          0          0   tls_wl_key.o
      3056         38          0          0          0          0   tls_wl_mgmt.o
      6568        104          0          0          0          0   tls_wl_mlme.o
        44          8         80          0          0          0   tls_wl_phy.o
      2388         24          0        552          0          0   tls_wl_rc.o
      4264        192       4216        986        132          0   tls_wl_rf65.o
      4792         92          6          4        504          0   tls_wl_rx.o
       880          6          0          0          0          0   tls_wl_scan.o
       924          8          0          0          0          0   tls_wl_sta_info.o
      4162         98          0         12       1620          0   tls_wl_tx.o
      1164         60          0          0         33          0   tls_wl_util.o
      3152        284          8          8       1844          0   wm_param.o
      2388         34          0          4          0          0   wm_wifi_api.o
      2168         54          0         28       1976          0   wm_wifi_oneshot_api.o
      4240        130        176          0          0          0   wpa.o
      5872        164          0          0          0          0   wpa_auth.o
       192          4          0          0          0          0   wpa_auth_glue.o
      1580         10          0          0          0          0   wpa_auth_ie.o
      1356         84          0          0          0          0   wpa_common.o
      1104          4          0          0          0          0   wpa_driver.o
       916         10          0          0          0          0   wpa_ie.o
      6936        280          0         72       8704          0   wpa_supplicant.o
       320          0          0          0          0          0   wpabuf.o
       324          0          0          0          0          0   wpas_glue.o

    ----------------------------------------------------------------------
    110376       3062       9484       2044      19940          0   Library Totals
        38          0          9          5         14          0   (incl. Padding)

    ----------------------------------------------------------------------

      Code (inc. data)   RO Data    RW Data    ZI Data      Debug   Library Name

     12856        488        551          0        228          0   c_5.l
       660          8          0          0          0          0   fz_5s.l
        48          4          0          0          0          0   m_5s.l
     96774       2562       8924       2039      19698          0   wifi.lib

    ----------------------------------------------------------------------
    110376       3062       9484       2044      19940          0   Library Totals

    ----------------------------------------------------------------------

==============================================================================


      Code (inc. data)   RO Data    RW Data    ZI Data      Debug   

    238788      10028      22112       4972     125320          0   Grand Totals
    238788      10028      22112       2388     125320          0   ELF Image Totals (compressed)
    238788      10028      22112       2388          0          0   ROM Totals

==============================================================================

    Total RO  Size (Code + RO Data)               260900 ( 254.79kB)
    Total RW  Size (RW Data + ZI Data)            130292 ( 127.24kB)
    Total ROM Size (Code + RO Data + RW Data)     263288 ( 257.12kB)

==============================================================================

