<html>
<body>
<pre>
<h1>礦ision Build Log</h1>
<h2>Project:</h2>
D:\IOT\winnermicro\git\winnermicro\Tools\Keil\Project\WM_SDK.uvproj
Project File Date:  12/23/2015

<h2>Output:</h2>
Build target 'WM_SDK'
linking...
Program Size: Code=239452 RO-data=22112 RW-data=4972 ZI-data=126136  
FromELF: creating hex file...
After Build - User command #1: fromelf .\objs\WM_SDK.axf --bin -o ..\..\..\Bin\WM_SDK.bin
After Build - User command #2: createimg.bat
D:\IOT\winnermicro\git\winnermicro\Tools\Keil\Project>copy WM_SDK.map ..\..\..\Bin 
已复制         1 个文件。
D:\IOT\winnermicro\git\winnermicro\Tools\Keil\Project>cd ..\..\..\Bin 
D:\IOT\winnermicro\git\winnermicro\Bin>WM_CreateImg.exe WM_SDK.bin WM_SDK.img 62161900 
D:\IOT\winnermicro\git\winnermicro\Bin>TL6_CreateImg.exe WM_SDK.bin WM_SDK.run 4 0x400  
D:\IOT\winnermicro\git\winnermicro\Bin>TL6_CreateImg.exe WM_SDK.bin WM_SDK.fls 4 0x400 0x3000 
D:\IOT\winnermicro\git\winnermicro\Bin>convertToHedImage.exe WM_SDK.bin WM_SDK_UART firm 0x400 0x400 
Check Sum = 0x432ca819
".\objs\WM_SDK.axf" - 0 Errors, 0 Warning(s).
Build target 'WM_SDK'
compiling zc_client_manager.c...
linking...
Program Size: Code=239468 RO-data=22112 RW-data=4972 ZI-data=126136  
FromELF: creating hex file...
After Build - User command #1: fromelf .\objs\WM_SDK.axf --bin -o ..\..\..\Bin\WM_SDK.bin
After Build - User command #2: createimg.bat
D:\IOT\winnermicro\git\winnermicro\Tools\Keil\Project>copy WM_SDK.map ..\..\..\Bin 
已复制         1 个文件。
D:\IOT\winnermicro\git\winnermicro\Tools\Keil\Project>cd ..\..\..\Bin 
D:\IOT\winnermicro\git\winnermicro\Bin>WM_CreateImg.exe WM_SDK.bin WM_SDK.img 62161900 
D:\IOT\winnermicro\git\winnermicro\Bin>TL6_CreateImg.exe WM_SDK.bin WM_SDK.run 4 0x400  
D:\IOT\winnermicro\git\winnermicro\Bin>TL6_CreateImg.exe WM_SDK.bin WM_SDK.fls 4 0x400 0x3000 
D:\IOT\winnermicro\git\winnermicro\Bin>convertToHedImage.exe WM_SDK.bin WM_SDK_UART firm 0x400 0x400 
Check Sum = 0x5f5ee1f9
".\objs\WM_SDK.axf" - 0 Errors, 0 Warning(s).
Rebuild target 'WM_SDK'
compiling HTTPClient.c...
compiling HTTPClientAuth.c...
compiling HTTPClientString.c...
compiling HTTPClientWrapper.c...
compiling wm_httpclient_task.c...
..\..\..\App\httpclient\wm_httpclient_task.c(123): warning:  #177-D: variable "datalen" was declared but never referenced
compiling wm_cmdp.c...
..\..\..\App\wm_atcmd\wm_cmdp.c(59): warning:  #223-D: function "tls_get_hw_version" declared implicitly
..\..\..\App\wm_atcmd\wm_cmdp.c(68): warning:  #223-D: function "tls_set_hw_version" declared implicitly
compiling wm_cmdp_at.c...
compiling wm_cmdp_hostif.c...
compiling wm_cmdp_ri.c...
compiling wm_hspi_task.c...
compiling wm_uart_task.c...
compiling wm_uart_timer.c...
compiling wm_cmdp_oneshot_task.c...
compiling wm_wifi_oneshot.c...
compiling main.c...
compiling wm_main.c...
compiling clock.c...
compiling croutine.c...
compiling heap_2.c...
compiling heap_3.c...
compiling list.c...
compiling queue.c...
compiling rtostimers.c...
compiling tasks.c...
compiling port.c...
assembling portASM.s...
compiling wm_hostspi.c...
compiling wm_timer.c...
compiling wm_uart.c...
compiling wm_dma.c...
compiling wm_efuse.c...
compiling wm_fls.c...
compiling wm_fls_gd25qxx.c...
compiling wm_gpio.c...
compiling wm_hspi.c...
compiling wm_cpu.c...
compiling wm_irq.c...
compiling wm_i2c.c...
compiling wm_adc.c...
compiling wm_pwm.c...
compiling wm_rtc.c...
compiling tls_sockets.c...
compiling tls_netconn.c...
compiling tcpip.c...
compiling api_lib.c...
compiling api_msg.c...
compiling err.c...
compiling netbuf.c...
compiling netdb.c...
compiling netifapi.c...
compiling sockets.c...
compiling def.c...
compiling dhcp.c...
compiling dns.c...
compiling init.c...
compiling mem.c...
compiling memp.c...
compiling netif.c...
compiling pbuf.c...
compiling raw.c...
compiling stats.c...
compiling sys.c...
compiling tcp.c...
..\..\..\Src\Network\lwip1.4.1\core\tcp.c(406): warning:  #186-D: pointless comparison of unsigned integer with zero
..\..\..\Src\Network\lwip1.4.1\core\tcp.c(1584): warning:  #186-D: pointless comparison of unsigned integer with zero
compiling tcp_in.c...
compiling tcp_out.c...
compiling timers.c...
compiling udp.c...
compiling autoip.c...
compiling icmp.c...
compiling igmp.c...
compiling inet.c...
compiling inet_chksum.c...
compiling ip.c...
compiling ip_addr.c...
compiling ip_frag.c...
compiling etharp.c...
compiling ethernetif.c...
compiling ethernet.c...
compiling sys_arch.c...
compiling retarget.c...
assembling mpu.s...
assembling start.s...
compiling tls_sys.c...
compiling wm_mem.c...
compiling utils.c...
compiling wm_fwup.c...
compiling user_flash.c...
compiling user_main.c...
compiling user_spi.c...
..\..\..\App\user\user_spi.c(5): warning:  #177-D: variable "temp" was declared but never referenced
compiling zc_hf_adpter.c...
..\..\..\App\Adapter\zc_hf_adpter.c(483): warning:  #223-D: function "tls_sys_reset" declared implicitly
compiling zc_bc.c...
compiling zc_client_manager.c...
compiling zc_cloud_event.c...
compiling zc_common.c...
compiling zc_configuration.c...
compiling zc_message_queue.c...
compiling zc_moudle_manager.c...
..\..\..\App\Adapter\ZC\src\zc\zc_moudle_manager.c(46): warning:  #223-D: function "printf" declared implicitly
compiling zc_protocol_controller.c...
compiling zc_sec_engine.c...
..\..\..\App\Adapter\ZC\src\zc\zc_sec_engine.c(23): warning: C4017W: s32Ret may be used before being set
..\..\..\App\Adapter\ZC\src\zc\zc_sec_engine.c(89): warning: C4017W: s32Ret may be used before being set
compiling zc_timer.c...
compiling bignum.c...
compiling aes_cbc.c...
compiling aes_core.c...
compiling rsa.c...
compiling crc.c...
compiling ac_api.c...
compiling ac_hal.c...
compiling dhcp_server.c...
compiling dns_server.c...
linking...
Program Size: Code=239468 RO-data=22112 RW-data=4972 ZI-data=126136  
FromELF: creating hex file...
After Build - User command #1: fromelf .\objs\WM_SDK.axf --bin -o ..\..\..\Bin\WM_SDK.bin
After Build - User command #2: createimg.bat
D:\IOT\winnermicro\git\winnermicro\Tools\Keil\Project>copy WM_SDK.map ..\..\..\Bin 
已复制         1 个文件。
D:\IOT\winnermicro\git\winnermicro\Tools\Keil\Project>cd ..\..\..\Bin 
D:\IOT\winnermicro\git\winnermicro\Bin>WM_CreateImg.exe WM_SDK.bin WM_SDK.img 62161900 
D:\IOT\winnermicro\git\winnermicro\Bin>TL6_CreateImg.exe WM_SDK.bin WM_SDK.run 4 0x400  
D:\IOT\winnermicro\git\winnermicro\Bin>TL6_CreateImg.exe WM_SDK.bin WM_SDK.fls 4 0x400 0x3000 
D:\IOT\winnermicro\git\winnermicro\Bin>convertToHedImage.exe WM_SDK.bin WM_SDK_UART firm 0x400 0x400 
Check Sum = 0x5e5cdefb
".\objs\WM_SDK.axf" - 0 Errors, 10 Warning(s).
Build target 'WM_SDK'
compiling zc_client_manager.c...
linking...
Program Size: Code=239508 RO-data=22112 RW-data=4972 ZI-data=126136  
FromELF: creating hex file...
After Build - User command #1: fromelf .\objs\WM_SDK.axf --bin -o ..\..\..\Bin\WM_SDK.bin
After Build - User command #2: createimg.bat
D:\IOT\winnermicro\git\winnermicro\Tools\Keil\Project>copy WM_SDK.map ..\..\..\Bin 
已复制         1 个文件。
D:\IOT\winnermicro\git\winnermicro\Tools\Keil\Project>cd ..\..\..\Bin 
D:\IOT\winnermicro\git\winnermicro\Bin>WM_CreateImg.exe WM_SDK.bin WM_SDK.img 62161900 
D:\IOT\winnermicro\git\winnermicro\Bin>TL6_CreateImg.exe WM_SDK.bin WM_SDK.run 4 0x400  
D:\IOT\winnermicro\git\winnermicro\Bin>TL6_CreateImg.exe WM_SDK.bin WM_SDK.fls 4 0x400 0x3000 
D:\IOT\winnermicro\git\winnermicro\Bin>convertToHedImage.exe WM_SDK.bin WM_SDK_UART firm 0x400 0x400 
Check Sum = 0x914205f0
".\objs\WM_SDK.axf" - 0 Errors, 0 Warning(s).
Build target 'WM_SDK'
linking...
Program Size: Code=239508 RO-data=22112 RW-data=4972 ZI-data=126136  
FromELF: creating hex file...
After Build - User command #1: fromelf .\objs\WM_SDK.axf --bin -o ..\..\..\Bin\WM_SDK.bin
After Build - User command #2: createimg.bat
D:\IOT\winnermicro\git\winnermicro\Tools\Keil\Project>copy WM_SDK.map ..\..\..\Bin 
已复制         1 个文件。
D:\IOT\winnermicro\git\winnermicro\Tools\Keil\Project>cd ..\..\..\Bin 
D:\IOT\winnermicro\git\winnermicro\Bin>WM_CreateImg.exe WM_SDK.bin WM_SDK.img 62161900 
D:\IOT\winnermicro\git\winnermicro\Bin>TL6_CreateImg.exe WM_SDK.bin WM_SDK.run 4 0x400  
D:\IOT\winnermicro\git\winnermicro\Bin>TL6_CreateImg.exe WM_SDK.bin WM_SDK.fls 4 0x400 0x3000 
D:\IOT\winnermicro\git\winnermicro\Bin>convertToHedImage.exe WM_SDK.bin WM_SDK_UART firm 0x400 0x400 
Check Sum = 0x914205f0
".\objs\WM_SDK.axf" - 0 Errors, 0 Warning(s).
Build target 'WM_SDK'
compiling zc_client_manager.c...
linking...
Program Size: Code=239520 RO-data=22112 RW-data=4976 ZI-data=126136  
FromELF: creating hex file...
After Build - User command #1: fromelf .\objs\WM_SDK.axf --bin -o ..\..\..\Bin\WM_SDK.bin
After Build - User command #2: createimg.bat
D:\IOT\winnermicro\git\winnermicro\Tools\Keil\Project>copy WM_SDK.map ..\..\..\Bin 
已复制         1 个文件。
D:\IOT\winnermicro\git\winnermicro\Tools\Keil\Project>cd ..\..\..\Bin 
D:\IOT\winnermicro\git\winnermicro\Bin>WM_CreateImg.exe WM_SDK.bin WM_SDK.img 62161900 
D:\IOT\winnermicro\git\winnermicro\Bin>TL6_CreateImg.exe WM_SDK.bin WM_SDK.run 4 0x400  
D:\IOT\winnermicro\git\winnermicro\Bin>TL6_CreateImg.exe WM_SDK.bin WM_SDK.fls 4 0x400 0x3000 
D:\IOT\winnermicro\git\winnermicro\Bin>convertToHedImage.exe WM_SDK.bin WM_SDK_UART firm 0x400 0x400 
Check Sum = 0xb4e47ade
".\objs\WM_SDK.axf" - 0 Errors, 0 Warning(s).
Build target 'WM_SDK'
compiling zc_client_manager.c...
linking...
Program Size: Code=239496 RO-data=22112 RW-data=4976 ZI-data=126136  
FromELF: creating hex file...
After Build - User command #1: fromelf .\objs\WM_SDK.axf --bin -o ..\..\..\Bin\WM_SDK.bin
After Build - User command #2: createimg.bat
D:\IOT\winnermicro\git\winnermicro\Tools\Keil\Project>copy WM_SDK.map ..\..\..\Bin 
已复制         1 个文件。
D:\IOT\winnermicro\git\winnermicro\Tools\Keil\Project>cd ..\..\..\Bin 
D:\IOT\winnermicro\git\winnermicro\Bin>WM_CreateImg.exe WM_SDK.bin WM_SDK.img 62161900 
D:\IOT\winnermicro\git\winnermicro\Bin>TL6_CreateImg.exe WM_SDK.bin WM_SDK.run 4 0x400  
D:\IOT\winnermicro\git\winnermicro\Bin>TL6_CreateImg.exe WM_SDK.bin WM_SDK.fls 4 0x400 0x3000 
D:\IOT\winnermicro\git\winnermicro\Bin>convertToHedImage.exe WM_SDK.bin WM_SDK_UART firm 0x400 0x400 
Check Sum = 0x2abc37a1
".\objs\WM_SDK.axf" - 0 Errors, 0 Warning(s).
Build target 'WM_SDK'
compiling ac_hal.c...
linking...
Program Size: Code=239508 RO-data=22112 RW-data=4972 ZI-data=126136  
FromELF: creating hex file...
After Build - User command #1: fromelf .\objs\WM_SDK.axf --bin -o ..\..\..\Bin\WM_SDK.bin
After Build - User command #2: createimg.bat
D:\IOT\winnermicro\git\winnermicro\Tools\Keil\Project>copy WM_SDK.map ..\..\..\Bin 
已复制         1 个文件。
D:\IOT\winnermicro\git\winnermicro\Tools\Keil\Project>cd ..\..\..\Bin 
D:\IOT\winnermicro\git\winnermicro\Bin>WM_CreateImg.exe WM_SDK.bin WM_SDK.img 62161900 
D:\IOT\winnermicro\git\winnermicro\Bin>TL6_CreateImg.exe WM_SDK.bin WM_SDK.run 4 0x400  
D:\IOT\winnermicro\git\winnermicro\Bin>TL6_CreateImg.exe WM_SDK.bin WM_SDK.fls 4 0x400 0x3000 
D:\IOT\winnermicro\git\winnermicro\Bin>convertToHedImage.exe WM_SDK.bin WM_SDK_UART firm 0x400 0x400 
Check Sum = 0x9fd39aff
".\objs\WM_SDK.axf" - 0 Errors, 0 Warning(s).
compiling ac_hal.c...
"..\..\..\App\Adapter\AC\src\ac_hal.c" - 0 Errors, 0 Warning(s).
Build target 'WM_SDK'
linking...
Program Size: Code=239508 RO-data=22112 RW-data=4972 ZI-data=126136  
FromELF: creating hex file...
After Build - User command #1: fromelf .\objs\WM_SDK.axf --bin -o ..\..\..\Bin\WM_SDK.bin
After Build - User command #2: createimg.bat
D:\IOT\winnermicro\git\winnermicro\Tools\Keil\Project>copy WM_SDK.map ..\..\..\Bin 
已复制         1 个文件。
D:\IOT\winnermicro\git\winnermicro\Tools\Keil\Project>cd ..\..\..\Bin 
D:\IOT\winnermicro\git\winnermicro\Bin>WM_CreateImg.exe WM_SDK.bin WM_SDK.img 62161900 
D:\IOT\winnermicro\git\winnermicro\Bin>TL6_CreateImg.exe WM_SDK.bin WM_SDK.run 4 0x400  
D:\IOT\winnermicro\git\winnermicro\Bin>TL6_CreateImg.exe WM_SDK.bin WM_SDK.fls 4 0x400 0x3000 
D:\IOT\winnermicro\git\winnermicro\Bin>convertToHedImage.exe WM_SDK.bin WM_SDK_UART firm 0x400 0x400 
Check Sum = 0x9fd39aff
".\objs\WM_SDK.axf" - 0 Errors, 0 Warning(s).
Build target 'WM_SDK'
compiling zc_hf_adpter.c...
..\..\..\App\Adapter\zc_hf_adpter.c(483): warning:  #223-D: function "tls_sys_reset" declared implicitly
compiling zc_client_manager.c...
linking...
Program Size: Code=239464 RO-data=22112 RW-data=4976 ZI-data=126136  
FromELF: creating hex file...
After Build - User command #1: fromelf .\objs\WM_SDK.axf --bin -o ..\..\..\Bin\WM_SDK.bin
After Build - User command #2: createimg.bat
D:\IOT\winnermicro\git\winnermicro\Tools\Keil\Project>copy WM_SDK.map ..\..\..\Bin 
已复制         1 个文件。
D:\IOT\winnermicro\git\winnermicro\Tools\Keil\Project>cd ..\..\..\Bin 
D:\IOT\winnermicro\git\winnermicro\Bin>WM_CreateImg.exe WM_SDK.bin WM_SDK.img 62161900 
D:\IOT\winnermicro\git\winnermicro\Bin>TL6_CreateImg.exe WM_SDK.bin WM_SDK.run 4 0x400  
D:\IOT\winnermicro\git\winnermicro\Bin>TL6_CreateImg.exe WM_SDK.bin WM_SDK.fls 4 0x400 0x3000 
D:\IOT\winnermicro\git\winnermicro\Bin>convertToHedImage.exe WM_SDK.bin WM_SDK_UART firm 0x400 0x400 
Check Sum = 0x5747724c
".\objs\WM_SDK.axf" - 0 Errors, 1 Warning(s).
Build target 'WM_SDK'
linking...
Program Size: Code=239464 RO-data=22112 RW-data=4976 ZI-data=126136  
FromELF: creating hex file...
After Build - User command #1: fromelf .\objs\WM_SDK.axf --bin -o ..\..\..\Bin\WM_SDK.bin
After Build - User command #2: createimg.bat
D:\IOT\winnermicro\git\winnermicro\Tools\Keil\Project>copy WM_SDK.map ..\..\..\Bin 
已复制         1 个文件。
D:\IOT\winnermicro\git\winnermicro\Tools\Keil\Project>cd ..\..\..\Bin 
D:\IOT\winnermicro\git\winnermicro\Bin>WM_CreateImg.exe WM_SDK.bin WM_SDK.img 62161900 
D:\IOT\winnermicro\git\winnermicro\Bin>TL6_CreateImg.exe WM_SDK.bin WM_SDK.run 4 0x400  
D:\IOT\winnermicro\git\winnermicro\Bin>TL6_CreateImg.exe WM_SDK.bin WM_SDK.fls 4 0x400 0x3000 
D:\IOT\winnermicro\git\winnermicro\Bin>convertToHedImage.exe WM_SDK.bin WM_SDK_UART firm 0x400 0x400 
Check Sum = 0x5747724c
".\objs\WM_SDK.axf" - 0 Errors, 0 Warning(s).
Build target 'WM_SDK'
compiling zc_hf_adpter.c...
..\..\..\App\Adapter\zc_hf_adpter.c(483): warning:  #223-D: function "tls_sys_reset" declared implicitly
linking...
Program Size: Code=239456 RO-data=22112 RW-data=4976 ZI-data=126136  
FromELF: creating hex file...
After Build - User command #1: fromelf .\objs\WM_SDK.axf --bin -o ..\..\..\Bin\WM_SDK.bin
After Build - User command #2: createimg.bat
D:\IOT\winnermicro\git\winnermicro\Tools\Keil\Project>copy WM_SDK.map ..\..\..\Bin 
已复制         1 个文件。
D:\IOT\winnermicro\git\winnermicro\Tools\Keil\Project>cd ..\..\..\Bin 
D:\IOT\winnermicro\git\winnermicro\Bin>WM_CreateImg.exe WM_SDK.bin WM_SDK.img 62161900 
D:\IOT\winnermicro\git\winnermicro\Bin>TL6_CreateImg.exe WM_SDK.bin WM_SDK.run 4 0x400  
D:\IOT\winnermicro\git\winnermicro\Bin>TL6_CreateImg.exe WM_SDK.bin WM_SDK.fls 4 0x400 0x3000 
D:\IOT\winnermicro\git\winnermicro\Bin>convertToHedImage.exe WM_SDK.bin WM_SDK_UART firm 0x400 0x400 
Check Sum = 0xecc97f81
".\objs\WM_SDK.axf" - 0 Errors, 1 Warning(s).
Build target 'WM_SDK'
compiling ac_hal.c...
linking...
Program Size: Code=239444 RO-data=22112 RW-data=4972 ZI-data=126136  
FromELF: creating hex file...
After Build - User command #1: fromelf .\objs\WM_SDK.axf --bin -o ..\..\..\Bin\WM_SDK.bin
After Build - User command #2: createimg.bat
D:\IOT\winnermicro\git\winnermicro\Tools\Keil\Project>copy WM_SDK.map ..\..\..\Bin 
已复制         1 个文件。
D:\IOT\winnermicro\git\winnermicro\Tools\Keil\Project>cd ..\..\..\Bin 
D:\IOT\winnermicro\git\winnermicro\Bin>WM_CreateImg.exe WM_SDK.bin WM_SDK.img 62161900 
D:\IOT\winnermicro\git\winnermicro\Bin>TL6_CreateImg.exe WM_SDK.bin WM_SDK.run 4 0x400  
D:\IOT\winnermicro\git\winnermicro\Bin>TL6_CreateImg.exe WM_SDK.bin WM_SDK.fls 4 0x400 0x3000 
D:\IOT\winnermicro\git\winnermicro\Bin>convertToHedImage.exe WM_SDK.bin WM_SDK_UART firm 0x400 0x400 
Check Sum = 0xf3082917
".\objs\WM_SDK.axf" - 0 Errors, 0 Warning(s).
Build target 'WM_SDK'
compiling zc_client_manager.c...
linking...
Program Size: Code=239428 RO-data=22112 RW-data=4972 ZI-data=126136  
FromELF: creating hex file...
After Build - User command #1: fromelf .\objs\WM_SDK.axf --bin -o ..\..\..\Bin\WM_SDK.bin
After Build - User command #2: createimg.bat
D:\IOT\winnermicro\git\winnermicro\Tools\Keil\Project>copy WM_SDK.map ..\..\..\Bin 
已复制         1 个文件。
D:\IOT\winnermicro\git\winnermicro\Tools\Keil\Project>cd ..\..\..\Bin 
D:\IOT\winnermicro\git\winnermicro\Bin>WM_CreateImg.exe WM_SDK.bin WM_SDK.img 62161900 
D:\IOT\winnermicro\git\winnermicro\Bin>TL6_CreateImg.exe WM_SDK.bin WM_SDK.run 4 0x400  
D:\IOT\winnermicro\git\winnermicro\Bin>TL6_CreateImg.exe WM_SDK.bin WM_SDK.fls 4 0x400 0x3000 
D:\IOT\winnermicro\git\winnermicro\Bin>convertToHedImage.exe WM_SDK.bin WM_SDK_UART firm 0x400 0x400 
Check Sum = 0x75730ec1
".\objs\WM_SDK.axf" - 0 Errors, 0 Warning(s).
Build target 'WM_SDK'
compiling zc_client_manager.c...
compiling ac_api.c...
linking...
Program Size: Code=239436 RO-data=22112 RW-data=4972 ZI-data=126136  
FromELF: creating hex file...
After Build - User command #1: fromelf .\objs\WM_SDK.axf --bin -o ..\..\..\Bin\WM_SDK.bin
After Build - User command #2: createimg.bat
D:\IOT\winnermicro\git\winnermicro\Tools\Keil\Project>copy WM_SDK.map ..\..\..\Bin 
已复制         1 个文件。
D:\IOT\winnermicro\git\winnermicro\Tools\Keil\Project>cd ..\..\..\Bin 
D:\IOT\winnermicro\git\winnermicro\Bin>WM_CreateImg.exe WM_SDK.bin WM_SDK.img 62161900 
D:\IOT\winnermicro\git\winnermicro\Bin>TL6_CreateImg.exe WM_SDK.bin WM_SDK.run 4 0x400  
D:\IOT\winnermicro\git\winnermicro\Bin>TL6_CreateImg.exe WM_SDK.bin WM_SDK.fls 4 0x400 0x3000 
D:\IOT\winnermicro\git\winnermicro\Bin>convertToHedImage.exe WM_SDK.bin WM_SDK_UART firm 0x400 0x400 
Check Sum = 0xd2b1233b
".\objs\WM_SDK.axf" - 0 Errors, 0 Warning(s).
compiling ac_hal.c...
"..\..\..\App\Adapter\AC\src\ac_hal.c" - 0 Errors, 0 Warning(s).
Build target 'WM_SDK'
compiling zc_hf_adpter.c...
..\..\..\App\Adapter\zc_hf_adpter.c(483): warning:  #223-D: function "tls_sys_reset" declared implicitly
compiling ac_api.c...
compiling ac_hal.c...
linking...
Program Size: Code=239456 RO-data=22112 RW-data=4976 ZI-data=126136  
FromELF: creating hex file...
After Build - User command #1: fromelf .\objs\WM_SDK.axf --bin -o ..\..\..\Bin\WM_SDK.bin
After Build - User command #2: createimg.bat
D:\IOT\winnermicro\git\winnermicro\Tools\Keil\Project>copy WM_SDK.map ..\..\..\Bin 
已复制         1 个文件。
D:\IOT\winnermicro\git\winnermicro\Tools\Keil\Project>cd ..\..\..\Bin 
D:\IOT\winnermicro\git\winnermicro\Bin>WM_CreateImg.exe WM_SDK.bin WM_SDK.img 62161900 
D:\IOT\winnermicro\git\winnermicro\Bin>TL6_CreateImg.exe WM_SDK.bin WM_SDK.run 4 0x400  
D:\IOT\winnermicro\git\winnermicro\Bin>TL6_CreateImg.exe WM_SDK.bin WM_SDK.fls 4 0x400 0x3000 
D:\IOT\winnermicro\git\winnermicro\Bin>convertToHedImage.exe WM_SDK.bin WM_SDK_UART firm 0x400 0x400 
Check Sum = 0xecc97f81
".\objs\WM_SDK.axf" - 0 Errors, 1 Warning(s).
Build target 'WM_SDK'
compiling main.c...
linking...
Program Size: Code=239456 RO-data=22112 RW-data=4976 ZI-data=127384  
FromELF: creating hex file...
After Build - User command #1: fromelf .\objs\WM_SDK.axf --bin -o ..\..\..\Bin\WM_SDK.bin
After Build - User command #2: createimg.bat
D:\IOT\winnermicro\git\winnermicro\Tools\Keil\Project>copy WM_SDK.map ..\..\..\Bin 
已复制         1 个文件。
D:\IOT\winnermicro\git\winnermicro\Tools\Keil\Project>cd ..\..\..\Bin 
D:\IOT\winnermicro\git\winnermicro\Bin>WM_CreateImg.exe WM_SDK.bin WM_SDK.img 62161900 
D:\IOT\winnermicro\git\winnermicro\Bin>TL6_CreateImg.exe WM_SDK.bin WM_SDK.run 4 0x400  
D:\IOT\winnermicro\git\winnermicro\Bin>TL6_CreateImg.exe WM_SDK.bin WM_SDK.fls 4 0x400 0x3000 
D:\IOT\winnermicro\git\winnermicro\Bin>convertToHedImage.exe WM_SDK.bin WM_SDK_UART firm 0x400 0x400 
Check Sum = 0xd5ad2790
".\objs\WM_SDK.axf" - 0 Errors, 0 Warning(s).
Build target 'WM_SDK'
compiling zc_hf_adpter.c...
..\..\..\App\Adapter\zc_hf_adpter.c(483): warning:  #223-D: function "tls_sys_reset" declared implicitly
linking...
Program Size: Code=239464 RO-data=22112 RW-data=4976 ZI-data=127384  
FromELF: creating hex file...
After Build - User command #1: fromelf .\objs\WM_SDK.axf --bin -o ..\..\..\Bin\WM_SDK.bin
After Build - User command #2: createimg.bat
D:\IOT\winnermicro\git\winnermicro\Tools\Keil\Project>copy WM_SDK.map ..\..\..\Bin 
已复制         1 个文件。
D:\IOT\winnermicro\git\winnermicro\Tools\Keil\Project>cd ..\..\..\Bin 
D:\IOT\winnermicro\git\winnermicro\Bin>WM_CreateImg.exe WM_SDK.bin WM_SDK.img 62161900 
D:\IOT\winnermicro\git\winnermicro\Bin>TL6_CreateImg.exe WM_SDK.bin WM_SDK.run 4 0x400  
D:\IOT\winnermicro\git\winnermicro\Bin>TL6_CreateImg.exe WM_SDK.bin WM_SDK.fls 4 0x400 0x3000 
D:\IOT\winnermicro\git\winnermicro\Bin>convertToHedImage.exe WM_SDK.bin WM_SDK_UART firm 0x400 0x400 
Check Sum = 0x40271a5f
".\objs\WM_SDK.axf" - 0 Errors, 1 Warning(s).
Build target 'WM_SDK'
linking...
Program Size: Code=239464 RO-data=22112 RW-data=4976 ZI-data=127384  
FromELF: creating hex file...
After Build - User command #1: fromelf .\objs\WM_SDK.axf --bin -o ..\..\..\Bin\WM_SDK.bin
After Build - User command #2: createimg.bat
D:\IOT\winnermicro\git\winnermicro\Tools\Keil\Project>copy WM_SDK.map ..\..\..\Bin 
已复制         1 个文件。
D:\IOT\winnermicro\git\winnermicro\Tools\Keil\Project>cd ..\..\..\Bin 
D:\IOT\winnermicro\git\winnermicro\Bin>WM_CreateImg.exe WM_SDK.bin WM_SDK.img 62161900 
D:\IOT\winnermicro\git\winnermicro\Bin>TL6_CreateImg.exe WM_SDK.bin WM_SDK.run 4 0x400  
D:\IOT\winnermicro\git\winnermicro\Bin>TL6_CreateImg.exe WM_SDK.bin WM_SDK.fls 4 0x400 0x3000 
D:\IOT\winnermicro\git\winnermicro\Bin>convertToHedImage.exe WM_SDK.bin WM_SDK_UART firm 0x400 0x400 
Check Sum = 0x40271a5f
".\objs\WM_SDK.axf" - 0 Errors, 0 Warning(s).
Build target 'WM_SDK'
compiling user_main.c...
linking...
Program Size: Code=239444 RO-data=22112 RW-data=4972 ZI-data=127384  
FromELF: creating hex file...
After Build - User command #1: fromelf .\objs\WM_SDK.axf --bin -o ..\..\..\Bin\WM_SDK.bin
After Build - User command #2: createimg.bat
D:\IOT\winnermicro\git\winnermicro\Tools\Keil\Project>copy WM_SDK.map ..\..\..\Bin 
已复制         1 个文件。
D:\IOT\winnermicro\git\winnermicro\Tools\Keil\Project>cd ..\..\..\Bin 
D:\IOT\winnermicro\git\winnermicro\Bin>WM_CreateImg.exe WM_SDK.bin WM_SDK.img 62161900 
D:\IOT\winnermicro\git\winnermicro\Bin>TL6_CreateImg.exe WM_SDK.bin WM_SDK.run 4 0x400  
D:\IOT\winnermicro\git\winnermicro\Bin>TL6_CreateImg.exe WM_SDK.bin WM_SDK.fls 4 0x400 0x3000 
D:\IOT\winnermicro\git\winnermicro\Bin>convertToHedImage.exe WM_SDK.bin WM_SDK_UART firm 0x400 0x400 
Check Sum = 0xf39933a0
".\objs\WM_SDK.axf" - 0 Errors, 0 Warning(s).
Build target 'WM_SDK'
compiling main.c...
linking...
Program Size: Code=239444 RO-data=22112 RW-data=4972 ZI-data=129432  
FromELF: creating hex file...
After Build - User command #1: fromelf .\objs\WM_SDK.axf --bin -o ..\..\..\Bin\WM_SDK.bin
After Build - User command #2: createimg.bat
D:\IOT\winnermicro\git\winnermicro\Tools\Keil\Project>copy WM_SDK.map ..\..\..\Bin 
已复制         1 个文件。
D:\IOT\winnermicro\git\winnermicro\Tools\Keil\Project>cd ..\..\..\Bin 
D:\IOT\winnermicro\git\winnermicro\Bin>WM_CreateImg.exe WM_SDK.bin WM_SDK.img 62161900 
D:\IOT\winnermicro\git\winnermicro\Bin>TL6_CreateImg.exe WM_SDK.bin WM_SDK.run 4 0x400  
D:\IOT\winnermicro\git\winnermicro\Bin>TL6_CreateImg.exe WM_SDK.bin WM_SDK.fls 4 0x400 0x3000 
D:\IOT\winnermicro\git\winnermicro\Bin>convertToHedImage.exe WM_SDK.bin WM_SDK_UART firm 0x400 0x400 
Check Sum = 0xf3939360
".\objs\WM_SDK.axf" - 0 Errors, 0 Warning(s).
Build target 'WM_SDK'
compiling zc_hf_adpter.c...
..\..\..\App\Adapter\zc_hf_adpter.c(483): warning:  #223-D: function "tls_sys_reset" declared implicitly
linking...
Program Size: Code=239436 RO-data=22112 RW-data=4972 ZI-data=129432  
FromELF: creating hex file...
After Build - User command #1: fromelf .\objs\WM_SDK.axf --bin -o ..\..\..\Bin\WM_SDK.bin
After Build - User command #2: createimg.bat
D:\IOT\winnermicro\git\winnermicro\Tools\Keil\Project>copy WM_SDK.map ..\..\..\Bin 
已复制         1 个文件。
D:\IOT\winnermicro\git\winnermicro\Tools\Keil\Project>cd ..\..\..\Bin 
D:\IOT\winnermicro\git\winnermicro\Bin>WM_CreateImg.exe WM_SDK.bin WM_SDK.img 62161900 
D:\IOT\winnermicro\git\winnermicro\Bin>TL6_CreateImg.exe WM_SDK.bin WM_SDK.run 4 0x400  
D:\IOT\winnermicro\git\winnermicro\Bin>TL6_CreateImg.exe WM_SDK.bin WM_SDK.fls 4 0x400 0x3000 
D:\IOT\winnermicro\git\winnermicro\Bin>convertToHedImage.exe WM_SDK.bin WM_SDK_UART firm 0x400 0x400 
Check Sum = 0xf68e4272
".\objs\WM_SDK.axf" - 0 Errors, 1 Warning(s).
Build target 'WM_SDK'
compiling ac_hal.c...
linking...
Program Size: Code=239424 RO-data=22112 RW-data=4976 ZI-data=129432  
FromELF: creating hex file...
After Build - User command #1: fromelf .\objs\WM_SDK.axf --bin -o ..\..\..\Bin\WM_SDK.bin
After Build - User command #2: createimg.bat
D:\IOT\winnermicro\git\winnermicro\Tools\Keil\Project>copy WM_SDK.map ..\..\..\Bin 
已复制         1 个文件。
D:\IOT\winnermicro\git\winnermicro\Tools\Keil\Project>cd ..\..\..\Bin 
D:\IOT\winnermicro\git\winnermicro\Bin>WM_CreateImg.exe WM_SDK.bin WM_SDK.img 62161900 
D:\IOT\winnermicro\git\winnermicro\Bin>TL6_CreateImg.exe WM_SDK.bin WM_SDK.run 4 0x400  
D:\IOT\winnermicro\git\winnermicro\Bin>TL6_CreateImg.exe WM_SDK.bin WM_SDK.fls 4 0x400 0x3000 
D:\IOT\winnermicro\git\winnermicro\Bin>convertToHedImage.exe WM_SDK.bin WM_SDK_UART firm 0x400 0x400 
Check Sum = 0x6c8c1ca3
".\objs\WM_SDK.axf" - 0 Errors, 0 Warning(s).
Build target 'WM_SDK'
compiling ac_hal.c...
..\..\..\App\Adapter\AC\src\ac_hal.c(317): warning:  #550-D: variable "struMsgHead" was set but never used
..\..\..\App\Adapter\AC\src\ac_hal.c(318): warning:  #177-D: variable "pu8SendData" was declared but never referenced
..\..\..\App\Adapter\AC\src\ac_hal.c(319): warning:  #177-D: variable "Packetlen" was declared but never referenced
linking...
Program Size: Code=239380 RO-data=22112 RW-data=4972 ZI-data=129432  
FromELF: creating hex file...
After Build - User command #1: fromelf .\objs\WM_SDK.axf --bin -o ..\..\..\Bin\WM_SDK.bin
After Build - User command #2: createimg.bat
D:\IOT\winnermicro\git\winnermicro\Tools\Keil\Project>copy WM_SDK.map ..\..\..\Bin 
已复制         1 个文件。
D:\IOT\winnermicro\git\winnermicro\Tools\Keil\Project>cd ..\..\..\Bin 
D:\IOT\winnermicro\git\winnermicro\Bin>WM_CreateImg.exe WM_SDK.bin WM_SDK.img 62161900 
D:\IOT\winnermicro\git\winnermicro\Bin>TL6_CreateImg.exe WM_SDK.bin WM_SDK.run 4 0x400  
D:\IOT\winnermicro\git\winnermicro\Bin>TL6_CreateImg.exe WM_SDK.bin WM_SDK.fls 4 0x400 0x3000 
D:\IOT\winnermicro\git\winnermicro\Bin>convertToHedImage.exe WM_SDK.bin WM_SDK_UART firm 0x400 0x400 
Check Sum = 0xf928286a
".\objs\WM_SDK.axf" - 0 Errors, 3 Warning(s).
Build target 'WM_SDK'
compiling main.c...
compiling ac_hal.c...
linking...
Program Size: Code=239424 RO-data=22112 RW-data=4976 ZI-data=129432  
FromELF: creating hex file...
After Build - User command #1: fromelf .\objs\WM_SDK.axf --bin -o ..\..\..\Bin\WM_SDK.bin
After Build - User command #2: createimg.bat
D:\IOT\winnermicro\git\winnermicro\Tools\Keil\Project>copy WM_SDK.map ..\..\..\Bin 
已复制         1 个文件。
D:\IOT\winnermicro\git\winnermicro\Tools\Keil\Project>cd ..\..\..\Bin 
D:\IOT\winnermicro\git\winnermicro\Bin>WM_CreateImg.exe WM_SDK.bin WM_SDK.img 62161900 
D:\IOT\winnermicro\git\winnermicro\Bin>TL6_CreateImg.exe WM_SDK.bin WM_SDK.run 4 0x400  
D:\IOT\winnermicro\git\winnermicro\Bin>TL6_CreateImg.exe WM_SDK.bin WM_SDK.fls 4 0x400 0x3000 
D:\IOT\winnermicro\git\winnermicro\Bin>convertToHedImage.exe WM_SDK.bin WM_SDK_UART firm 0x400 0x400 
Check Sum = 0x6c8c1ca3
".\objs\WM_SDK.axf" - 0 Errors, 0 Warning(s).
Rebuild target 'WM_SDK'
compiling HTTPClient.c...
compiling HTTPClientAuth.c...
compiling HTTPClientString.c...
compiling HTTPClientWrapper.c...
compiling wm_httpclient_task.c...
..\..\..\App\httpclient\wm_httpclient_task.c(123): warning:  #177-D: variable "datalen" was declared but never referenced
compiling wm_cmdp.c...
..\..\..\App\wm_atcmd\wm_cmdp.c(59): warning:  #223-D: function "tls_get_hw_version" declared implicitly
..\..\..\App\wm_atcmd\wm_cmdp.c(68): warning:  #223-D: function "tls_set_hw_version" declared implicitly
compiling wm_cmdp_at.c...
compiling wm_cmdp_hostif.c...
compiling wm_cmdp_ri.c...
compiling wm_hspi_task.c...
compiling wm_uart_task.c...
compiling wm_uart_timer.c...
compiling wm_cmdp_oneshot_task.c...
compiling wm_wifi_oneshot.c...
compiling main.c...
compiling wm_main.c...
compiling clock.c...
compiling croutine.c...
compiling heap_2.c...
compiling heap_3.c...
compiling list.c...
compiling queue.c...
compiling rtostimers.c...
compiling tasks.c...
compiling port.c...
assembling portASM.s...
compiling wm_hostspi.c...
compiling wm_timer.c...
compiling wm_uart.c...
compiling wm_dma.c...
compiling wm_efuse.c...
compiling wm_fls.c...
compiling wm_fls_gd25qxx.c...
compiling wm_gpio.c...
compiling wm_hspi.c...
compiling wm_cpu.c...
compiling wm_irq.c...
compiling wm_i2c.c...
compiling wm_adc.c...
compiling wm_pwm.c...
compiling wm_rtc.c...
compiling tls_sockets.c...
compiling tls_netconn.c...
compiling tcpip.c...
compiling api_lib.c...
compiling api_msg.c...
compiling err.c...
compiling netbuf.c...
compiling netdb.c...
compiling netifapi.c...
compiling sockets.c...
compiling def.c...
compiling dhcp.c...
compiling dns.c...
compiling init.c...
compiling mem.c...
compiling memp.c...
compiling netif.c...
compiling pbuf.c...
compiling raw.c...
compiling stats.c...
compiling sys.c...
compiling tcp.c...
..\..\..\Src\Network\lwip1.4.1\core\tcp.c(406): warning:  #186-D: pointless comparison of unsigned integer with zero
..\..\..\Src\Network\lwip1.4.1\core\tcp.c(1584): warning:  #186-D: pointless comparison of unsigned integer with zero
compiling tcp_in.c...
compiling tcp_out.c...
compiling timers.c...
compiling udp.c...
compiling autoip.c...
compiling icmp.c...
compiling igmp.c...
compiling inet.c...
compiling inet_chksum.c...
compiling ip.c...
compiling ip_addr.c...
compiling ip_frag.c...
compiling etharp.c...
compiling ethernetif.c...
compiling ethernet.c...
compiling sys_arch.c...
compiling retarget.c...
assembling mpu.s...
assembling start.s...
compiling tls_sys.c...
compiling wm_mem.c...
compiling utils.c...
compiling wm_fwup.c...
compiling user_flash.c...
compiling user_main.c...
compiling user_spi.c...
..\..\..\App\user\user_spi.c(5): warning:  #177-D: variable "temp" was declared but never referenced
compiling zc_hf_adpter.c...
..\..\..\App\Adapter\zc_hf_adpter.c(483): warning:  #223-D: function "tls_sys_reset" declared implicitly
compiling zc_bc.c...
compiling zc_client_manager.c...
compiling zc_cloud_event.c...
compiling zc_common.c...
compiling zc_configuration.c...
compiling zc_message_queue.c...
compiling zc_moudle_manager.c...
..\..\..\App\Adapter\ZC\src\zc\zc_moudle_manager.c(46): warning:  #223-D: function "printf" declared implicitly
compiling zc_protocol_controller.c...
compiling zc_sec_engine.c...
..\..\..\App\Adapter\ZC\src\zc\zc_sec_engine.c(23): warning: C4017W: s32Ret may be used before being set
..\..\..\App\Adapter\ZC\src\zc\zc_sec_engine.c(89): warning: C4017W: s32Ret may be used before being set
compiling zc_timer.c...
compiling bignum.c...
compiling aes_cbc.c...
compiling aes_core.c...
compiling rsa.c...
compiling crc.c...
compiling ac_api.c...
compiling ac_hal.c...
compiling dhcp_server.c...
compiling dns_server.c...
linking...
Program Size: Code=239424 RO-data=22112 RW-data=4976 ZI-data=129432  
FromELF: creating hex file...
After Build - User command #1: fromelf .\objs\WM_SDK.axf --bin -o ..\..\..\Bin\WM_SDK.bin
After Build - User command #2: createimg.bat
D:\IOT\winnermicro\git\winnermicro\Tools\Keil\Project>copy WM_SDK.map ..\..\..\Bin 
已复制         1 个文件。
D:\IOT\winnermicro\git\winnermicro\Tools\Keil\Project>cd ..\..\..\Bin 
D:\IOT\winnermicro\git\winnermicro\Bin>WM_CreateImg.exe WM_SDK.bin WM_SDK.img 62161900 
D:\IOT\winnermicro\git\winnermicro\Bin>TL6_CreateImg.exe WM_SDK.bin WM_SDK.run 4 0x400  
D:\IOT\winnermicro\git\winnermicro\Bin>TL6_CreateImg.exe WM_SDK.bin WM_SDK.fls 4 0x400 0x3000 
D:\IOT\winnermicro\git\winnermicro\Bin>convertToHedImage.exe WM_SDK.bin WM_SDK_UART firm 0x400 0x400 
Check Sum = 0x6a8b23a0
".\objs\WM_SDK.axf" - 0 Errors, 10 Warning(s).
Build target 'WM_SDK'
compiling ac_hal.c...
..\..\..\App\Adapter\AC\src\ac_hal.c(317): warning:  #550-D: variable "struMsgHead" was set but never used
..\..\..\App\Adapter\AC\src\ac_hal.c(318): warning:  #177-D: variable "pu8SendData" was declared but never referenced
..\..\..\App\Adapter\AC\src\ac_hal.c(319): warning:  #177-D: variable "Packetlen" was declared but never referenced
linking...
Program Size: Code=239380 RO-data=22112 RW-data=4972 ZI-data=129432  
FromELF: creating hex file...
After Build - User command #1: fromelf .\objs\WM_SDK.axf --bin -o ..\..\..\Bin\WM_SDK.bin
After Build - User command #2: createimg.bat
D:\IOT\winnermicro\git\winnermicro\Tools\Keil\Project>copy WM_SDK.map ..\..\..\Bin 
已复制         1 个文件。
D:\IOT\winnermicro\git\winnermicro\Tools\Keil\Project>cd ..\..\..\Bin 
D:\IOT\winnermicro\git\winnermicro\Bin>WM_CreateImg.exe WM_SDK.bin WM_SDK.img 62161900 
D:\IOT\winnermicro\git\winnermicro\Bin>TL6_CreateImg.exe WM_SDK.bin WM_SDK.run 4 0x400  
D:\IOT\winnermicro\git\winnermicro\Bin>TL6_CreateImg.exe WM_SDK.bin WM_SDK.fls 4 0x400 0x3000 
D:\IOT\winnermicro\git\winnermicro\Bin>convertToHedImage.exe WM_SDK.bin WM_SDK_UART firm 0x400 0x400 
Check Sum = 0xf7272f67
".\objs\WM_SDK.axf" - 0 Errors, 3 Warning(s).
Build target 'WM_SDK'
linking...
Program Size: Code=239380 RO-data=22112 RW-data=4972 ZI-data=129432  
FromELF: creating hex file...
After Build - User command #1: fromelf .\objs\WM_SDK.axf --bin -o ..\..\..\Bin\WM_SDK.bin
After Build - User command #2: createimg.bat
D:\IOT\winnermicro\git\winnermicro\Tools\Keil\Project>copy WM_SDK.map ..\..\..\Bin 
已复制         1 个文件。
D:\IOT\winnermicro\git\winnermicro\Tools\Keil\Project>cd ..\..\..\Bin 
D:\IOT\winnermicro\git\winnermicro\Bin>WM_CreateImg.exe WM_SDK.bin WM_SDK.img 62161900 
D:\IOT\winnermicro\git\winnermicro\Bin>TL6_CreateImg.exe WM_SDK.bin WM_SDK.run 4 0x400  
D:\IOT\winnermicro\git\winnermicro\Bin>TL6_CreateImg.exe WM_SDK.bin WM_SDK.fls 4 0x400 0x3000 
D:\IOT\winnermicro\git\winnermicro\Bin>convertToHedImage.exe WM_SDK.bin WM_SDK_UART firm 0x400 0x400 
Check Sum = 0xf7272f67
".\objs\WM_SDK.axf" - 0 Errors, 0 Warning(s).
Build target 'WM_SDK'
compiling ac_hal.c...
linking...
Program Size: Code=239424 RO-data=22112 RW-data=4976 ZI-data=129432  
FromELF: creating hex file...
After Build - User command #1: fromelf .\objs\WM_SDK.axf --bin -o ..\..\..\Bin\WM_SDK.bin
After Build - User command #2: createimg.bat
D:\IOT\winnermicro\git\winnermicro\Tools\Keil\Project>copy WM_SDK.map ..\..\..\Bin 
已复制         1 个文件。
D:\IOT\winnermicro\git\winnermicro\Tools\Keil\Project>cd ..\..\..\Bin 
D:\IOT\winnermicro\git\winnermicro\Bin>WM_CreateImg.exe WM_SDK.bin WM_SDK.img 62161900 
D:\IOT\winnermicro\git\winnermicro\Bin>TL6_CreateImg.exe WM_SDK.bin WM_SDK.run 4 0x400  
D:\IOT\winnermicro\git\winnermicro\Bin>TL6_CreateImg.exe WM_SDK.bin WM_SDK.fls 4 0x400 0x3000 
D:\IOT\winnermicro\git\winnermicro\Bin>convertToHedImage.exe WM_SDK.bin WM_SDK_UART firm 0x400 0x400 
Check Sum = 0x6a8b23a0
".\objs\WM_SDK.axf" - 0 Errors, 0 Warning(s).
Build target 'WM_SDK'
compiling zc_hf_adpter.c...
..\..\..\App\Adapter\zc_hf_adpter.c(242): warning:  #223-D: function "AC_RecvMessage" declared implicitly
..\..\..\App\Adapter\zc_hf_adpter.c(486): warning:  #223-D: function "tls_sys_reset" declared implicitly
linking...
Program Size: Code=239288 RO-data=22112 RW-data=4976 ZI-data=129432  
FromELF: creating hex file...
After Build - User command #1: fromelf .\objs\WM_SDK.axf --bin -o ..\..\..\Bin\WM_SDK.bin
After Build - User command #2: createimg.bat
D:\IOT\winnermicro\git\winnermicro\Tools\Keil\Project>copy WM_SDK.map ..\..\..\Bin 
已复制         1 个文件。
D:\IOT\winnermicro\git\winnermicro\Tools\Keil\Project>cd ..\..\..\Bin 
D:\IOT\winnermicro\git\winnermicro\Bin>WM_CreateImg.exe WM_SDK.bin WM_SDK.img 62161900 
D:\IOT\winnermicro\git\winnermicro\Bin>TL6_CreateImg.exe WM_SDK.bin WM_SDK.run 4 0x400  
D:\IOT\winnermicro\git\winnermicro\Bin>TL6_CreateImg.exe WM_SDK.bin WM_SDK.fls 4 0x400 0x3000 
D:\IOT\winnermicro\git\winnermicro\Bin>convertToHedImage.exe WM_SDK.bin WM_SDK_UART firm 0x400 0x400 
Check Sum = 0x80c7939c
".\objs\WM_SDK.axf" - 0 Errors, 2 Warning(s).
Build target 'WM_SDK'
compiling zc_hf_adpter.c...
..\..\..\App\Adapter\zc_hf_adpter.c(487): warning:  #223-D: function "tls_sys_reset" declared implicitly
linking...
Program Size: Code=239288 RO-data=22112 RW-data=4976 ZI-data=129432  
FromELF: creating hex file...
After Build - User command #1: fromelf .\objs\WM_SDK.axf --bin -o ..\..\..\Bin\WM_SDK.bin
After Build - User command #2: createimg.bat
D:\IOT\winnermicro\git\winnermicro\Tools\Keil\Project>copy WM_SDK.map ..\..\..\Bin 
已复制         1 个文件。
D:\IOT\winnermicro\git\winnermicro\Tools\Keil\Project>cd ..\..\..\Bin 
D:\IOT\winnermicro\git\winnermicro\Bin>WM_CreateImg.exe WM_SDK.bin WM_SDK.img 62161900 
D:\IOT\winnermicro\git\winnermicro\Bin>TL6_CreateImg.exe WM_SDK.bin WM_SDK.run 4 0x400  
D:\IOT\winnermicro\git\winnermicro\Bin>TL6_CreateImg.exe WM_SDK.bin WM_SDK.fls 4 0x400 0x3000 
D:\IOT\winnermicro\git\winnermicro\Bin>convertToHedImage.exe WM_SDK.bin WM_SDK_UART firm 0x400 0x400 
Check Sum = 0x80c7939c
".\objs\WM_SDK.axf" - 0 Errors, 1 Warning(s).
Build target 'WM_SDK'
compiling zc_hf_adpter.c...
..\..\..\App\Adapter\zc_hf_adpter.c(487): warning:  #223-D: function "tls_sys_reset" declared implicitly
compiling ac_hal.c...
linking...
Program Size: Code=239308 RO-data=22112 RW-data=4972 ZI-data=129432  
FromELF: creating hex file...
After Build - User command #1: fromelf .\objs\WM_SDK.axf --bin -o ..\..\..\Bin\WM_SDK.bin
After Build - User command #2: createimg.bat
D:\IOT\winnermicro\git\winnermicro\Tools\Keil\Project>copy WM_SDK.map ..\..\..\Bin 
已复制         1 个文件。
D:\IOT\winnermicro\git\winnermicro\Tools\Keil\Project>cd ..\..\..\Bin 
D:\IOT\winnermicro\git\winnermicro\Bin>WM_CreateImg.exe WM_SDK.bin WM_SDK.img 62161900 
D:\IOT\winnermicro\git\winnermicro\Bin>TL6_CreateImg.exe WM_SDK.bin WM_SDK.run 4 0x400  
D:\IOT\winnermicro\git\winnermicro\Bin>TL6_CreateImg.exe WM_SDK.bin WM_SDK.fls 4 0x400 0x3000 
D:\IOT\winnermicro\git\winnermicro\Bin>convertToHedImage.exe WM_SDK.bin WM_SDK_UART firm 0x400 0x400 
Check Sum = 0x6c00b291
".\objs\WM_SDK.axf" - 0 Errors, 1 Warning(s).
Build target 'WM_SDK'
compiling main.c...
..\..\..\App\main.c(48): warning:  #177-D: variable "Status" was declared but never referenced
compiling zc_hf_adpter.c...
..\..\..\App\Adapter\zc_hf_adpter.c(477): warning:  #223-D: function "tls_sys_reset" declared implicitly
linking...
Program Size: Code=239004 RO-data=22112 RW-data=4972 ZI-data=125320  
FromELF: creating hex file...
After Build - User command #1: fromelf .\objs\WM_SDK.axf --bin -o ..\..\..\Bin\WM_SDK.bin
After Build - User command #2: createimg.bat
D:\IOT\winnermicro\git\winnermicro\Tools\Keil\Project>copy WM_SDK.map ..\..\..\Bin 
已复制         1 个文件。
D:\IOT\winnermicro\git\winnermicro\Tools\Keil\Project>cd ..\..\..\Bin 
D:\IOT\winnermicro\git\winnermicro\Bin>WM_CreateImg.exe WM_SDK.bin WM_SDK.img 62161900 
D:\IOT\winnermicro\git\winnermicro\Bin>TL6_CreateImg.exe WM_SDK.bin WM_SDK.run 4 0x400  
D:\IOT\winnermicro\git\winnermicro\Bin>TL6_CreateImg.exe WM_SDK.bin WM_SDK.fls 4 0x400 0x3000 
D:\IOT\winnermicro\git\winnermicro\Bin>convertToHedImage.exe WM_SDK.bin WM_SDK_UART firm 0x400 0x400 
Check Sum = 0x4290f915
".\objs\WM_SDK.axf" - 0 Errors, 2 Warning(s).
Build target 'WM_SDK'
compiling main.c...
linking...
Program Size: Code=239004 RO-data=22112 RW-data=4972 ZI-data=125320  
FromELF: creating hex file...
After Build - User command #1: fromelf .\objs\WM_SDK.axf --bin -o ..\..\..\Bin\WM_SDK.bin
After Build - User command #2: createimg.bat
D:\IOT\winnermicro\git\winnermicro\Tools\Keil\Project>copy WM_SDK.map ..\..\..\Bin 
已复制         1 个文件。
D:\IOT\winnermicro\git\winnermicro\Tools\Keil\Project>cd ..\..\..\Bin 
D:\IOT\winnermicro\git\winnermicro\Bin>WM_CreateImg.exe WM_SDK.bin WM_SDK.img 62161900 
D:\IOT\winnermicro\git\winnermicro\Bin>TL6_CreateImg.exe WM_SDK.bin WM_SDK.run 4 0x400  
D:\IOT\winnermicro\git\winnermicro\Bin>TL6_CreateImg.exe WM_SDK.bin WM_SDK.fls 4 0x400 0x3000 
D:\IOT\winnermicro\git\winnermicro\Bin>convertToHedImage.exe WM_SDK.bin WM_SDK_UART firm 0x400 0x400 
Check Sum = 0x4290f915
".\objs\WM_SDK.axf" - 0 Errors, 0 Warning(s).
Build target 'WM_SDK'
compiling zc_moudle_manager.c...
compiling ac_hal.c...
linking...
Program Size: Code=238888 RO-data=22112 RW-data=4968 ZI-data=125320  
FromELF: creating hex file...
After Build - User command #1: fromelf .\objs\WM_SDK.axf --bin -o ..\..\..\Bin\WM_SDK.bin
After Build - User command #2: createimg.bat
D:\IOT\winnermicro\git\winnermicro\Tools\Keil\Project>copy WM_SDK.map ..\..\..\Bin 
已复制         1 个文件。
D:\IOT\winnermicro\git\winnermicro\Tools\Keil\Project>cd ..\..\..\Bin 
D:\IOT\winnermicro\git\winnermicro\Bin>WM_CreateImg.exe WM_SDK.bin WM_SDK.img 62161900 
D:\IOT\winnermicro\git\winnermicro\Bin>TL6_CreateImg.exe WM_SDK.bin WM_SDK.run 4 0x400  
D:\IOT\winnermicro\git\winnermicro\Bin>TL6_CreateImg.exe WM_SDK.bin WM_SDK.fls 4 0x400 0x3000 
D:\IOT\winnermicro\git\winnermicro\Bin>convertToHedImage.exe WM_SDK.bin WM_SDK_UART firm 0x400 0x400 
Check Sum = 0x4033ee54
".\objs\WM_SDK.axf" - 0 Errors, 0 Warning(s).
Build target 'WM_SDK'
compiling user_main.c...
compiling zc_client_manager.c...
linking...
Program Size: Code=238868 RO-data=22112 RW-data=4972 ZI-data=125320  
FromELF: creating hex file...
After Build - User command #1: fromelf .\objs\WM_SDK.axf --bin -o ..\..\..\Bin\WM_SDK.bin
After Build - User command #2: createimg.bat
D:\IOT\winnermicro\git\winnermicro\Tools\Keil\Project>copy WM_SDK.map ..\..\..\Bin 
已复制         1 个文件。
D:\IOT\winnermicro\git\winnermicro\Tools\Keil\Project>cd ..\..\..\Bin 
D:\IOT\winnermicro\git\winnermicro\Bin>WM_CreateImg.exe WM_SDK.bin WM_SDK.img 62161900 
D:\IOT\winnermicro\git\winnermicro\Bin>TL6_CreateImg.exe WM_SDK.bin WM_SDK.run 4 0x400  
D:\IOT\winnermicro\git\winnermicro\Bin>TL6_CreateImg.exe WM_SDK.bin WM_SDK.fls 4 0x400 0x3000 
D:\IOT\winnermicro\git\winnermicro\Bin>convertToHedImage.exe WM_SDK.bin WM_SDK_UART firm 0x400 0x400 
Check Sum = 0xe1ae8cc3
".\objs\WM_SDK.axf" - 0 Errors, 0 Warning(s).
Build target 'WM_SDK'
linking...
Program Size: Code=238868 RO-data=22112 RW-data=4972 ZI-data=125320  
FromELF: creating hex file...
After Build - User command #1: fromelf .\objs\WM_SDK.axf --bin -o ..\..\..\Bin\WM_SDK.bin
After Build - User command #2: createimg.bat
D:\IOT\winnermicro\git\winnermicro\Tools\Keil\Project>copy WM_SDK.map ..\..\..\Bin 
已复制         1 个文件。
D:\IOT\winnermicro\git\winnermicro\Tools\Keil\Project>cd ..\..\..\Bin 
D:\IOT\winnermicro\git\winnermicro\Bin>WM_CreateImg.exe WM_SDK.bin WM_SDK.img 62161900 
D:\IOT\winnermicro\git\winnermicro\Bin>TL6_CreateImg.exe WM_SDK.bin WM_SDK.run 4 0x400  
D:\IOT\winnermicro\git\winnermicro\Bin>TL6_CreateImg.exe WM_SDK.bin WM_SDK.fls 4 0x400 0x3000 
D:\IOT\winnermicro\git\winnermicro\Bin>convertToHedImage.exe WM_SDK.bin WM_SDK_UART firm 0x400 0x400 
Check Sum = 0xe1ae8cc3
".\objs\WM_SDK.axf" - 0 Errors, 0 Warning(s).
Build target 'WM_SDK'
compiling zc_hf_adpter.c...
..\..\..\App\Adapter\zc_hf_adpter.c(475): warning:  #223-D: function "tls_sys_reset" declared implicitly
linking...
Program Size: Code=238784 RO-data=22112 RW-data=4968 ZI-data=125320  
FromELF: creating hex file...
After Build - User command #1: fromelf .\objs\WM_SDK.axf --bin -o ..\..\..\Bin\WM_SDK.bin
After Build - User command #2: createimg.bat
D:\IOT\winnermicro\git\winnermicro\Tools\Keil\Project>copy WM_SDK.map ..\..\..\Bin 
已复制         1 个文件。
D:\IOT\winnermicro\git\winnermicro\Tools\Keil\Project>cd ..\..\..\Bin 
D:\IOT\winnermicro\git\winnermicro\Bin>WM_CreateImg.exe WM_SDK.bin WM_SDK.img 62161900 
D:\IOT\winnermicro\git\winnermicro\Bin>TL6_CreateImg.exe WM_SDK.bin WM_SDK.run 4 0x400  
D:\IOT\winnermicro\git\winnermicro\Bin>TL6_CreateImg.exe WM_SDK.bin WM_SDK.fls 4 0x400 0x3000 
D:\IOT\winnermicro\git\winnermicro\Bin>convertToHedImage.exe WM_SDK.bin WM_SDK_UART firm 0x400 0x400 
Check Sum = 0xadc4bfca
".\objs\WM_SDK.axf" - 0 Errors, 1 Warning(s).
Build target 'WM_SDK'
compiling HTTPClient.c...
compiling HTTPClientAuth.c...
compiling HTTPClientString.c...
compiling HTTPClientWrapper.c...
compiling wm_httpclient_task.c...
..\..\..\App\httpclient\wm_httpclient_task.c(123): warning:  #177-D: variable "datalen" was declared but never referenced
compiling wm_cmdp.c...
..\..\..\App\wm_atcmd\wm_cmdp.c(59): warning:  #223-D: function "tls_get_hw_version" declared implicitly
..\..\..\App\wm_atcmd\wm_cmdp.c(68): warning:  #223-D: function "tls_set_hw_version" declared implicitly
compiling wm_cmdp_at.c...
compiling wm_cmdp_hostif.c...
compiling wm_cmdp_ri.c...
compiling wm_hspi_task.c...
compiling wm_uart_task.c...
compiling wm_uart_timer.c...
compiling wm_cmdp_oneshot_task.c...
compiling wm_wifi_oneshot.c...
compiling main.c...
compiling wm_main.c...
compiling clock.c...
compiling croutine.c...
compiling heap_2.c...
compiling heap_3.c...
compiling list.c...
compiling queue.c...
compiling rtostimers.c...
compiling tasks.c...
compiling port.c...
compiling wm_hostspi.c...
compiling wm_timer.c...
compiling wm_uart.c...
compiling wm_dma.c...
compiling wm_efuse.c...
compiling wm_fls.c...
compiling wm_fls_gd25qxx.c...
compiling wm_gpio.c...
compiling wm_hspi.c...
compiling wm_cpu.c...
compiling wm_irq.c...
compiling wm_i2c.c...
compiling wm_adc.c...
compiling wm_pwm.c...
compiling wm_rtc.c...
compiling tls_sockets.c...
compiling tls_netconn.c...
compiling tcpip.c...
compiling api_lib.c...
compiling api_msg.c...
compiling err.c...
compiling netbuf.c...
compiling netdb.c...
compiling netifapi.c...
compiling sockets.c...
compiling def.c...
compiling dhcp.c...
compiling dns.c...
compiling init.c...
compiling mem.c...
compiling memp.c...
compiling netif.c...
compiling pbuf.c...
compiling raw.c...
compiling stats.c...
compiling sys.c...
compiling tcp.c...
..\..\..\Src\Network\lwip1.4.1\core\tcp.c(406): warning:  #186-D: pointless comparison of unsigned integer with zero
..\..\..\Src\Network\lwip1.4.1\core\tcp.c(1584): warning:  #186-D: pointless comparison of unsigned integer with zero
compiling tcp_in.c...
compiling tcp_out.c...
compiling timers.c...
compiling udp.c...
compiling autoip.c...
compiling icmp.c...
compiling igmp.c...
compiling inet.c...
compiling inet_chksum.c...
compiling ip.c...
compiling ip_addr.c...
compiling ip_frag.c...
compiling etharp.c...
compiling ethernetif.c...
compiling ethernet.c...
compiling sys_arch.c...
compiling retarget.c...
compiling tls_sys.c...
compiling wm_mem.c...
compiling utils.c...
compiling wm_fwup.c...
compiling user_flash.c...
compiling user_main.c...
compiling user_spi.c...
..\..\..\App\user\user_spi.c(5): warning:  #177-D: variable "temp" was declared but never referenced
compiling zc_hf_adpter.c...
..\..\..\App\Adapter\zc_hf_adpter.c(475): warning:  #223-D: function "tls_sys_reset" declared implicitly
compiling zc_bc.c...
compiling zc_client_manager.c...
compiling zc_cloud_event.c...
compiling zc_common.c...
compiling zc_configuration.c...
compiling zc_message_queue.c...
compiling zc_moudle_manager.c...
compiling zc_protocol_controller.c...
compiling zc_sec_engine.c...
..\..\..\App\Adapter\ZC\src\zc\zc_sec_engine.c(23): warning: C4017W: s32Ret may be used before being set
..\..\..\App\Adapter\ZC\src\zc\zc_sec_engine.c(89): warning: C4017W: s32Ret may be used before being set
compiling zc_timer.c...
compiling bignum.c...
compiling aes_cbc.c...
compiling aes_core.c...
compiling rsa.c...
compiling crc.c...
compiling ac_api.c...
compiling ac_hal.c...
compiling dhcp_server.c...
compiling dns_server.c...
linking...
Program Size: Code=238788 RO-data=22112 RW-data=4972 ZI-data=125320  
FromELF: creating hex file...
After Build - User command #1: fromelf .\objs\WM_SDK.axf --bin -o ..\..\..\Bin\WM_SDK.bin
After Build - User command #2: createimg.bat
D:\IOT\winnermicro\git\winnermicro\Tools\Keil\Project>copy WM_SDK.map ..\..\..\Bin 
已复制         1 个文件。
D:\IOT\winnermicro\git\winnermicro\Tools\Keil\Project>cd ..\..\..\Bin 
D:\IOT\winnermicro\git\winnermicro\Bin>WM_CreateImg.exe WM_SDK.bin WM_SDK.img 62161900 
D:\IOT\winnermicro\git\winnermicro\Bin>TL6_CreateImg.exe WM_SDK.bin WM_SDK.run 4 0x400  
D:\IOT\winnermicro\git\winnermicro\Bin>TL6_CreateImg.exe WM_SDK.bin WM_SDK.fls 4 0x400 0x3000 
D:\IOT\winnermicro\git\winnermicro\Bin>convertToHedImage.exe WM_SDK.bin WM_SDK_UART firm 0x400 0x400 
Check Sum = 0x820d66a1
".\objs\WM_SDK.axf" - 0 Errors, 9 Warning(s).
